<html>
<body>
<pre>
<h1>µVision Build Log</h1>
<h2>Tool Versions:</h2>
IDE-Version: µVision V5.30.0.0
Copyright (C) 2020 ARM Ltd and ARM Germany GmbH. All rights reserved.
License Information: Thuan Le, ThuanLe, LIC=03C74-FCW3L-VE0HA-1IMNG-CCLL2-09JL7
 
Tool Versions:
Toolchain:       MDK-ARM Plus  Version: 5.30.0.0
Toolchain Path:  C:\Keil_v5\ARM\ARMCC\Bin
C Compiler:      Armcc.exe V5.06 update 6 (build 750)
Assembler:       Armasm.exe V5.06 update 6 (build 750)
Linker/Locator:  ArmLink.exe V5.06 update 6 (build 750)
Library Manager: ArmAr.exe V5.06 update 6 (build 750)
Hex Converter:   FromElf.exe V5.06 update 6 (build 750)
CPU DLL:         
Dialog DLL:      
Target DLL:      Segger\JL2CM3.dll V2.99.38.0
Dialog DLL:      TCM.DLL V1.42.0.0
 
<h2>Project:</h2>
D:\OneDrive\00_Upwork\2022\11_Nooelec Inc, Firmware Developer for Ant+Bluetooth\01_Firmware\nordic-nrf52840-ant\src\ant_usb_dongle.uvprojx
Project File Date:  02/03/2022

<h2>Output:</h2>
*** Using Compiler 'V5.06 update 6 (build 750)', folder: 'C:\Keil_v5\ARM\ARMCC\Bin'
Build target 'nrf52840_xxaa'
compiling app_usbd_core.c...
linking...
Program Size: Code=44752 RO-data=4720 RW-data=524 ZI-data=12876  
FromELF: creating hex file...
".\_build\nrf52840_xxaa.axf" - 0 Error(s), 0 Warning(s).

<h2>Software Packages used:</h2>

Package Vendor: ARM
                http://www.keil.com/pack/ARM.CMSIS.5.6.0.pack
                ARM.CMSIS.5.6.0
                CMSIS (Cortex Microcontroller Software Interface Standard)
   * Component: CORE Version: 5.3.0

Package Vendor: NordicSemiconductor
                http://developer.nordicsemi.com/nRF5_SDK/pieces/nRF_DeviceFamilyPack/NordicSemiconductor.nRF_DeviceFamilyPack.8.35.0.pack
                NordicSemiconductor.nRF_DeviceFamilyPack.8.35.0
                Nordic Semiconductor nRF ARM devices Device Family Pack with BSD license.
   * Component: Startup Version: 8.35.0

<h2>Collection of Component include folders:</h2>
  .\RTE\_nrf52840_xxaa
  C:\Keil_v5\ARM\PACK\ARM\CMSIS\5.6.0\CMSIS\Core\Include
  C:\Keil_v5\ARM\PACK\NordicSemiconductor\nRF_DeviceFamilyPack\8.35.0\Device\Include

<h2>Collection of Component Files used:</h2>

   * Component: ARM::CMSIS:CORE:5.3.0

   * Component: NordicSemiconductor::Device:Startup:8.35.0
      Source file:   Device\Source\arm\arm_startup_nrf52840.s
      Source file:   Device\Source\system_nrf52840.c
      Include file:  Device\Include\system_nrf.h
      Include file:  Device\Include\system_nrf52840.h
Build Time Elapsed:  00:00:03
</pre>
</body>
</html>
