Component: ARM Compiler 5.06 update 6 (build 750) Tool: armlink [4d35ed]

==============================================================================

Section Cross References

    main.o(i.bsp_event_callback) refers to app_usbd_cdc_acm.o(i.app_usbd_cdc_acm_serial_state_notify) for app_usbd_cdc_acm_serial_state_notify
    main.o(i.bsp_event_callback) refers to main.o(.data) for .data
    main.o(i.bsp_event_callback) refers to main.o(.constdata) for .constdata
    main.o(i.cdc_acm_user_ev_handler) refers to boards.o(i.bsp_board_led_off) for bsp_board_led_off
    main.o(i.cdc_acm_user_ev_handler) refers to boards.o(i.bsp_board_led_on) for bsp_board_led_on
    main.o(i.cdc_acm_user_ev_handler) refers to app_usbd_cdc_acm.o(i.app_usbd_cdc_acm_read) for app_usbd_cdc_acm_read
    main.o(i.cdc_acm_user_ev_handler) refers to app_usbd_cdc_acm.o(i.app_usbd_cdc_acm_bytes_stored) for app_usbd_cdc_acm_bytes_stored
    main.o(i.cdc_acm_user_ev_handler) refers to nrf_log_frontend.o(i.nrf_log_frontend_std_1) for nrf_log_frontend_std_1
    main.o(i.cdc_acm_user_ev_handler) refers to app_usbd_cdc_acm.o(i.app_usbd_cdc_acm_rx_size) for app_usbd_cdc_acm_rx_size
    main.o(i.cdc_acm_user_ev_handler) refers to nrf_log_frontend.o(i.nrf_log_frontend_std_2) for nrf_log_frontend_std_2
    main.o(i.cdc_acm_user_ev_handler) refers to boards.o(i.bsp_board_led_invert) for bsp_board_led_invert
    main.o(i.cdc_acm_user_ev_handler) refers to main.o(.data) for .data
    main.o(i.cdc_acm_user_ev_handler) refers to main.o(.constdata) for .constdata
    main.o(i.cdc_acm_user_ev_handler) refers to nrf_log_frontend.o(log_dynamic_data) for m_nrf_log_app_logs_data_dynamic
    main.o(i.cdc_acm_user_ev_handler) refers to nrf_log_frontend.o(log_const_data) for m_nrf_log_app_logs_data_const
    main.o(i.init_cli) refers to bsp_cli.o(i.bsp_cli_init) for bsp_cli_init
    main.o(i.init_cli) refers to app_error.o(i.app_error_handler_bare) for app_error_handler_bare
    main.o(i.init_cli) refers to memmovea.o(.text) for __aeabi_memcpy4
    main.o(i.init_cli) refers to nrf_cli.o(i.nrf_cli_init) for nrf_cli_init
    main.o(i.init_cli) refers to nrf_cli.o(i.nrf_cli_start) for nrf_cli_start
    main.o(i.init_cli) refers to main.o(i.bsp_event_callback) for bsp_event_callback
    main.o(i.init_cli) refers to main.o(.constdata) for .constdata
    main.o(i.main) refers to nrf_log_frontend.o(i.nrf_log_init) for nrf_log_init
    main.o(i.main) refers to app_error.o(i.app_error_handler_bare) for app_error_handler_bare
    main.o(i.main) refers to nrf_drv_clock.o(i.nrf_drv_clock_init) for nrf_drv_clock_init
    main.o(i.main) refers to nrf_drv_clock.o(i.nrf_drv_clock_lfclk_request) for nrf_drv_clock_lfclk_request
    main.o(i.main) refers to nrf_drv_clock.o(i.nrf_drv_clock_lfclk_is_running) for nrf_drv_clock_lfclk_is_running
    main.o(i.main) refers to app_timer2.o(i.app_timer_init) for app_timer_init
    main.o(i.main) refers to bsp.o(i.bsp_init) for bsp_init
    main.o(i.main) refers to bsp.o(i.bsp_event_to_button_action_assign) for bsp_event_to_button_action_assign
    main.o(i.main) refers to boards.o(i.bsp_board_init) for bsp_board_init
    main.o(i.main) refers to main.o(i.init_cli) for init_cli
    main.o(i.main) refers to app_usbd_serial_num.o(i.app_usbd_serial_num_generate) for app_usbd_serial_num_generate
    main.o(i.main) refers to app_usbd.o(i.app_usbd_init) for app_usbd_init
    main.o(i.main) refers to nrf_log_frontend.o(i.nrf_log_frontend_std_0) for nrf_log_frontend_std_0
    main.o(i.main) refers to app_usbd.o(i.app_usbd_class_append) for app_usbd_class_append
    main.o(i.main) refers to app_usbd.o(i.app_usbd_power_events_enable) for app_usbd_power_events_enable
    main.o(i.main) refers to app_usbd.o(i.app_usbd_event_queue_process) for app_usbd_event_queue_process
    main.o(i.main) refers to printf8.o(i.__0sprintf$8) for __2sprintf
    main.o(i.main) refers to app_usbd_cdc_acm.o(i.app_usbd_cdc_acm_write) for app_usbd_cdc_acm_write
    main.o(i.main) refers to nrf_cli.o(i.nrf_cli_process) for nrf_cli_process
    main.o(i.main) refers to nrf_log_frontend.o(i.nrf_log_frontend_dequeue) for nrf_log_frontend_dequeue
    main.o(i.main) refers to main.o(i.bsp_event_callback) for bsp_event_callback
    main.o(i.main) refers to main.o(.constdata) for .constdata
    main.o(i.main) refers to nrf_log_frontend.o(log_dynamic_data) for m_nrf_log_app_logs_data_dynamic
    main.o(i.main) refers to nrf_log_frontend.o(log_const_data) for m_nrf_log_app_logs_data_const
    main.o(i.main) refers to main.o(.data) for .data
    main.o(i.main) refers to main.o(.bss) for .bss
    main.o(i.usbd_user_ev_handler) refers to boards.o(i.bsp_board_led_off) for bsp_board_led_off
    main.o(i.usbd_user_ev_handler) refers to boards.o(i.bsp_board_led_on) for bsp_board_led_on
    main.o(i.usbd_user_ev_handler) refers to app_usbd.o(i.app_usbd_disable) for app_usbd_disable
    main.o(i.usbd_user_ev_handler) refers to boards.o(i.bsp_board_leds_off) for bsp_board_leds_off
[...]
    0x0000194c   0x0000194c   0x0000003a   Code   RO         3327    i.app_timer_stop    app_timer2.o
    0x00001986   0x00001986   0x00000002   PAD
    0x00001988   0x00001988   0x00000020   Code   RO         3538    i.app_usbd_all_call  app_usbd.o
    0x000019a8   0x000019a8   0x0000002c   Code   RO         3539    i.app_usbd_all_iface_deselect  app_usbd.o
    0x000019d4   0x000019d4   0x00000030   Code   RO         3540    i.app_usbd_all_iface_select_0  app_usbd.o
    0x00001a04   0x00001a04   0x00000028   Code   RO         3541    i.app_usbd_all_until_served_call  app_usbd.o
    0x00001a2c   0x00001a2c   0x00000006   Code   RO         3925    i.app_usbd_cdc_acm_bytes_stored  app_usbd_cdc_acm.o
    0x00001a32   0x00001a32   0x00000002   PAD
    0x00001a34   0x00001a34   0x00000090   Code   RO         3927    i.app_usbd_cdc_acm_read  app_usbd_cdc_acm.o
    0x00001ac4   0x00001ac4   0x00000008   Code   RO         3929    i.app_usbd_cdc_acm_rx_size  app_usbd_cdc_acm.o
    0x00001acc   0x00001acc   0x00000088   Code   RO         3930    i.app_usbd_cdc_acm_serial_state_notify  app_usbd_cdc_acm.o
    0x00001b54   0x00001b54   0x00000038   Code   RO         3931    i.app_usbd_cdc_acm_write  app_usbd_cdc_acm.o
    0x00001b8c   0x00001b8c   0x00000090   Code   RO         3542    i.app_usbd_class_append  app_usbd.o
    0x00001c1c   0x00001c1c   0x000000c0   Code   RO         3543    i.app_usbd_class_descriptor_find  app_usbd.o
    0x00001cdc   0x00001cdc   0x0000000c   Code   RO         3544    i.app_usbd_class_first_get  app_usbd.o
    0x00001ce8   0x00001ce8   0x00000012   Code   RO         3545    i.app_usbd_class_iface_ep_get  app_usbd.o
    0x00001cfa   0x00001cfa   0x00000012   Code   RO         3932    i.app_usbd_class_iface_ep_get  app_usbd_cdc_acm.o
    0x00001d0c   0x00001d0c   0x00000014   Code   RO         3546    i.app_usbd_class_iface_get  app_usbd.o
    0x00001d20   0x00001d20   0x00000014   Code   RO         3933    i.app_usbd_class_iface_get  app_usbd_cdc_acm.o
    0x00001d34   0x00001d34   0x00000010   Code   RO         3549    i.app_usbd_class_rwu_enabled_check  app_usbd.o
    0x00001d44   0x00001d44   0x00000012   Code   RO         4097    i.app_usbd_core_ep0_disable  app_usbd_core.o
    0x00001d56   0x00001d56   0x00000012   Code   RO         4098    i.app_usbd_core_ep0_enable  app_usbd_core.o
    0x00001d68   0x00001d68   0x000000d8   Code   RO         4099    i.app_usbd_core_event_handler  app_usbd_core.o
    0x00001e40   0x00001e40   0x00000010   Code   RO         3558    i.app_usbd_core_handler_call  app_usbd.o
    0x00001e50   0x00001e50   0x00000024   Code   RO         4101    i.app_usbd_core_setup_data_handler_set  app_usbd_core.o
    0x00001e74   0x00001e74   0x000000c4   Code   RO         4102    i.app_usbd_core_setup_req_handler  app_usbd_core.o
    0x00001f38   0x00001f38   0x00000060   Code   RO         4103    i.app_usbd_core_setup_rsp  app_usbd_core.o
    0x00001f98   0x00001f98   0x00000010   Code   RO         4104    i.app_usbd_core_setup_transfer_buff_get  app_usbd_core.o
    0x00001fa8   0x00001fa8   0x00000004   Code   RO         3559    i.app_usbd_disable  app_usbd.o
    0x00001fac   0x00001fac   0x00000004   Code   RO         3560    i.app_usbd_enable   app_usbd.o
    0x00001fb0   0x00001fb0   0x00000026   Code   RO         3561    i.app_usbd_ep_call  app_usbd.o
    0x00001fd6   0x00001fd6   0x00000002   PAD
    0x00001fd8   0x00001fd8   0x0000001c   Code   RO         3562    i.app_usbd_ep_conf_access  app_usbd.o
    0x00001ff4   0x00001ff4   0x00000004   Code   RO         3563    i.app_usbd_ep_disable  app_usbd.o
    0x00001ff8   0x00001ff8   0x00000022   Code   RO         3564    i.app_usbd_ep_enable  app_usbd.o
    0x0000201a   0x0000201a   0x00000002   PAD
    0x0000201c   0x0000201c   0x00000028   Code   RO         3565    i.app_usbd_ep_handled_transfer  app_usbd.o
    0x00002044   0x00002044   0x0000000a   Code   RO         3567    i.app_usbd_ep_instance_get  app_usbd.o
    0x0000204e   0x0000204e   0x00000018   Code   RO         3568    i.app_usbd_ep_instance_set  app_usbd.o
    0x00002066   0x00002066   0x00000002   PAD
    0x00002068   0x00002068   0x00000028   Code   RO         3569    i.app_usbd_ep_transfer  app_usbd.o
    0x00002090   0x00002090   0x000000bc   Code   RO         3570    i.app_usbd_event_add  app_usbd.o
    0x0000214c   0x0000214c   0x000001ec   Code   RO         3571    i.app_usbd_event_execute  app_usbd.o
    0x00002338   0x00002338   0x00000004   Code   RO         3572    i.app_usbd_event_handler  app_usbd.o
    0x0000233c   0x0000233c   0x00000090   Code   RO         3573    i.app_usbd_event_queue_process  app_usbd.o
    0x000023cc   0x000023cc   0x0000000c   Code   RO         3574    i.app_usbd_hfclk_ready  app_usbd.o
    0x000023d8   0x000023d8   0x00000008   Code   RO         3575    i.app_usbd_iface_call  app_usbd.o
    0x000023e0   0x000023e0   0x00000038   Code   RO         3576    i.app_usbd_iface_deselect  app_usbd.o
    0x00002418   0x00002418   0x00000044   Code   RO         3577    i.app_usbd_iface_find  app_usbd.o
    0x0000245c   0x0000245c   0x00000046   Code   RO         3578    i.app_usbd_iface_select  app_usbd.o
    0x000024a2   0x000024a2   0x00000012   Code   RO         3579    i.app_usbd_iface_selection_get  app_usbd.o
    0x000024b4   0x000024b4   0x000000d4   Code   RO         3580    i.app_usbd_init     app_usbd.o
    0x00002588   0x00002588   0x00000024   Code   RO         3582    i.app_usbd_power_event_handler  app_usbd.o
    0x000025ac   0x000025ac   0x00000028   Code   RO         3583    i.app_usbd_power_events_enable  app_usbd.o
    0x000025d4   0x000025d4   0x00000048   Code   RO         4293    i.app_usbd_prepare_string  app_usbd_string_desc.o
    0x0000261c   0x0000261c   0x00000050   Code   RO         4242    i.app_usbd_serial_num_generate  app_usbd_serial_num.o
    0x0000266c   0x0000266c   0x00000028   Code   RO         3584    i.app_usbd_start    app_usbd.o
    0x00002694   0x00002694   0x00000014   Code   RO         3585    i.app_usbd_stop     app_usbd.o
    0x000026a8   0x000026a8   0x00000048   Code   RO         4294    i.app_usbd_string_desc_get  app_usbd_string_desc.o
    0x000026f0   0x000026f0   0x0000001a   Code   RO         3587    i.app_usbd_sustate_with_requested_hfclk  app_usbd.o
    0x0000270a   0x0000270a   0x0000001a   Code   RO         3588    i.app_usbd_sustate_with_running_hfclk  app_usbd.o
    0x00002724   0x00002724   0x00000004   Code   RO         4354    i.app_util_critical_region_enter  app_util_platform.o
    0x00002728   0x00002728   0x00000004   Code   RO         4355    i.app_util_critical_region_exit  app_util_platform.o
    0x0000272c   0x0000272c   0x00000010   Code   RO         4356    i.app_util_disable_irq  app_util_platform.o
    0x0000273c   0x0000273c   0x00000014   Code   RO         4357    i.app_util_enable_irq  app_util_platform.o
    0x00002750   0x00002750   0x00000076   Code   RO         2039    i.apply_config      nrfx_uart.o
    0x000027c6   0x000027c6   0x00000076   Code   RO         2235    i.apply_config      nrfx_uarte.o
    0x0000283c   0x0000283c   0x00000048   Code   RO         6197    i.backend_name_get  nrf_log_frontend.o
    0x00002884   0x00002884   0x00000010   Code   RO         2405    i.bit2ep            nrfx_usbd.o
    0x00002894   0x00002894   0x00000054   Code   RO          427    i.bsp_board_init    boards.o
    0x000028e8   0x000028e8   0x0000002c   Code   RO          429    i.bsp_board_led_invert  boards.o
    0x00002914   0x00002914   0x00000010   Code   RO          430    i.bsp_board_led_off  boards.o
    0x00002924   0x00002924   0x00000010   Code   RO          431    i.bsp_board_led_on  boards.o
    0x00002934   0x00002934   0x00000028   Code   RO          432    i.bsp_board_led_state_get  boards.o
    0x0000295c   0x0000295c   0x00000012   Code   RO          433    i.bsp_board_leds_off  boards.o
    0x0000296e   0x0000296e   0x00000012   Code   RO          434    i.bsp_board_leds_on  boards.o
    0x00002980   0x00002980   0x00000024   Code   RO          435    i.bsp_board_pin_to_button_idx  boards.o
    0x000029a4   0x000029a4   0x00000090   Code   RO          538    i.bsp_button_event_handler  bsp.o
    0x00002a34   0x00002a34   0x0000000c   Code   RO          659    i.bsp_cli_init      bsp_cli.o
    0x00002a40   0x00002a40   0x0000002c   Code   RO            4    i.bsp_event_callback  main.o
    0x00002a6c   0x00002a6c   0x00000044   Code   RO          542    i.bsp_event_to_button_action_assign  bsp.o
    0x00002ab0   0x00002ab0   0x00000094   Code   RO          544    i.bsp_init          bsp.o
    0x00002b44   0x00002b44   0x000001c8   Code   RO          545    i.bsp_led_indication  bsp.o
    0x00002d0c   0x00002d0c   0x0000008c   Code   RO         6198    i.buf_prealloc      nrf_log_frontend.o
    0x00002d98   0x00002d98   0x0000002e   Code   RO         5538    i.buffer_add        nrf_fprintf_format.o
    0x00002dc6   0x00002dc6   0x00000002   PAD
    0x00002dc8   0x00002dc8   0x00000018   Code   RO         6199    i.buffer_is_empty   nrf_log_frontend.o
    0x00002de0   0x00002de0   0x00000028   Code   RO         2994    i.button_get        app_button.o
    0x00002e08   0x00002e08   0x00000008   Code   RO          548    i.button_timer_handler  bsp.o
    0x00002e10   0x00002e10   0x00000030   Code   RO         3934    i.cdc_acm_consumer  app_usbd_cdc_acm.o
    0x00002e40   0x00002e40   0x00000086   Code   RO         3935    i.cdc_acm_event_handler  app_usbd_cdc_acm.o
    0x00002ec6   0x00002ec6   0x00000002   PAD
    0x00002ec8   0x00002ec8   0x00000664   Code   RO         3936    i.cdc_acm_feed_descriptors  app_usbd_cdc_acm.o
    0x0000352c   0x0000352c   0x00000026   Code   RO         3937    i.cdc_acm_req_out_data_cb  app_usbd_cdc_acm.o
    0x00003552   0x00003552   0x0000001c   Code   RO         3938    i.cdc_acm_reset_port  app_usbd_cdc_acm.o
    0x0000356e   0x0000356e   0x00000002   PAD
    0x00003570   0x00003570   0x000000d4   Code   RO         3939    i.cdc_acm_rx_block_finished  app_usbd_cdc_acm.o
    0x00003644   0x00003644   0x0000001e   Code   RO         3940    i.cdc_acm_single_shoot_consumer  app_usbd_cdc_acm.o
    0x00003662   0x00003662   0x00000002   PAD
    0x00003664   0x00003664   0x000000d4   Code   RO            5    i.cdc_acm_user_ev_handler  main.o
    0x00003738   0x00003738   0x0000001c   Code   RO         1457    i.channel_free      nrfx_gpiote.o
    0x00003754   0x00003754   0x00000048   Code   RO         1458    i.channel_port_alloc  nrfx_gpiote.o
    0x0000379c   0x0000379c   0x00000010   Code   RO         1459    i.channel_port_get  nrfx_gpiote.o
    0x000037ac   0x000037ac   0x000000b8   Code   RO         4979    i.char_backspace    nrf_cli.o
    0x00003864   0x00003864   0x00000094   Code   RO         4980    i.char_delete       nrf_cli.o
    0x000038f8   0x000038f8   0x00000140   Code   RO         4981    i.char_insert       nrf_cli.o
    0x00003a38   0x00003a38   0x00000006   Code   RO         3591    i.class_event_handler  app_usbd.o
    0x00003a3e   0x00003a3e   0x00000002   PAD
    0x00003a40   0x00003a40   0x00000014   Code   RO         4982    i.cli_clear_eos     nrf_cli.o
    0x00003a54   0x00003a54   0x00000014   Code   RO         4983    i.cli_cursor_restore  nrf_cli.o
    0x00003a68   0x00003a68   0x00000014   Code   RO         4984    i.cli_cursor_save   nrf_cli.o
    0x00003a7c   0x00003a7c   0x000001d0   Code   RO         4985    i.cli_execute       nrf_cli.o
    0x00003c4c   0x00003c4c   0x0000000c   Code   RO         4986    i.cli_flag_echo_is_set  nrf_cli.o
    0x00003c58   0x00003c58   0x0000016c   Code   RO         4987    i.cli_log_entry_process  nrf_cli.o
    0x00003dc4   0x00003dc4   0x0000000e   Code   RO         4988    i.cli_read          nrf_cli.o
    0x00003dd2   0x00003dd2   0x00000274   Code   RO         4989    i.cli_state_collect  nrf_cli.o
    0x00004046   0x00004046   0x00000002   PAD
    0x00004048   0x00004048   0x00000028   Code   RO         4990    i.cli_state_set     nrf_cli.o
    0x00004070   0x00004070   0x0000000a   Code   RO         4991    i.cli_strlen        nrf_cli.o
    0x0000407a   0x0000407a   0x00000002   PAD
    0x0000407c   0x0000407c   0x00000318   Code   RO         4992    i.cli_tab_handle    nrf_cli.o
    0x00004394   0x00004394   0x00000014   Code   RO         4993    i.cli_transport_evt_handler  nrf_cli.o
    0x000043a8   0x000043a8   0x0000006c   Code   RO         5423    i.cli_uart_enable   nrf_cli_uart.o
    0x00004414   0x00004414   0x0000004c   Code   RO         5424    i.cli_uart_init     nrf_cli_uart.o
    0x00004460   0x00004460   0x0000000a   Code   RO         5425    i.cli_uart_read     nrf_cli_uart.o
    0x0000446a   0x0000446a   0x00000016   Code   RO         5426    i.cli_uart_uninit   nrf_cli_uart.o
    0x00004480   0x00004480   0x00000068   Code   RO         5427    i.cli_uart_write    nrf_cli_uart.o
    0x000044e8   0x000044e8   0x00000058   Code   RO         4994    i.cli_write         nrf_cli.o
    0x00004540   0x00004540   0x00000028   Code   RO          795    i.clock_clk_started_notify  nrf_drv_clock.o
    0x00004568   0x00004568   0x0000001c   Code   RO          796    i.clock_irq_handler  nrf_drv_clock.o
    0x00004584   0x00004584   0x00000024   Code   RO          660    i.cmd_btn           bsp_cli.o
    0x000045a8   0x000045a8   0x00000020   Code   RO          661    i.cmd_evt           bsp_cli.o
    0x000045c8   0x000045c8   0x00000088   Code   RO         4995    i.cmd_get           nrf_cli.o
    0x00004650   0x00004650   0x0000009a   Code   RO         4996    i.cmd_trim          nrf_cli.o
    0x000046ea   0x000046ea   0x00000012   Code   RO         3941    i.comm_ep_in_addr_get  app_usbd_cdc_acm.o
    0x000046fc   0x000046fc   0x00000018   Code   RO         3329    i.compare_func      app_timer2.o
    0x00004714   0x00004714   0x00000094   Code   RO         4997    i.completion_insert  nrf_cli.o
    0x000047a8   0x000047a8   0x00000018   Code   RO         4998    i.cursor_down_move  nrf_cli.o
    0x000047c0   0x000047c0   0x00000052   Code   RO         4999    i.cursor_end_position_move  nrf_cli.o
    0x00004812   0x00004812   0x00000054   Code   RO         5000    i.cursor_home_position_move  nrf_cli.o
    0x00004866   0x00004866   0x00000026   Code   RO         5001    i.cursor_in_empty_line  nrf_cli.o
    0x0000488c   0x0000488c   0x00000018   Code   RO         5002    i.cursor_left_move  nrf_cli.o
    0x000048a4   0x000048a4   0x0000000c   Code   RO         5003    i.cursor_next_line_move  nrf_cli.o
    0x000048b0   0x000048b0   0x00000124   Code   RO         5004    i.cursor_position_get  nrf_cli.o
    0x000049d4   0x000049d4   0x0000006a   Code   RO         5005    i.cursor_position_synchronize  nrf_cli.o
    0x00004a3e   0x00004a3e   0x00000002   PAD
    0x00004a40   0x00004a40   0x00000018   Code   RO         5006    i.cursor_right_move  nrf_cli.o
    0x00004a58   0x00004a58   0x00000018   Code   RO         5007    i.cursor_up_move    nrf_cli.o
    0x00004a70   0x00004a70   0x00000012   Code   RO         3942    i.data_ep_in_addr_get  app_usbd_cdc_acm.o
    0x00004a82   0x00004a82   0x00000012   Code   RO         3943    i.data_ep_out_addr_get  app_usbd_cdc_acm.o
    0x00004a94   0x00004a94   0x00000048   Code   RO         2995    i.detection_delay_timeout_handler  app_button.o
    0x00004adc   0x00004adc   0x00000014   Code   RO         6200    i.dropped_sat16_get  nrf_log_frontend.o
    0x00004af0   0x00004af0   0x00000014   Code   RO         4426    i.drv_rtc_compare_disable  drv_rtc.o
    0x00004b04   0x00004b04   0x0000000e   Code   RO         4429    i.drv_rtc_compare_pending  drv_rtc.o
    0x00004b12   0x00004b12   0x00000050   Code   RO         4430    i.drv_rtc_compare_set  drv_rtc.o
    0x00004b62   0x00004b62   0x00000008   Code   RO         4431    i.drv_rtc_counter_get  drv_rtc.o
    0x00004b6a   0x00004b6a   0x00000002   PAD
    0x00004b6c   0x00004b6c   0x000000ec   Code   RO         4432    i.drv_rtc_init      drv_rtc.o
    0x00004c58   0x00004c58   0x0000001e   Code   RO         4433    i.drv_rtc_irq_trigger  drv_rtc.o
    0x00004c76   0x00004c76   0x00000008   Code   RO         4435    i.drv_rtc_overflow_enable  drv_rtc.o
    0x00004c7e   0x00004c7e   0x00000008   Code   RO         4436    i.drv_rtc_overflow_pending  drv_rtc.o
    0x00004c86   0x00004c86   0x00000008   Code   RO         4437    i.drv_rtc_start     drv_rtc.o
    0x00004c8e   0x00004c8e   0x00000008   Code   RO         4438    i.drv_rtc_stop      drv_rtc.o
    0x00004c96   0x00004c96   0x000000de   Code   RO         4443    i.drv_rtc_windowed_compare_set  drv_rtc.o
    0x00004d74   0x00004d74   0x0000000c   Code   RO         2406    i.ep2bit            nrfx_usbd.o
    0x00004d80   0x00004d80   0x00000018   Code   RO         2407    i.ep_state_access   nrfx_usbd.o
    0x00004d98   0x00004d98   0x00000004   Code   RO         2408    i.ev_dma_epin0_handler  nrfx_usbd.o
    0x00004d9c   0x00004d9c   0x00000006   Code   RO         2409    i.ev_dma_epin1_handler  nrfx_usbd.o
    0x00004da2   0x00004da2   0x00000006   Code   RO         2410    i.ev_dma_epin2_handler  nrfx_usbd.o
    0x00004da8   0x00004da8   0x00000006   Code   RO         2411    i.ev_dma_epin3_handler  nrfx_usbd.o
    0x00004dae   0x00004dae   0x00000006   Code   RO         2412    i.ev_dma_epin4_handler  nrfx_usbd.o
    0x00004db4   0x00004db4   0x00000006   Code   RO         2413    i.ev_dma_epin5_handler  nrfx_usbd.o
    0x00004dba   0x00004dba   0x00000006   Code   RO         2414    i.ev_dma_epin6_handler  nrfx_usbd.o
    0x00004dc0   0x00004dc0   0x00000006   Code   RO         2415    i.ev_dma_epin7_handler  nrfx_usbd.o
    0x00004dc6   0x00004dc6   0x00000002   PAD
    0x00004dc8   0x00004dc8   0x00000060   Code   RO         2416    i.ev_dma_epin8_handler  nrfx_usbd.o
    0x00004e28   0x00004e28   0x00000060   Code   RO         2417    i.ev_dma_epout0_handler  nrfx_usbd.o
    0x00004e88   0x00004e88   0x00000006   Code   RO         2418    i.ev_dma_epout1_handler  nrfx_usbd.o
    0x00004e8e   0x00004e8e   0x00000006   Code   RO         2419    i.ev_dma_epout2_handler  nrfx_usbd.o
    0x00004e94   0x00004e94   0x00000006   Code   RO         2420    i.ev_dma_epout3_handler  nrfx_usbd.o
    0x00004e9a   0x00004e9a   0x00000006   Code   RO         2421    i.ev_dma_epout4_handler  nrfx_usbd.o
    0x00004ea0   0x00004ea0   0x00000006   Code   RO         2422    i.ev_dma_epout5_handler  nrfx_usbd.o
    0x00004ea6   0x00004ea6   0x00000006   Code   RO         2423    i.ev_dma_epout6_handler  nrfx_usbd.o
    0x00004eac   0x00004eac   0x00000006   Code   RO         2424    i.ev_dma_epout7_handler  nrfx_usbd.o
    0x00004eb2   0x00004eb2   0x00000002   PAD
    0x00004eb4   0x00004eb4   0x0000004c   Code   RO         2425    i.ev_dma_epout8_handler  nrfx_usbd.o
    0x00004f00   0x00004f00   0x00000040   Code   RO         2426    i.ev_epdata_handler  nrfx_usbd.o
    0x00004f40   0x00004f40   0x0000001c   Code   RO         2427    i.ev_setup_data_handler  nrfx_usbd.o
    0x00004f5c   0x00004f5c   0x00000078   Code   RO         2428    i.ev_setup_handler  nrfx_usbd.o
    0x00004fd4   0x00004fd4   0x0000004c   Code   RO         2429    i.ev_sof_handler    nrfx_usbd.o
    0x00005020   0x00005020   0x00000002   Code   RO         2430    i.ev_started_handler  nrfx_usbd.o
    0x00005022   0x00005022   0x00000002   PAD
    0x00005024   0x00005024   0x00000074   Code   RO         2431    i.ev_usbevent_handler  nrfx_usbd.o
    0x00005098   0x00005098   0x00000020   Code   RO         2432    i.ev_usbreset_handler  nrfx_usbd.o
    0x000050b8   0x000050b8   0x00000012   Code   RO         4444    i.evt_enable        drv_rtc.o
    0x000050ca   0x000050ca   0x00000002   PAD
    0x000050cc   0x000050cc   0x000000d8   Code   RO         2996    i.evt_handle        app_button.o
    0x000051a4   0x000051a4   0x00000014   Code   RO         4445    i.evt_pending       drv_rtc.o
    0x000051b8   0x000051b8   0x000000f2   Code   RO         5008    i.format_offset_string_print  nrf_cli.o
    0x000052aa   0x000052aa   0x00000026   Code   RO         5009    i.full_line_cmd     nrf_cli.o
    0x000052d0   0x000052d0   0x00000034   Code   RO         3330    i.get_now           app_timer2.o
    0x00005304   0x00005304   0x0000003c   Code   RO         2997    i.gpiote_event_handler  app_button.o
    0x00005340   0x00005340   0x00000144   Code   RO         5010    i.history_handle    nrf_cli.o
    0x00005484   0x00005484   0x00000078   Code   RO         5011    i.history_list_element_add  nrf_cli.o
    0x000054fc   0x000054fc   0x00000068   Code   RO         5012    i.history_list_element_oldest_remove  nrf_cli.o
    0x00005564   0x00005564   0x00000086   Code   RO         5013    i.history_save      nrf_cli.o
    0x000055ea   0x000055ea   0x00000002   PAD
    0x000055ec   0x000055ec   0x0000005c   Code   RO            6    i.init_cli          main.o
    0x00005648   0x00005648   0x000000a6   Code   RO         5539    i.int_print         nrf_fprintf_format.o
    0x000056ee   0x000056ee   0x00000002   PAD
    0x000056f0   0x000056f0   0x00000088   Code   RO         2236    i.interrupts_enable  nrfx_uarte.o
    0x00005778   0x00005778   0x00000034   Code   RO         6201    i.invalid_packets_omit  nrf_log_frontend.o
    0x000057ac   0x000057ac   0x00000010   Code   RO         5014    i.is_completion_candidate  nrf_cli.o
    0x000057bc   0x000057bc   0x00000016   Code   RO          797    i.item_enqueue      nrf_drv_clock.o
    0x000057d2   0x000057d2   0x00000002   PAD
    0x000057d4   0x000057d4   0x00000030   Code   RO          549    i.leds_off          bsp.o
    0x00005804   0x00005804   0x00000014   Code   RO          550    i.leds_timer_handler  bsp.o
    0x00005818   0x00005818   0x0000000c   Code   RO         6202    i.log_backend_ctrl  nrf_log_frontend.o
    0x00005824   0x00005824   0x0000000c   Code   RO         6203    i.log_backend_go    nrf_log_frontend.o
    0x00005830   0x00005830   0x0000000c   Code   RO         6204    i.log_backend_halt  nrf_log_frontend.o
    0x0000583c   0x0000583c   0x0000000c   Code   RO         6205    i.log_backend_status  nrf_log_frontend.o
    0x00005848   0x00005848   0x0000005c   Code   RO         6206    i.log_cmd           nrf_log_frontend.o
    0x000058a4   0x000058a4   0x000000c8   Code   RO         6207    i.log_cmd_backends_list  nrf_log_frontend.o
    0x0000596c   0x0000596c   0x0000003c   Code   RO         6208    i.log_config_load_cmd  nrf_log_frontend.o
    0x000059a8   0x000059a8   0x0000003c   Code   RO         6209    i.log_config_store_cmd  nrf_log_frontend.o
    0x000059e4   0x000059e4   0x000001cc   Code   RO         6210    i.log_ctrl          nrf_log_frontend.o
    0x00005bb0   0x00005bb0   0x00000008   Code   RO         6211    i.log_go            nrf_log_frontend.o
    0x00005bb8   0x00005bb8   0x00000008   Code   RO         6212    i.log_halt          nrf_log_frontend.o
    0x00005bc0   0x00005bc0   0x00000002   Code   RO         6213    i.log_pending_hook  nrf_log_frontend.o
    0x00005bc2   0x00005bc2   0x00000010   Code   RO         6214    i.log_self_ctrl     nrf_log_frontend.o
    0x00005bd2   0x00005bd2   0x0000000a   Code   RO         6215    i.log_self_go       nrf_log_frontend.o
    0x00005bdc   0x00005bdc   0x0000000a   Code   RO         6216    i.log_self_halt     nrf_log_frontend.o
    0x00005be6   0x00005be6   0x00000010   Code   RO         6217    i.log_self_status   nrf_log_frontend.o
    0x00005bf6   0x00005bf6   0x00000002   PAD
    0x00005bf8   0x00005bf8   0x000000a4   Code   RO         6218    i.log_skip          nrf_log_frontend.o
    0x00005c9c   0x00005c9c   0x00000140   Code   RO         6219    i.log_status        nrf_log_frontend.o
    0x00005ddc   0x00005ddc   0x00000130   Code   RO            7    i.main              main.o
    0x00005f0c   0x00005f0c   0x0000015a   Code   RO         5015    i.make_argv         nrf_cli.o
    0x00006066   0x00006066   0x0000007e   Code   RO         5578    i.memobj_op         nrf_memobj.o
    0x000060e4   0x000060e4   0x00000026   Code   RO         6220    i.module_id_filter_set  nrf_log_frontend.o
    0x0000610a   0x0000610a   0x00000002   PAD
    0x0000610c   0x0000610c   0x00000030   Code   RO         6221    i.module_idx_get    nrf_log_frontend.o
    0x0000613c   0x0000613c   0x0000001c   Code   RO         6222    i.module_name_get   nrf_log_frontend.o
    0x00006158   0x00006158   0x00000050   Code   RO         5016    i.multiline_console_data_check  nrf_cli.o
    0x000061a8   0x000061a8   0x00000026   Code   RO         4721    i.nrf_atfifo_init   nrf_atfifo.o
    0x000061ce   0x000061ce   0x00000016   Code   RO         4722    i.nrf_atfifo_item_alloc  nrf_atfifo.o
    0x000061e4   0x000061e4   0x00000016   Code   RO         4723    i.nrf_atfifo_item_free  nrf_atfifo.o
    0x000061fa   0x000061fa   0x00000016   Code   RO         4724    i.nrf_atfifo_item_get  nrf_atfifo.o
    0x00006210   0x00006210   0x00000016   Code   RO         4725    i.nrf_atfifo_item_put  nrf_atfifo.o
    0x00006226   0x00006226   0x00000006   Code   RO         4788    i.nrf_atomic_flag_clear  nrf_atomic.o
    0x0000622c   0x0000622c   0x00000006   Code   RO         4789    i.nrf_atomic_flag_clear_fetch  nrf_atomic.o
    0x00006232   0x00006232   0x00000006   Code   RO         4790    i.nrf_atomic_flag_set  nrf_atomic.o
    0x00006238   0x00006238   0x00000006   Code   RO         4791    i.nrf_atomic_flag_set_fetch  nrf_atomic.o
    0x0000623e   0x0000623e   0x0000000c   Code   RO         4792    i.nrf_atomic_u32_add  nrf_atomic.o
    0x0000624a   0x0000624a   0x0000000c   Code   RO         4793    i.nrf_atomic_u32_and  nrf_atomic.o
    0x00006256   0x00006256   0x0000000a   Code   RO         4796    i.nrf_atomic_u32_fetch_and  nrf_atomic.o
    0x00006260   0x00006260   0x0000000a   Code   RO         4797    i.nrf_atomic_u32_fetch_or  nrf_atomic.o
    0x0000626a   0x0000626a   0x0000000a   Code   RO         4798    i.nrf_atomic_u32_fetch_store  nrf_atomic.o
    0x00006274   0x00006274   0x0000000c   Code   RO         4802    i.nrf_atomic_u32_or  nrf_atomic.o
    0x00006280   0x00006280   0x0000000c   Code   RO         4804    i.nrf_atomic_u32_sub  nrf_atomic.o
    0x0000628c   0x0000628c   0x0000000c   Code   RO         4805    i.nrf_atomic_u32_sub_hs  nrf_atomic.o
    0x00006298   0x00006298   0x0000003e   Code   RO         4923    i.nrf_balloc_alloc  nrf_balloc.o
    0x000062d6   0x000062d6   0x0000002a   Code   RO         4924    i.nrf_balloc_free   nrf_balloc.o
    0x00006300   0x00006300   0x00000030   Code   RO         4925    i.nrf_balloc_init   nrf_balloc.o
    0x00006330   0x00006330   0x000000c8   Code   RO         4926    i.nrf_balloc_status  nrf_balloc.o
    0x000063f8   0x000063f8   0x00000010   Code   RO         1460    i.nrf_bitmask_bit_is_set  nrfx_gpiote.o
    0x00006408   0x00006408   0x0000007c   Code   RO         6223    i.nrf_cli_backend_cmd_execute  nrf_log_frontend.o
    0x00006484   0x00006484   0x0000004c   Code   RO         5017    i.nrf_cli_build_in_cmd_common_executed  nrf_cli.o
    0x000064d0   0x000064d0   0x00000044   Code   RO         5018    i.nrf_cli_cmd_clear  nrf_cli.o
    0x00006514   0x00006514   0x00000044   Code   RO         5019    i.nrf_cli_cmd_cli   nrf_cli.o
    0x00006558   0x00006558   0x0000006c   Code   RO         5020    i.nrf_cli_cmd_cli_stats  nrf_cli.o
    0x000065c4   0x000065c4   0x00000030   Code   RO         5021    i.nrf_cli_cmd_cli_stats_reset  nrf_cli.o
    0x000065f4   0x000065f4   0x00000088   Code   RO         5022    i.nrf_cli_cmd_cli_stats_show  nrf_cli.o
    0x0000667c   0x0000667c   0x00000068   Code   RO         5023    i.nrf_cli_cmd_colors  nrf_cli.o
    0x000066e4   0x000066e4   0x0000002a   Code   RO         5024    i.nrf_cli_cmd_colors_off  nrf_cli.o
    0x0000670e   0x0000670e   0x0000002a   Code   RO         5025    i.nrf_cli_cmd_colors_on  nrf_cli.o
    0x00006738   0x00006738   0x00000098   Code   RO         5026    i.nrf_cli_cmd_echo  nrf_cli.o
    0x000067d0   0x000067d0   0x0000002a   Code   RO         5027    i.nrf_cli_cmd_echo_off  nrf_cli.o
    0x000067fa   0x000067fa   0x0000002a   Code   RO         5028    i.nrf_cli_cmd_echo_on  nrf_cli.o
    0x00006824   0x00006824   0x00000078   Code   RO         5029    i.nrf_cli_cmd_history  nrf_cli.o
    0x0000689c   0x0000689c   0x000000c4   Code   RO         5030    i.nrf_cli_cmd_resize  nrf_cli.o
    0x00006960   0x00006960   0x0000003c   Code   RO         5031    i.nrf_cli_cmd_resize_default  nrf_cli.o
    0x0000699c   0x0000699c   0x00000050   Code   RO         5032    i.nrf_cli_fprintf   nrf_cli.o
    0x000069ec   0x000069ec   0x0000027c   Code   RO         5033    i.nrf_cli_help_print  nrf_cli.o
    0x00006c68   0x00006c68   0x0000000c   Code   RO         6224    i.nrf_cli_help_requested  nrf_log_frontend.o
    0x00006c74   0x00006c74   0x00000032   Code   RO         5034    i.nrf_cli_init      nrf_cli.o
    0x00006ca6   0x00006ca6   0x00000002   PAD
    0x00006ca8   0x00006ca8   0x000000c0   Code   RO         5035    i.nrf_cli_instance_init  nrf_cli.o
    0x00006d68   0x00006d68   0x00000006   Code   RO         5037    i.nrf_cli_print_stream  nrf_cli.o
    0x00006d6e   0x00006d6e   0x00000002   PAD
    0x00006d70   0x00006d70   0x00000074   Code   RO         5038    i.nrf_cli_process   nrf_cli.o
    0x00006de4   0x00006de4   0x00000048   Code   RO         5039    i.nrf_cli_start     nrf_cli.o
    0x00006e2c   0x00006e2c   0x0000000e   Code   RO         1319    i.nrf_clock_event_check  nrfx_clock.o
    0x00006e3a   0x00006e3a   0x00000010   Code   RO         1320    i.nrf_clock_event_clear  nrfx_clock.o
    0x00006e4a   0x00006e4a   0x00000002   PAD
    0x00006e4c   0x00006e4c   0x0000002c   Code   RO          801    i.nrf_drv_clock_hfclk_release  nrf_drv_clock.o
    0x00006e78   0x00006e78   0x00000048   Code   RO          802    i.nrf_drv_clock_hfclk_request  nrf_drv_clock.o
    0x00006ec0   0x00006ec0   0x0000003c   Code   RO          803    i.nrf_drv_clock_init  nrf_drv_clock.o
    0x00006efc   0x00006efc   0x00000010   Code   RO          806    i.nrf_drv_clock_lfclk_is_running  nrf_drv_clock.o
    0x00006f0c   0x00006f0c   0x00000048   Code   RO          808    i.nrf_drv_clock_lfclk_request  nrf_drv_clock.o
    0x00006f54   0x00006f54   0x00000028   Code   RO          937    i.nrf_drv_power_init  nrf_drv_power.o
    0x00006f7c   0x00006f7c   0x00000016   Code   RO          944    i.nrf_drv_power_usbevt_init  nrf_drv_power.o
    0x00006f92   0x00006f92   0x0000000e   Code   RO          945    i.nrf_drv_power_usbevt_uninit  nrf_drv_power.o
    0x00006fa0   0x00006fa0   0x00000068   Code   RO         1023    i.nrf_drv_uart_init  nrf_drv_uart.o
    0x00007008   0x00007008   0x00000020   Code   RO         5428    i.nrf_drv_uart_tx   nrf_cli_uart.o
    0x00007028   0x00007028   0x00000018   Code   RO         5429    i.nrf_drv_uart_uninit  nrf_cli_uart.o
    0x00007040   0x00007040   0x0000001a   Code   RO         5508    i.nrf_fprintf       nrf_fprintf.o
    0x0000705a   0x0000705a   0x00000018   Code   RO         5509    i.nrf_fprintf_buffer_flush  nrf_fprintf.o
    0x00007072   0x00007072   0x000001da   Code   RO         5540    i.nrf_fprintf_fmt   nrf_fprintf_format.o
    0x0000724c   0x0000724c   0x00000032   Code   RO          437    i.nrf_gpio_cfg      boards.o
    0x0000727e   0x0000727e   0x00000032   Code   RO         1461    i.nrf_gpio_cfg      nrfx_gpiote.o
    0x000072b0   0x000072b0   0x00000032   Code   RO         2040    i.nrf_gpio_cfg      nrfx_uart.o
    0x000072e2   0x000072e2   0x00000032   Code   RO         2237    i.nrf_gpio_cfg      nrfx_uarte.o
    0x00007314   0x00007314   0x00000012   Code   RO         2041    i.nrf_gpio_cfg_default  nrfx_uart.o
    0x00007326   0x00007326   0x00000012   Code   RO         2238    i.nrf_gpio_cfg_default  nrfx_uarte.o
    0x00007338   0x00007338   0x00000012   Code   RO         2042    i.nrf_gpio_cfg_input  nrfx_uart.o
    0x0000734a   0x0000734a   0x00000012   Code   RO         2239    i.nrf_gpio_cfg_input  nrfx_uarte.o
    0x0000735c   0x0000735c   0x00000014   Code   RO         2043    i.nrf_gpio_cfg_output  nrfx_uart.o
    0x00007370   0x00007370   0x00000014   Code   RO         2240    i.nrf_gpio_cfg_output  nrfx_uarte.o
    0x00007384   0x00007384   0x00000030   Code   RO         1463    i.nrf_gpio_cfg_sense_set  nrfx_gpiote.o
    0x000073b4   0x000073b4   0x00000030   Code   RO         1464    i.nrf_gpio_latches_read_and_clear  nrfx_gpiote.o
    0x000073e4   0x000073e4   0x0000001c   Code   RO          438    i.nrf_gpio_pin_port_decode  boards.o
    0x00007400   0x00007400   0x0000001c   Code   RO         1466    i.nrf_gpio_pin_port_decode  nrfx_gpiote.o
    0x0000741c   0x0000741c   0x0000001c   Code   RO         2044    i.nrf_gpio_pin_port_decode  nrfx_uart.o
    0x00007438   0x00007438   0x0000001c   Code   RO         2241    i.nrf_gpio_pin_port_decode  nrfx_uarte.o
    0x00007454   0x00007454   0x0000002c   Code   RO         1467    i.nrf_gpio_pin_present_check  nrfx_gpiote.o
    0x00007480   0x00007480   0x00000016   Code   RO         1468    i.nrf_gpio_pin_read  nrfx_gpiote.o
    0x00007496   0x00007496   0x00000014   Code   RO         2045    i.nrf_gpio_pin_set  nrfx_uart.o
    0x000074aa   0x000074aa   0x00000014   Code   RO         2242    i.nrf_gpio_pin_set  nrfx_uarte.o
    0x000074be   0x000074be   0x00000026   Code   RO          439    i.nrf_gpio_pin_write  boards.o
    0x000074e4   0x000074e4   0x00000014   Code   RO         1470    i.nrf_gpiote_event_clear  nrfx_gpiote.o
    0x000074f8   0x000074f8   0x00000010   Code   RO         1471    i.nrf_gpiote_event_is_set  nrfx_gpiote.o
    0x00007508   0x00007508   0x00000090   Code   RO         6225    i.nrf_log_backend_add  nrf_log_frontend.o
    0x00007598   0x00007598   0x0000000a   Code   RO         5043    i.nrf_log_backend_cli_flush  nrf_cli.o
    0x000075a2   0x000075a2   0x0000001e   Code   RO         5044    i.nrf_log_backend_cli_panic_set  nrf_cli.o
    0x000075c0   0x000075c0   0x00000052   Code   RO         5045    i.nrf_log_backend_cli_put  nrf_cli.o
    0x00007612   0x00007612   0x000000c8   Code   RO         6057    i.nrf_log_backend_serial_put  nrf_log_backend_serial.o
    0x000076da   0x000076da   0x00000002   Code   RO         6094    i.nrf_log_backend_uart_flush  nrf_log_backend_uart.o
    0x000076dc   0x000076dc   0x0000002c   Code   RO         6096    i.nrf_log_backend_uart_panic_set  nrf_log_backend_uart.o
    0x00007708   0x00007708   0x00000018   Code   RO         6097    i.nrf_log_backend_uart_put  nrf_log_backend_uart.o
    0x00007720   0x00007720   0x00000030   Code   RO         6227    i.nrf_log_color_id_get  nrf_log_frontend.o
    0x00007750   0x00007750   0x00000274   Code   RO         6228    i.nrf_log_frontend_dequeue  nrf_log_frontend.o
    0x000079c4   0x000079c4   0x00000008   Code   RO         6230    i.nrf_log_frontend_std_0  nrf_log_frontend.o
    0x000079cc   0x000079cc   0x0000000e   Code   RO         6231    i.nrf_log_frontend_std_1  nrf_log_frontend.o
    0x000079da   0x000079da   0x00000010   Code   RO         6232    i.nrf_log_frontend_std_2  nrf_log_frontend.o
    0x000079ea   0x000079ea   0x00000012   Code   RO         6233    i.nrf_log_frontend_std_3  nrf_log_frontend.o
    0x000079fc   0x000079fc   0x00000014   Code   RO         6234    i.nrf_log_frontend_std_4  nrf_log_frontend.o
    0x00007a10   0x00007a10   0x000000b0   Code   RO         6519    i.nrf_log_hexdump_entry_process  nrf_log_str_formatter.o
    0x00007ac0   0x00007ac0   0x000000a0   Code   RO         6237    i.nrf_log_init      nrf_log_frontend.o
    0x00007b60   0x00007b60   0x00000014   Code   RO         6238    i.nrf_log_module_cnt_get  nrf_log_frontend.o
    0x00007b74   0x00007b74   0x00000048   Code   RO         6239    i.nrf_log_module_filter_get  nrf_log_frontend.o
    0x00007bbc   0x00007bbc   0x00000050   Code   RO         6240    i.nrf_log_module_filter_set  nrf_log_frontend.o
    0x00007c0c   0x00007c0c   0x0000001c   Code   RO         6241    i.nrf_log_module_name_get  nrf_log_frontend.o
    0x00007c28   0x00007c28   0x00000028   Code   RO         6242    i.nrf_log_panic     nrf_log_frontend.o
    0x00007c50   0x00007c50   0x000000b6   Code   RO         6520    i.nrf_log_std_entry_process  nrf_log_str_formatter.o
    0x00007d06   0x00007d06   0x00000060   Code   RO         5579    i.nrf_memobj_alloc  nrf_memobj.o
    0x00007d66   0x00007d66   0x00000032   Code   RO         5580    i.nrf_memobj_free   nrf_memobj.o
    0x00007d98   0x00007d98   0x00000008   Code   RO         5581    i.nrf_memobj_get    nrf_memobj.o
    0x00007da0   0x00007da0   0x00000004   Code   RO         5582    i.nrf_memobj_pool_init  nrf_memobj.o
    0x00007da4   0x00007da4   0x0000001e   Code   RO         5583    i.nrf_memobj_put    nrf_memobj.o
    0x00007dc2   0x00007dc2   0x00000010   Code   RO         5584    i.nrf_memobj_read   nrf_memobj.o
    0x00007dd2   0x00007dd2   0x00000010   Code   RO         5585    i.nrf_memobj_write  nrf_memobj.o
    0x00007de2   0x00007de2   0x0000001c   Code   RO         1780    i.nrf_power_event_get_and_clear  nrfx_power.o
    0x00007dfe   0x00007dfe   0x00000002   Code   RO         5653    i.nrf_pwr_mgmt_feed  nrf_pwr_mgmt.o
    0x00007e00   0x00007e00   0x00000088   Code   RO         5726    i.nrf_queue_generic_pop  nrf_queue.o
    0x00007e88   0x00007e88   0x00000012   Code   RO         5728    i.nrf_queue_is_empty  nrf_queue.o
    0x00007e9a   0x00007e9a   0x0000001e   Code   RO         5729    i.nrf_queue_is_full  nrf_queue.o
    0x00007eb8   0x00007eb8   0x00000006   Code   RO         5730    i.nrf_queue_max_utilization_get  nrf_queue.o
    0x00007ebe   0x00007ebe   0x00000008   Code   RO         5731    i.nrf_queue_max_utilization_reset  nrf_queue.o
    0x00007ec6   0x00007ec6   0x0000000e   Code   RO         5732    i.nrf_queue_next_idx  nrf_queue.o
    0x00007ed4   0x00007ed4   0x000000ac   Code   RO         5734    i.nrf_queue_push    nrf_queue.o
    0x00007f80   0x00007f80   0x000000e0   Code   RO         5737    i.nrf_queue_status  nrf_queue.o
    0x00008060   0x00008060   0x0000001c   Code   RO         5738    i.nrf_queue_utilization_get  nrf_queue.o
    0x0000807c   0x0000807c   0x00000070   Code   RO         5857    i.nrf_ringbuf_alloc  nrf_ringbuf.o
    0x000080ec   0x000080ec   0x00000080   Code   RO         5858    i.nrf_ringbuf_cpy_get  nrf_ringbuf.o
    0x0000816c   0x0000816c   0x00000076   Code   RO         5859    i.nrf_ringbuf_cpy_put  nrf_ringbuf.o
    0x000081e2   0x000081e2   0x00000026   Code   RO         5860    i.nrf_ringbuf_free  nrf_ringbuf.o
    0x00008208   0x00008208   0x00000070   Code   RO         5861    i.nrf_ringbuf_get   nrf_ringbuf.o
    0x00008278   0x00008278   0x0000001c   Code   RO         5862    i.nrf_ringbuf_init  nrf_ringbuf.o
    0x00008294   0x00008294   0x00000030   Code   RO         5863    i.nrf_ringbuf_put   nrf_ringbuf.o
    0x000082c4   0x000082c4   0x0000000c   Code   RO         4446    i.nrf_rtc_event_clear  drv_rtc.o
    0x000082d0   0x000082d0   0x00000022   Code   RO         5952    i.nrf_sortlist_add  nrf_sortlist.o
    0x000082f2   0x000082f2   0x00000006   Code   RO         5954    i.nrf_sortlist_peek  nrf_sortlist.o
    0x000082f8   0x000082f8   0x0000000e   Code   RO         5955    i.nrf_sortlist_pop  nrf_sortlist.o
    0x00008306   0x00008306   0x0000001e   Code   RO         5956    i.nrf_sortlist_remove  nrf_sortlist.o
    0x00008324   0x00008324   0x0000000a   Code   RO         2046    i.nrf_uart_event_check  nrfx_uart.o
    0x0000832e   0x0000832e   0x0000000c   Code   RO         2047    i.nrf_uart_event_clear  nrfx_uart.o
    0x0000833a   0x0000833a   0x0000000c   Code   RO         2048    i.nrf_uart_int_enable_check  nrfx_uart.o
    0x00008346   0x00008346   0x0000000a   Code   RO         2243    i.nrf_uarte_event_check  nrfx_uarte.o
    0x00008350   0x00008350   0x0000000c   Code   RO         2244    i.nrf_uarte_event_clear  nrfx_uarte.o
    0x0000835c   0x0000835c   0x00000034   Code   RO         2433    i.nrf_usbd_ep0in_dma_handler  nrfx_usbd.o
    0x00008390   0x00008390   0x00000028   Code   RO         2434    i.nrf_usbd_ep_enable_check  nrfx_usbd.o
    0x000083b8   0x000083b8   0x00000038   Code   RO         2435    i.nrf_usbd_epin_dma_handler  nrfx_usbd.o
    0x000083f0   0x000083f0   0x00000064   Code   RO         2436    i.nrf_usbd_epout_dma_handler  nrfx_usbd.o
    0x00008454   0x00008454   0x00000010   Code   RO         2437    i.nrf_usbd_event_check  nrfx_usbd.o
    0x00008464   0x00008464   0x00000020   Code   RO         2438    i.nrf_usbd_event_get_and_clear  nrfx_usbd.o
    0x00008484   0x00008484   0x00000014   Code   RO         2439    i.nrf_usbd_eventcause_clear  nrfx_usbd.o
    0x00008498   0x00008498   0x00000010   Code   RO         2440    i.nrf_usbd_lowpower_check  nrfx_usbd.o
    0x000084a8   0x000084a8   0x00000018   Code   RO         2441    i.nrf_usbd_task_trigger  nrfx_usbd.o
    0x000084c0   0x000084c0   0x00000010   Code   RO          810    i.nrf_wdt_started   nrf_drv_clock.o
    0x000084d0   0x000084d0   0x0000000a   Code   RO         1189    i.nrfx_atomic_u32_fetch_and  nrfx_atomic.o
    0x000084da   0x000084da   0x00000002   PAD
    0x000084dc   0x000084dc   0x00000034   Code   RO         1325    i.nrfx_clock_enable  nrfx_clock.o
    0x00008510   0x00008510   0x00000016   Code   RO         1326    i.nrfx_clock_hfclk_start  nrfx_clock.o
    0x00008526   0x00008526   0x00000002   PAD
    0x00008528   0x00008528   0x0000003c   Code   RO         1327    i.nrfx_clock_hfclk_stop  nrfx_clock.o
    0x00008564   0x00008564   0x00000020   Code   RO         1328    i.nrfx_clock_init   nrfx_clock.o
    0x00008584   0x00008584   0x00000058   Code   RO         1329    i.nrfx_clock_irq_handler  nrfx_clock.o
    0x000085dc   0x000085dc   0x00000020   Code   RO         1331    i.nrfx_clock_lfclk_start  nrfx_clock.o
    0x000085fc   0x000085fc   0x00000010   Code   RO         4447    i.nrfx_coredep_delay_us  drv_rtc.o
    0x0000860c   0x0000860c   0x00000098   Code   RO         1477    i.nrfx_gpiote_in_event_enable  nrfx_gpiote.o
    0x000086a4   0x000086a4   0x000000d0   Code   RO         1479    i.nrfx_gpiote_in_init  nrfx_gpiote.o
    0x00008774   0x00008774   0x0000000e   Code   RO         1480    i.nrfx_gpiote_in_is_set  nrfx_gpiote.o
    0x00008782   0x00008782   0x00000002   PAD
    0x00008784   0x00008784   0x00000078   Code   RO         1482    i.nrfx_gpiote_init  nrfx_gpiote.o
    0x000087fc   0x000087fc   0x00000014   Code   RO         1483    i.nrfx_gpiote_is_init  nrfx_gpiote.o
    0x00008810   0x00008810   0x00000010   Code   RO         2245    i.nrfx_is_in_ram    nrfx_uarte.o
    0x00008820   0x00008820   0x0000004c   Code   RO         1782    i.nrfx_power_init   nrfx_power.o
    0x0000886c   0x0000886c   0x00000090   Code   RO         1783    i.nrfx_power_irq_handler  nrfx_power.o
    0x000088fc   0x000088fc   0x0000000e   Code   RO         1795    i.nrfx_power_usbevt_disable  nrfx_power.o
    0x0000890a   0x0000890a   0x0000000e   Code   RO         1796    i.nrfx_power_usbevt_enable  nrfx_power.o
    0x00008918   0x00008918   0x00000014   Code   RO         1797    i.nrfx_power_usbevt_init  nrfx_power.o
    0x0000892c   0x0000892c   0x0000000c   Code   RO         1798    i.nrfx_power_usbevt_uninit  nrfx_power.o
    0x00008938   0x00008938   0x00000030   Code   RO         1923    i.nrfx_prs_acquire  nrfx_prs.o
    0x00008968   0x00008968   0x00000012   Code   RO         1924    i.nrfx_prs_release  nrfx_prs.o
    0x0000897a   0x0000897a   0x00000002   PAD
    0x0000897c   0x0000897c   0x00000010   Code   RO         2049    i.nrfx_uart_0_irq_handler  nrfx_uart.o
    0x0000898c   0x0000898c   0x000000d4   Code   RO         2051    i.nrfx_uart_init    nrfx_uart.o
    0x00008a60   0x00008a60   0x000000ec   Code   RO         2052    i.nrfx_uart_rx      nrfx_uart.o
    0x00008b4c   0x00008b4c   0x00000012   Code   RO         2053    i.nrfx_uart_rx_abort  nrfx_uart.o
    0x00008b5e   0x00008b5e   0x00000002   PAD
    0x00008b60   0x00008b60   0x000000a8   Code   RO         2057    i.nrfx_uart_tx      nrfx_uart.o
    0x00008c08   0x00008c08   0x00000020   Code   RO         2059    i.nrfx_uart_tx_in_progress  nrfx_uart.o
    0x00008c28   0x00008c28   0x000000c0   Code   RO         2060    i.nrfx_uart_uninit  nrfx_uart.o
    0x00008ce8   0x00008ce8   0x00000010   Code   RO         2246    i.nrfx_uarte_0_irq_handler  nrfx_uarte.o
    0x00008cf8   0x00008cf8   0x0000006c   Code   RO         2248    i.nrfx_uarte_init   nrfx_uarte.o
    0x00008d64   0x00008d64   0x00000104   Code   RO         2249    i.nrfx_uarte_rx     nrfx_uarte.o
    0x00008e68   0x00008e68   0x0000002c   Code   RO         2250    i.nrfx_uarte_rx_abort  nrfx_uarte.o
    0x00008e94   0x00008e94   0x000000ac   Code   RO         2252    i.nrfx_uarte_tx     nrfx_uarte.o
    0x00008f40   0x00008f40   0x0000001c   Code   RO         2254    i.nrfx_uarte_tx_in_progress  nrfx_uarte.o
    0x00008f5c   0x00008f5c   0x00000108   Code   RO         2255    i.nrfx_uarte_uninit  nrfx_uarte.o
    0x00009064   0x00009064   0x00000014   Code   RO         2442    i.nrfx_usbd_active_irq_config  nrfx_usbd.o
    0x00009078   0x00009078   0x00000030   Code   RO         2444    i.nrfx_usbd_consumer  nrfx_usbd.o
    0x000090a8   0x000090a8   0x00000038   Code   RO         2445    i.nrfx_usbd_disable  nrfx_usbd.o
    0x000090e0   0x000090e0   0x0000007c   Code   RO         2446    i.nrfx_usbd_enable  nrfx_usbd.o
    0x0000915c   0x0000915c   0x00000004   Code   RO         2447    i.nrfx_usbd_ep_abort  nrfx_usbd.o
    0x00009160   0x00009160   0x00000044   Code   RO         2449    i.nrfx_usbd_ep_disable  nrfx_usbd.o
    0x000091a4   0x000091a4   0x0000001c   Code   RO         2450    i.nrfx_usbd_ep_dtoggle_clear  nrfx_usbd.o
    0x000091c0   0x000091c0   0x00000080   Code   RO         2451    i.nrfx_usbd_ep_enable  nrfx_usbd.o
    0x00009240   0x00009240   0x00000004   Code   RO         2452    i.nrfx_usbd_ep_enable_check  nrfx_usbd.o
    0x00009244   0x00009244   0x0000006c   Code   RO         2453    i.nrfx_usbd_ep_handled_transfer  nrfx_usbd.o
    0x000092b0   0x000092b0   0x0000000a   Code   RO         2455    i.nrfx_usbd_ep_max_packet_size_get  nrfx_usbd.o
    0x000092ba   0x000092ba   0x0000000c   Code   RO         2456    i.nrfx_usbd_ep_max_packet_size_set  nrfx_usbd.o
    0x000092c6   0x000092c6   0x00000002   PAD
    0x000092c8   0x000092c8   0x00000018   Code   RO         2457    i.nrfx_usbd_ep_stall  nrfx_usbd.o
    0x000092e0   0x000092e0   0x00000030   Code   RO         2458    i.nrfx_usbd_ep_stall_check  nrfx_usbd.o
    0x00009310   0x00009310   0x00000028   Code   RO         2459    i.nrfx_usbd_ep_stall_clear  nrfx_usbd.o
    0x00009338   0x00009338   0x0000001c   Code   RO         2461    i.nrfx_usbd_ep_to_endevent  nrfx_usbd.o
    0x00009354   0x00009354   0x0000001c   Code   RO         2462    i.nrfx_usbd_ep_to_int  nrfx_usbd.o
    0x00009370   0x00009370   0x000000c8   Code   RO         2463    i.nrfx_usbd_ep_transfer  nrfx_usbd.o
    0x00009438   0x00009438   0x00000028   Code   RO         2464    i.nrfx_usbd_epout_size_get  nrfx_usbd.o
    0x00009460   0x00009460   0x00000014   Code   RO         2465    i.nrfx_usbd_errata_171  nrfx_usbd.o
    0x00009474   0x00009474   0x00000018   Code   RO         2466    i.nrfx_usbd_errata_187  nrfx_usbd.o
    0x0000948c   0x0000948c   0x00000014   Code   RO         2467    i.nrfx_usbd_errata_199  nrfx_usbd.o
    0x000094a0   0x000094a0   0x00000008   Code   RO         2468    i.nrfx_usbd_feeder_buffer_get  nrfx_usbd.o
    0x000094a8   0x000094a8   0x0000003c   Code   RO         2469    i.nrfx_usbd_feeder_flash  nrfx_usbd.o
    0x000094e4   0x000094e4   0x00000044   Code   RO         2470    i.nrfx_usbd_feeder_flash_zlp  nrfx_usbd.o
    0x00009528   0x00009528   0x00000024   Code   RO         2471    i.nrfx_usbd_feeder_ram  nrfx_usbd.o
    0x0000954c   0x0000954c   0x00000036   Code   RO         2472    i.nrfx_usbd_feeder_ram_zlp  nrfx_usbd.o
    0x00009582   0x00009582   0x00000002   PAD
    0x00009584   0x00009584   0x0000000c   Code   RO         2473    i.nrfx_usbd_force_bus_wakeup  nrfx_usbd.o
    0x00009590   0x00009590   0x0000007c   Code   RO         2474    i.nrfx_usbd_init    nrfx_usbd.o
    0x0000960c   0x0000960c   0x00000014   Code   RO         2475    i.nrfx_usbd_is_enabled  nrfx_usbd.o
    0x00009620   0x00009620   0x00000010   Code   RO         2476    i.nrfx_usbd_is_initialized  nrfx_usbd.o
    0x00009630   0x00009630   0x0000000c   Code   RO         2480    i.nrfx_usbd_last_setup_dir_get  nrfx_usbd.o
    0x0000963c   0x0000963c   0x00000006   Code   RO         2481    i.nrfx_usbd_setup_clear  nrfx_usbd.o
    0x00009642   0x00009642   0x00000006   Code   RO         2482    i.nrfx_usbd_setup_data_clear  nrfx_usbd.o
    0x00009648   0x00009648   0x00000050   Code   RO         2483    i.nrfx_usbd_setup_get  nrfx_usbd.o
    0x00009698   0x00009698   0x00000006   Code   RO         2484    i.nrfx_usbd_setup_stall  nrfx_usbd.o
    0x0000969e   0x0000969e   0x00000002   PAD
    0x000096a0   0x000096a0   0x0000004c   Code   RO         2485    i.nrfx_usbd_start   nrfx_usbd.o
    0x000096ec   0x000096ec   0x00000048   Code   RO         2486    i.nrfx_usbd_stop    nrfx_usbd.o
    0x00009734   0x00009734   0x00000048   Code   RO         2487    i.nrfx_usbd_suspend  nrfx_usbd.o
    0x0000977c   0x0000977c   0x00000014   Code   RO         2489    i.nrfx_usbd_suspend_irq_config  nrfx_usbd.o
    0x00009790   0x00009790   0x0000004c   Code   RO         2490    i.nrfx_usbd_transfer_out_drop  nrfx_usbd.o
    0x000097dc   0x000097dc   0x00000010   Code   RO         2491    i.nrfx_usbd_uninit  nrfx_usbd.o
    0x000097ec   0x000097ec   0x00000054   Code   RO         2492    i.nrfx_usbd_wakeup_req  nrfx_usbd.o
    0x00009840   0x00009840   0x00000018   Code   RO         6938    i.nvmc_config       system_nrf52.o
    0x00009858   0x00009858   0x00000090   Code   RO         5046    i.option_print      nrf_cli.o
    0x000098e8   0x000098e8   0x0000001c   Code   RO         1501    i.pin_configured_set  nrfx_gpiote.o
    0x00009904   0x00009904   0x00000018   Code   RO         1502    i.pin_in_use_by_port  nrfx_gpiote.o
    0x0000991c   0x0000991c   0x00000018   Code   RO         1503    i.pin_in_use_by_te  nrfx_gpiote.o
    0x00009934   0x00009934   0x000000d0   Code   RO         1504    i.port_event_handle  nrfx_gpiote.o
    0x00009a04   0x00009a04   0x00000010   Code   RO         1505    i.port_handler_polarity_get  nrfx_gpiote.o
    0x00009a14   0x00009a14   0x0000003c   Code   RO         6522    i.postfix_process   nrf_log_str_formatter.o
    0x00009a50   0x00009a50   0x00000098   Code   RO         6523    i.prefix_process    nrf_log_str_formatter.o
    0x00009ae8   0x00009ae8   0x00000018   Code   RO         1925    i.prs_box_get       nrfx_prs.o
    0x00009b00   0x00009b00   0x00000018   Code   RO         5741    i.queue_utilization_get  nrf_queue.o
    0x00009b18   0x00009b18   0x0000005c   Code   RO         3331    i.rtc_irq           app_timer2.o
    0x00009b74   0x00009b74   0x0000006c   Code   RO         3332    i.rtc_schedule      app_timer2.o
    0x00009be0   0x00009be0   0x0000008c   Code   RO         3333    i.rtc_update        app_timer2.o
    0x00009c6c   0x00009c6c   0x00000032   Code   RO         2061    i.rx_byte           nrfx_uart.o
    0x00009c9e   0x00009c9e   0x00000016   Code   RO         2062    i.rx_done_event     nrfx_uart.o
    0x00009cb4   0x00009cb4   0x00000016   Code   RO         2256    i.rx_done_event     nrfx_uarte.o
    0x00009cca   0x00009cca   0x00000020   Code   RO         2063    i.rx_enable         nrfx_uart.o
    0x00009cea   0x00009cea   0x00000002   PAD
    0x00009cec   0x00009cec   0x00000054   Code   RO         5430    i.rx_try            nrf_cli_uart.o
    0x00009d40   0x00009d40   0x00000040   Code   RO         6098    i.serial_tx         nrf_log_backend_uart.o
    0x00009d80   0x00009d80   0x00000004   Code   RO         4106    i.setup_data_handler_empty  app_usbd_core.o
    0x00009d84   0x00009d84   0x0000010c   Code   RO         4107    i.setup_device_req_get_descriptor  app_usbd_core.o
    0x00009e90   0x00009e90   0x000000fc   Code   RO         4108    i.setup_device_req_std_handler  app_usbd_core.o
    0x00009f8c   0x00009f8c   0x00000094   Code   RO         4109    i.setup_endpoint_req_std  app_usbd_core.o
    0x0000a020   0x0000a020   0x00000096   Code   RO         3944    i.setup_event_handler  app_usbd_cdc_acm.o
    0x0000a0b6   0x0000a0b6   0x00000002   PAD
    0x0000a0b8   0x0000a0b8   0x00000088   Code   RO         4110    i.setup_interface_req_std_handle  app_usbd_core.o
    0x0000a140   0x0000a140   0x000000c0   Code   RO         3945    i.setup_req_class_out  app_usbd_cdc_acm.o
    0x0000a200   0x0000a200   0x00000024   Code   RO         6244    i.severity_lvl_get  nrf_log_frontend.o
    0x0000a224   0x0000a224   0x0000000c   Code   RO         3334    i.sortlist_pop      app_timer2.o
    0x0000a230   0x0000a230   0x00000030   Code   RO         2998    i.state_set         app_button.o
    0x0000a260   0x0000a260   0x00000098   Code   RO         6245    i.std_n             nrf_log_frontend.o
    0x0000a2f8   0x0000a2f8   0x00000008   Code   RO         5047    i.string_cmp        nrf_cli.o
    0x0000a300   0x0000a300   0x00000058   Code   RO         3592    i.sustate_set       app_usbd.o
    0x0000a358   0x0000a358   0x00000060   Code   RO         5048    i.terminal_size_get  nrf_cli.o
    0x0000a3b8   0x0000a3b8   0x00000088   Code   RO         3335    i.timer_expire      app_timer2.o
    0x0000a440   0x0000a440   0x0000001c   Code   RO         5431    i.timer_handler     nrf_cli_uart.o
    0x0000a45c   0x0000a45c   0x00000080   Code   RO         3336    i.timer_req_process  app_timer2.o
    0x0000a4dc   0x0000a4dc   0x00000038   Code   RO         3337    i.timer_req_schedule  app_timer2.o
    0x0000a514   0x0000a514   0x00000018   Code   RO         2999    i.timer_start       app_button.o
    0x0000a52c   0x0000a52c   0x00000020   Code   RO         2064    i.tx_byte           nrfx_uart.o
    0x0000a54c   0x0000a54c   0x0000001a   Code   RO         2065    i.tx_done_event     nrfx_uart.o
    0x0000a566   0x0000a566   0x0000001a   Code   RO         2257    i.tx_done_event     nrfx_uarte.o
    0x0000a580   0x0000a580   0x0000006e   Code   RO         5432    i.uart_event_handler  nrf_cli_uart.o
    0x0000a5ee   0x0000a5ee   0x00000002   PAD
    0x0000a5f0   0x0000a5f0   0x00000030   Code   RO         1024    i.uart_evt_handler  nrf_drv_uart.o
    0x0000a620   0x0000a620   0x0000000c   Code   RO         6099    i.uart_evt_handler  nrf_log_backend_uart.o
    0x0000a62c   0x0000a62c   0x00000050   Code   RO         6100    i.uart_init         nrf_log_backend_uart.o
    0x0000a67c   0x0000a67c   0x0000012a   Code   RO         2066    i.uart_irq_handler  nrfx_uart.o
    0x0000a7a6   0x0000a7a6   0x00000002   PAD
    0x0000a7a8   0x0000a7a8   0x00000030   Code   RO         1025    i.uarte_evt_handler  nrf_drv_uart.o
    0x0000a7d8   0x0000a7d8   0x00000112   Code   RO         2258    i.uarte_irq_handler  nrfx_uarte.o
    0x0000a8ea   0x0000a8ea   0x00000002   PAD
    0x0000a8ec   0x0000a8ec   0x000000b4   Code   RO         5541    i.unsigned_print    nrf_fprintf_format.o
    0x0000a9a0   0x0000a9a0   0x00000010   Code   RO         4111    i.usb_core_ep0_handler_check  app_usbd_core.o
    0x0000a9b0   0x0000a9b0   0x00000028   Code   RO         4112    i.usbd_core_state_set  app_usbd_core.o
    0x0000a9d8   0x0000a9d8   0x000000f2   Code   RO         4113    i.usbd_descriptor_conf_feeder  app_usbd_core.o
    0x0000aaca   0x0000aaca   0x00000002   PAD
    0x0000aacc   0x0000aacc   0x0000001c   Code   RO         2493    i.usbd_dma_pending_clear  nrfx_usbd.o
    0x0000aae8   0x0000aae8   0x00000154   Code   RO         2494    i.usbd_dmareq_process  nrfx_usbd.o
    0x0000ac3c   0x0000ac3c   0x00000094   Code   RO         2495    i.usbd_enable       nrfx_usbd.o
    0x0000acd0   0x0000acd0   0x00000100   Code   RO         2496    i.usbd_ep_abort     nrfx_usbd.o
    0x0000add0   0x0000add0   0x0000004c   Code   RO         2497    i.usbd_ep_abort_all  nrfx_usbd.o
    0x0000ae1c   0x0000ae1c   0x0000005c   Code   RO         2498    i.usbd_ep_data_handler  nrfx_usbd.o
    0x0000ae78   0x0000ae78   0x00000034   Code   RO         2499    i.usbd_errata_187_211_begin  nrfx_usbd.o
    0x0000aeac   0x0000aeac   0x00000034   Code   RO         2500    i.usbd_errata_187_211_end  nrfx_usbd.o
    0x0000aee0   0x0000aee0   0x00000010   Code   RO         2501    i.usbd_int_rise     nrfx_usbd.o
    0x0000aef0   0x0000aef0   0x000000cc   Code   RO            8    i.usbd_user_ev_handler  main.o
    0x0000afbc   0x0000afbc   0x00000010   Code   RO         3593    i.user_event_handler  app_usbd.o
    0x0000afcc   0x0000afcc   0x0000000a   Code   RO         3946    i.user_event_handler  app_usbd_cdc_acm.o
    0x0000afd6   0x0000afd6   0x00000002   PAD
    0x0000afd8   0x0000afd8   0x00000010   Code   RO         3594    i.user_event_state_proc  app_usbd.o
    0x0000afe8   0x0000afe8   0x00000020   Code   RO         3000    i.usr_event         app_button.o
    0x0000b008   0x0000b008   0x0000003c   Code   RO         5049    i.vt100_bgcolor_set  nrf_cli.o
    0x0000b044   0x0000b044   0x00000050   Code   RO         5050    i.vt100_color_set   nrf_cli.o
    0x0000b094   0x0000b094   0x00000004   Data   RO           20    .constdata          main.o
    0x0000b098   0x0000b098   0x0000000c   Data   RO           21    .constdata          main.o
    0x0000b0a4   0x0000b0a4   0x0000000c   Data   RO           22    .constdata          main.o
    0x0000b0b0   0x0000b0b0   0x00000014   Data   RO           23    .constdata          main.o
    0x0000b0c4   0x0000b0c4   0x00000018   Data   RO           24    .constdata          main.o
    0x0000b0dc   0x0000b0dc   0x00000068   Data   RO           25    .constdata          main.o
    0x0000b144   0x0000b144   0x00000008   Data   RO          440    .constdata          boards.o
    0x0000b14c   0x0000b14c   0x0000002c   Data   RO          553    .constdata          bsp.o
    0x0000b178   0x0000b178   0x00000008   Data   RO          662    .constdata          bsp_cli.o
    0x0000b180   0x0000b180   0x00000030   Data   RO          663    .constdata          bsp_cli.o
    0x0000b1b0   0x0000b1b0   0x00000010   Data   RO          664    .constdata          bsp_cli.o
    0x0000b1c0   0x0000b1c0   0x00000001   Data   RO          946    .constdata          nrf_drv_power.o
    0x0000b1c1   0x0000b1c1   0x00000003   PAD
    0x0000b1c4   0x0000b1c4   0x00000008   Data   RO         1507    .constdata          nrfx_gpiote.o
    0x0000b1cc   0x0000b1cc   0x00000004   Data   RO         2069    .constdata          nrfx_uart.o
    0x0000b1d0   0x0000b1d0   0x00000004   Data   RO         2261    .constdata          nrfx_uarte.o
    0x0000b1d4   0x0000b1d4   0x000000ce   Data   RO         2503    .constdata          nrfx_usbd.o
    0x0000b2a2   0x0000b2a2   0x00000002   PAD
    0x0000b2a4   0x0000b2a4   0x00000008   Data   RO         3002    .constdata          app_button.o
    0x0000b2ac   0x0000b2ac   0x00000014   Data   RO         3339    .constdata          app_timer2.o
    0x0000b2c0   0x0000b2c0   0x00000044   Data   RO         3596    .constdata          app_usbd.o
    0x0000b304   0x0000b304   0x00000014   Data   RO         3947    .constdata          app_usbd_cdc_acm.o
    0x0000b318   0x0000b318   0x00000038   Data   RO         3948    .constdata          app_usbd_cdc_acm.o
    0x0000b350   0x0000b350   0x0000002f   Data   RO         4116    .constdata          app_usbd_core.o
    0x0000b37f   0x0000b37f   0x00000001   PAD
    0x0000b380   0x0000b380   0x00000014   Data   RO         4117    .constdata          app_usbd_core.o
    0x0000b394   0x0000b394   0x00000010   Data   RO         4118    .constdata          app_usbd_core.o
    0x0000b3a4   0x0000b3a4   0x00000006   Data   RO         4295    .constdata          app_usbd_string_desc.o
    0x0000b3aa   0x0000b3aa   0x00000015   Data   RO         4296    .constdata          app_usbd_string_desc.o
    0x0000b3bf   0x0000b3bf   0x00000013   Data   RO         4297    .constdata          app_usbd_string_desc.o
    0x0000b3d2   0x0000b3d2   0x00000016   Data   RO         4298    .constdata          app_usbd_string_desc.o
    0x0000b3e8   0x0000b3e8   0x00000007   Data   RO         4299    .constdata          app_usbd_string_desc.o
    0x0000b3ef   0x0000b3ef   0x0000000c   Data   RO         4301    .constdata          app_usbd_string_desc.o
    0x0000b3fb   0x0000b3fb   0x00000005   PAD
    0x0000b400   0x0000b400   0x00000006   Data   RO         4448    .constdata          drv_rtc.o
    0x0000b406   0x0000b406   0x00000002   PAD
    0x0000b408   0x0000b408   0x00000008   Data   RO         4927    .constdata          nrf_balloc.o
    0x0000b410   0x0000b410   0x00000020   Data   RO         4928    .constdata          nrf_balloc.o
    0x0000b430   0x0000b430   0x00000010   Data   RO         4929    .constdata          nrf_balloc.o
    0x0000b440   0x0000b440   0x0000000c   Data   RO         5051    .constdata          nrf_cli.o
    0x0000b44c   0x0000b44c   0x00000008   Data   RO         5052    .constdata          nrf_cli.o
    0x0000b454   0x0000b454   0x00000030   Data   RO         5053    .constdata          nrf_cli.o
    0x0000b484   0x0000b484   0x00000008   Data   RO         5054    .constdata          nrf_cli.o
    0x0000b48c   0x0000b48c   0x00000030   Data   RO         5055    .constdata          nrf_cli.o
    0x0000b4bc   0x0000b4bc   0x00000008   Data   RO         5056    .constdata          nrf_cli.o
    0x0000b4c4   0x0000b4c4   0x00000030   Data   RO         5057    .constdata          nrf_cli.o
    0x0000b4f4   0x0000b4f4   0x00000008   Data   RO         5058    .constdata          nrf_cli.o
    0x0000b4fc   0x0000b4fc   0x00000040   Data   RO         5059    .constdata          nrf_cli.o
    0x0000b53c   0x0000b53c   0x00000008   Data   RO         5060    .constdata          nrf_cli.o
    0x0000b544   0x0000b544   0x00000020   Data   RO         5061    .constdata          nrf_cli.o
    0x0000b564   0x0000b564   0x00000010   Data   RO         5062    .constdata          nrf_cli.o
    0x0000b574   0x0000b574   0x00000010   Data   RO         5063    .constdata          nrf_cli.o
    0x0000b584   0x0000b584   0x00000010   Data   RO         5064    .constdata          nrf_cli.o
    0x0000b594   0x0000b594   0x00000010   Data   RO         5065    .constdata          nrf_cli.o
    0x0000b5a4   0x0000b5a4   0x0000000c   PAD
    0x0000b5b0   0x0000b5b0   0x00000047   Data   RO         5066    .constdata          nrf_cli.o
    0x0000b5f7   0x0000b5f7   0x00000001   PAD
    0x0000b5f8   0x0000b5f8   0x00000014   Data   RO         5433    .constdata          nrf_cli_uart.o
    0x0000b60c   0x0000b60c   0x00000010   Data   RO         5542    .constdata          nrf_fprintf_format.o
    0x0000b61c   0x0000b61c   0x00000008   Data   RO         5743    .constdata          nrf_queue.o
    0x0000b624   0x0000b624   0x00000020   Data   RO         5744    .constdata          nrf_queue.o
    0x0000b644   0x0000b644   0x00000010   Data   RO         5745    .constdata          nrf_queue.o
    0x0000b654   0x0000b654   0x0000000c   Data   RO         6102    .constdata          nrf_log_backend_uart.o
    0x0000b660   0x0000b660   0x00000020   Data   RO         6103    .constdata          nrf_log_backend_uart.o
    0x0000b680   0x0000b680   0x0000001c   Data   RO         6250    .constdata          nrf_log_frontend.o
    0x0000b69c   0x0000b69c   0x00000008   Data   RO         6251    .constdata          nrf_log_frontend.o
    0x0000b6a4   0x0000b6a4   0x00000060   Data   RO         6252    .constdata          nrf_log_frontend.o
    0x0000b704   0x0000b704   0x00000008   Data   RO         6253    .constdata          nrf_log_frontend.o
    0x0000b70c   0x0000b70c   0x00000008   Data   RO         6254    .constdata          nrf_log_frontend.o
    0x0000b714   0x0000b714   0x00000030   Data   RO         6255    .constdata          nrf_log_frontend.o
    0x0000b744   0x0000b744   0x00000008   Data   RO         6256    .constdata          nrf_log_frontend.o
    0x0000b74c   0x0000b74c   0x00000090   Data   RO         6257    .constdata          nrf_log_frontend.o
    0x0000b7dc   0x0000b7dc   0x00000010   Data   RO         6258    .constdata          nrf_log_frontend.o
    0x0000b7ec   0x0000b7ec   0x00000081   Data   RO         7001    .constdata          mc_w.l(ctype_o.o)
    0x0000b86d   0x0000b86d   0x00000003   PAD
    0x0000b870   0x0000b870   0x00000004   Data   RO         7002    .constdata          mc_w.l(ctype_o.o)
    0x0000b874   0x0000b874   0x0000000d   Data   RO           26    .conststring        main.o
    0x0000b881   0x0000b881   0x00000003   PAD
    0x0000b884   0x0000b884   0x0000002d   Data   RO          665    .conststring        bsp_cli.o
    0x0000b8b1   0x0000b8b1   0x00000003   PAD
    0x0000b8b4   0x0000b8b4   0x00000004   Data   RO          666    .conststring        bsp_cli.o
    0x0000b8b8   0x0000b8b8   0x00000515   Data   RO         4651    .conststring        hardfault_implementation.o
    0x0000bdcd   0x0000bdcd   0x00000003   PAD
    0x0000bdd0   0x0000bdd0   0x0000002b   Data   RO         4930    .conststring        nrf_balloc.o
    0x0000bdfb   0x0000bdfb   0x00000001   PAD
    0x0000bdfc   0x0000bdfc   0x00000027   Data   RO         4931    .conststring        nrf_balloc.o
    0x0000be23   0x0000be23   0x00000001   PAD
    0x0000be24   0x0000be24   0x0000008e   Data   RO         4932    .conststring        nrf_balloc.o
    0x0000beb2   0x0000beb2   0x00000002   PAD
    0x0000beb4   0x0000beb4   0x00000037   Data   RO         5067    .conststring        nrf_cli.o
    0x0000beeb   0x0000beeb   0x00000001   PAD
    0x0000beec   0x0000beec   0x0000006d   Data   RO         5068    .conststring        nrf_cli.o
    0x0000bf59   0x0000bf59   0x00000003   PAD
    0x0000bf5c   0x0000bf5c   0x00000065   Data   RO         5069    .conststring        nrf_cli.o
    0x0000bfc1   0x0000bfc1   0x00000003   PAD
    0x0000bfc4   0x0000bfc4   0x00000052   Data   RO         5070    .conststring        nrf_cli.o
    0x0000c016   0x0000c016   0x00000002   PAD
    0x0000c018   0x0000c018   0x0000004c   Data   RO         5071    .conststring        nrf_cli.o
    0x0000c064   0x0000c064   0x00000016   Data   RO         5072    .conststring        nrf_cli.o
    0x0000c07a   0x0000c07a   0x00000002   PAD
    0x0000c07c   0x0000c07c   0x00000028   Data   RO         5073    .conststring        nrf_cli.o
    0x0000c0a4   0x0000c0a4   0x0000001c   Data   RO         5074    .conststring        nrf_cli.o
    0x0000c0c0   0x0000c0c0   0x000000a7   Data   RO         5075    .conststring        nrf_cli.o
    0x0000c167   0x0000c167   0x00000001   PAD
    0x0000c168   0x0000c168   0x00000003   Data   RO         5076    .conststring        nrf_cli.o
    0x0000c16b   0x0000c16b   0x00000001   PAD
    0x0000c16c   0x0000c16c   0x00000021   Data   RO         5746    .conststring        nrf_queue.o
    0x0000c18d   0x0000c18d   0x00000003   PAD
    0x0000c190   0x0000c190   0x00000006   Data   RO         5747    .conststring        nrf_queue.o
    0x0000c196   0x0000c196   0x00000002   PAD
    0x0000c198   0x0000c198   0x0000007c   Data   RO         5748    .conststring        nrf_queue.o
    0x0000c214   0x0000c214   0x0000001d   Data   RO         6259    .conststring        nrf_log_frontend.o
    0x0000c231   0x0000c231   0x00000003   PAD
    0x0000c234   0x0000c234   0x00000139   Data   RO         6260    .conststring        nrf_log_frontend.o
    0x0000c36d   0x0000c36d   0x00000003   PAD
    0x0000c370   0x0000c370   0x00000076   Data   RO         6261    .conststring        nrf_log_frontend.o
    0x0000c3e6   0x0000c3e6   0x00000002   PAD
    0x0000c3e8   0x0000c3e8   0x0000006e   Data   RO         6262    .conststring        nrf_log_frontend.o
    0x0000c456   0x0000c456   0x00000002   PAD
    0x0000c458   0x0000c458   0x00000024   Data   RO         6263    .conststring        nrf_log_frontend.o
    0x0000c47c   0x0000c47c   0x00000048   Data   RO         6524    .conststring        nrf_log_str_formatter.o
    0x0000c4c4   0x0000c4c4   0x000000c3   Data   RO           27    .conststrlit        main.o
    0x0000c587   0x0000c587   0x00000001   PAD
    0x0000c588   0x0000c588   0x00000053   Data   RO          554    .conststrlit        bsp.o
    0x0000c5db   0x0000c5db   0x00000001   PAD
    0x0000c5dc   0x0000c5dc   0x00000006   Data   RO          816    .conststrlit        nrf_drv_clock.o
    0x0000c5e2   0x0000c5e2   0x00000002   PAD
    0x0000c5e4   0x0000c5e4   0x00000006   Data   RO         1336    .conststrlit        nrfx_clock.o
    0x0000c5ea   0x0000c5ea   0x00000002   PAD
    0x0000c5ec   0x0000c5ec   0x00000007   Data   RO         1511    .conststrlit        nrfx_gpiote.o
    0x0000c5f3   0x0000c5f3   0x00000001   PAD
    0x0000c5f4   0x0000c5f4   0x00000004   Data   RO         1927    .conststrlit        nrfx_prs.o
    0x0000c5f8   0x0000c5f8   0x00000005   Data   RO         2072    .conststrlit        nrfx_uart.o
    0x0000c5fd   0x0000c5fd   0x00000003   PAD
    0x0000c600   0x0000c600   0x00000006   Data   RO         2264    .conststrlit        nrfx_uarte.o
    0x0000c606   0x0000c606   0x00000002   PAD
    0x0000c608   0x0000c608   0x00000005   Data   RO         2504    .conststrlit        nrfx_usbd.o
    0x0000c60d   0x0000c60d   0x00000003   PAD
    0x0000c610   0x0000c610   0x00000031   Data   RO         3003    .conststrlit        app_button.o
    0x0000c641   0x0000c641   0x00000003   PAD
    0x0000c644   0x0000c644   0x0000001e   Data   RO         3340    .conststrlit        app_timer2.o
    0x0000c662   0x0000c662   0x00000002   PAD
    0x0000c664   0x0000c664   0x00000021   Data   RO         3597    .conststrlit        app_usbd.o
    0x0000c685   0x0000c685   0x00000003   PAD
    0x0000c688   0x0000c688   0x00000008   Data   RO         3949    .conststrlit        app_usbd_cdc_acm.o
    0x0000c690   0x0000c690   0x0000000e   Data   RO         4119    .conststrlit        app_usbd_core.o
    0x0000c69e   0x0000c69e   0x00000002   PAD
    0x0000c6a0   0x0000c6a0   0x0000000a   Data   RO         4652    .conststrlit        hardfault_implementation.o
    0x0000c6aa   0x0000c6aa   0x00000002   PAD
    0x0000c6ac   0x0000c6ac   0x00000009   Data   RO         5434    .conststrlit        nrf_cli_uart.o
    0x0000c6b5   0x0000c6b5   0x00000003   PAD
    0x0000c6b8   0x0000c6b8   0x00000009   Data   RO         5661    .conststrlit        nrf_pwr_mgmt.o
    0x0000c6c1   0x0000c6c1   0x00000003   PAD
    0x0000c6c4   0x0000c6c4   0x00000009   Data   RO         5957    .conststrlit        nrf_sortlist.o
    0x0000c6cd   0x0000c6cd   0x00000003   PAD
    0x0000c6d0   0x0000c6d0   0x00000011   Data   RO         6162    .conststrlit        nrf_log_default_backends.o
    0x0000c6e1   0x0000c6e1   0x00000003   PAD
    0x0000c6e4   0x0000c6e4   0x00000024   Data   RO         6264    .conststrlit        nrf_log_frontend.o
    0x0000c708   0x0000c708   0x00000020   Data   RO         7367    Region$$Table       anon$$obj.o
    0x0000c728   0x0000c728   0x00000008   Data   RO          668    cli_command         bsp_cli.o
    0x0000c730   0x0000c730   0x00000008   Data   RO         4933    cli_command         nrf_balloc.o
    0x0000c738   0x0000c738   0x00000020   Data   RO         5078    cli_command         nrf_cli.o
    0x0000c758   0x0000c758   0x00000008   Data   RO         5749    cli_command         nrf_queue.o
    0x0000c760   0x0000c760   0x00000008   Data   RO         6268    cli_command         nrf_log_frontend.o
    0x0000c768   0x0000c768   0x00000010   Data   RO           36    log_backends        main.o
    0x0000c778   0x0000c778   0x00000010   Data   RO         6164    log_backends        nrf_log_default_backends.o
    0x0000c788   0x0000c788   0x00000018   Data   RO           37    log_const_data      main.o
    0x0000c7a0   0x0000c7a0   0x00000018   Data   RO          559    log_const_data      bsp.o
    0x0000c7b8   0x0000c7b8   0x00000008   Data   RO          817    log_const_data      nrf_drv_clock.o
    0x0000c7c0   0x0000c7c0   0x00000008   Data   RO         1338    log_const_data      nrfx_clock.o
    0x0000c7c8   0x0000c7c8   0x00000008   Data   RO         1512    log_const_data      nrfx_gpiote.o
    0x0000c7d0   0x0000c7d0   0x00000008   Data   RO         1929    log_const_data      nrfx_prs.o
    0x0000c7d8   0x0000c7d8   0x00000008   Data   RO         2073    log_const_data      nrfx_uart.o
    0x0000c7e0   0x0000c7e0   0x00000008   Data   RO         2265    log_const_data      nrfx_uarte.o
    0x0000c7e8   0x0000c7e8   0x00000008   Data   RO         2507    log_const_data      nrfx_usbd.o
    0x0000c7f0   0x0000c7f0   0x00000010   Data   RO         3006    log_const_data      app_button.o
    0x0000c800   0x0000c800   0x00000010   Data   RO         3344    log_const_data      app_timer2.o
    0x0000c810   0x0000c810   0x00000010   Data   RO         3600    log_const_data      app_usbd.o
    0x0000c820   0x0000c820   0x00000008   Data   RO         3951    log_const_data      app_usbd_cdc_acm.o
    0x0000c828   0x0000c828   0x00000008   Data   RO         4121    log_const_data      app_usbd_core.o
    0x0000c830   0x0000c830   0x00000008   Data   RO         4654    log_const_data      hardfault_implementation.o
    0x0000c838   0x0000c838   0x00000008   Data   RO         5435    log_const_data      nrf_cli_uart.o
    0x0000c840   0x0000c840   0x00000008   Data   RO         5663    log_const_data      nrf_pwr_mgmt.o
    0x0000c848   0x0000c848   0x00000008   Data   RO         5958    log_const_data      nrf_sortlist.o
    0x0000c850   0x0000c850   0x00000010   Data   RO         6270    log_const_data      nrf_log_frontend.o
    0x0000c860   0x0000c860   0x0000001c   Data   RO           40    nrf_balloc          main.o
    0x0000c87c   0x0000c87c   0x0000001c   Data   RO         6273    nrf_balloc          nrf_log_frontend.o
    0x0000c898   0x0000c898   0x0000001c   Data   RO           41    nrf_queue           main.o


    Execution Region RW_IRAM1 (Exec base: 0x20000000, Load base: 0x0000c8b4, Size: 0x000033d8, Max: 0x00040000, ABSOLUTE, COMPRESSED[0x000000dc])

    Exec Addr    Load Addr    Size         Type   Attr      Idx    E Section Name        Object

    0x20000000   COMPRESSED   0x00000020   Data   RW           28    .data               main.o
    0x20000020   COMPRESSED   0x00000018   Data   RW           29    .data               main.o
    0x20000038   COMPRESSED   0x0000000c   Data   RW           30    .data               main.o
    0x20000044   COMPRESSED   0x00000008   Data   RW           31    .data               main.o
    0x2000004c   COMPRESSED   0x00000001   Data   RW           32    .data               main.o
    0x2000004d   COMPRESSED   0x00000003   PAD
    0x20000050   COMPRESSED   0x00000008   Data   RW           33    .data               main.o
    0x20000058   COMPRESSED   0x00000008   Data   RW           34    .data               main.o
    0x20000060   COMPRESSED   0x00000008   Data   RW           35    .data               main.o
    0x20000068   COMPRESSED   0x00000010   Data   RW          555    .data               bsp.o
    0x20000078   COMPRESSED   0x00000020   Data   RW          556    .data               bsp.o
    0x20000098   COMPRESSED   0x00000020   Data   RW          557    .data               bsp.o
    0x200000b8   COMPRESSED   0x00000020   Data   RW          558    .data               bsp.o
    0x200000d8   COMPRESSED   0x00000004   Data   RW          667    .data               bsp_cli.o
    0x200000dc   COMPRESSED   0x00000001   Data   RW          947    .data               nrf_drv_power.o
    0x200000dd   COMPRESSED   0x00000003   PAD
    0x200000e0   COMPRESSED   0x00000014   Data   RW         1026    .data               nrf_drv_uart.o
    0x200000f4   COMPRESSED   0x0000000c   Data   RW         1337    .data               nrfx_clock.o
    0x20000100   COMPRESSED   0x00000010   Data   RW         1799    .data               nrfx_power.o
    0x20000110   COMPRESSED   0x00000008   Data   RW         1928    .data               nrfx_prs.o
    0x20000118   COMPRESSED   0x00000010   Data   RW         2505    .data               nrfx_usbd.o
    0x20000128   COMPRESSED   0x00000018   Data   RW         3004    .data               app_button.o
    0x20000140   COMPRESSED   0x00000020   Data   RW         3005    .data               app_button.o
    0x20000160   COMPRESSED   0x00000020   Data   RW         3341    .data               app_timer2.o
    0x20000180   COMPRESSED   0x00000014   Data   RW         3342    .data               app_timer2.o
    0x20000194   COMPRESSED   0x00000004   Data   RW         3343    .data               app_timer2.o
    0x20000198   COMPRESSED   0x00000014   Data   RW         3598    .data               app_usbd.o
    0x200001ac   COMPRESSED   0x00000024   Data   RW         3599    .data               app_usbd.o
    0x200001d0   COMPRESSED   0x0000000c   Data   RW         3950    .data               app_usbd_cdc_acm.o
    0x200001dc   COMPRESSED   0x00000010   Data   RW         4120    .data               app_usbd_core.o
    0x200001ec   COMPRESSED   0x00000018   Data   RW         4302    .data               app_usbd_string_desc.o
    0x20000204   COMPRESSED   0x00000004   Data   RW         4360    .data               app_util_platform.o
    0x20000208   COMPRESSED   0x0000000c   Data   RW         4449    .data               drv_rtc.o
    0x20000214   COMPRESSED   0x00000068   Data   RW         4653    .data               hardfault_implementation.o
    0x2000027c   COMPRESSED   0x00000004   Data   RW         5077    .data               nrf_cli.o
    0x20000280   COMPRESSED   0x00000018   Data   RW         6104    .data               nrf_log_backend_uart.o
    0x20000298   COMPRESSED   0x00000008   Data   RW         6163    .data               nrf_log_default_backends.o
    0x200002a0   COMPRESSED   0x0000002c   Data   RW         6265    .data               nrf_log_frontend.o
    0x200002cc   COMPRESSED   0x00000008   Data   RW         6266    .data               nrf_log_frontend.o
    0x200002d4   COMPRESSED   0x00000008   Data   RW         6267    .data               nrf_log_frontend.o
    0x200002dc   COMPRESSED   0x00000040   Data   RW         6525    .data               nrf_log_str_formatter.o
    0x2000031c   COMPRESSED   0x00000004   Data   RW         6940    .data               system_nrf52.o
    0x20000320   COMPRESSED   0x00000004   Data   RW          669    cli_sorted_cmd_ptrs  bsp_cli.o
    0x20000324   COMPRESSED   0x00000004   Data   RW         4934    cli_sorted_cmd_ptrs  nrf_balloc.o
    0x20000328   COMPRESSED   0x00000010   Data   RW         5079    cli_sorted_cmd_ptrs  nrf_cli.o
    0x20000338   COMPRESSED   0x00000004   Data   RW         5750    cli_sorted_cmd_ptrs  nrf_queue.o
    0x2000033c   COMPRESSED   0x00000004   Data   RW         6269    cli_sorted_cmd_ptrs  nrf_log_frontend.o
    0x20000340   COMPRESSED   0x0000000c   Data   RW           38    log_dynamic_data    main.o
    0x2000034c   COMPRESSED   0x0000000c   Data   RW          560    log_dynamic_data    bsp.o
    0x20000358   COMPRESSED   0x00000004   Data   RW          818    log_dynamic_data    nrf_drv_clock.o
    0x2000035c   COMPRESSED   0x00000004   Data   RW         1339    log_dynamic_data    nrfx_clock.o
    0x20000360   COMPRESSED   0x00000004   Data   RW         1513    log_dynamic_data    nrfx_gpiote.o
    0x20000364   COMPRESSED   0x00000004   Data   RW         1930    log_dynamic_data    nrfx_prs.o
    0x20000368   COMPRESSED   0x00000004   Data   RW         2074    log_dynamic_data    nrfx_uart.o
    0x2000036c   COMPRESSED   0x00000004   Data   RW         2266    log_dynamic_data    nrfx_uarte.o
    0x20000370   COMPRESSED   0x00000004   Data   RW         2508    log_dynamic_data    nrfx_usbd.o
    0x20000374   COMPRESSED   0x00000008   Data   RW         3007    log_dynamic_data    app_button.o
    0x2000037c   COMPRESSED   0x00000008   Data   RW         3345    log_dynamic_data    app_timer2.o
    0x20000384   COMPRESSED   0x00000008   Data   RW         3601    log_dynamic_data    app_usbd.o
    0x2000038c   COMPRESSED   0x00000004   Data   RW         3952    log_dynamic_data    app_usbd_cdc_acm.o
    0x20000390   COMPRESSED   0x00000004   Data   RW         4122    log_dynamic_data    app_usbd_core.o
    0x20000394   COMPRESSED   0x00000004   Data   RW         4655    log_dynamic_data    hardfault_implementation.o
    0x20000398   COMPRESSED   0x00000004   Data   RW         5436    log_dynamic_data    nrf_cli_uart.o
    0x2000039c   COMPRESSED   0x00000004   Data   RW         5664    log_dynamic_data    nrf_pwr_mgmt.o
    0x200003a0   COMPRESSED   0x00000004   Data   RW         5959    log_dynamic_data    nrf_sortlist.o
    0x200003a4   COMPRESSED   0x00000008   Data   RW         6271    log_dynamic_data    nrf_log_frontend.o
    0x200003ac   COMPRESSED   0x0000000c   Data   RW           39    log_filter_data     main.o
    0x200003b8   COMPRESSED   0x0000000c   Data   RW          561    log_filter_data     bsp.o
    0x200003c4   COMPRESSED   0x00000004   Data   RW          819    log_filter_data     nrf_drv_clock.o
    0x200003c8   COMPRESSED   0x00000004   Data   RW         1340    log_filter_data     nrfx_clock.o
    0x200003cc   COMPRESSED   0x00000004   Data   RW         1514    log_filter_data     nrfx_gpiote.o
    0x200003d0   COMPRESSED   0x00000004   Data   RW         1931    log_filter_data     nrfx_prs.o
    0x200003d4   COMPRESSED   0x00000004   Data   RW         2075    log_filter_data     nrfx_uart.o
    0x200003d8   COMPRESSED   0x00000004   Data   RW         2267    log_filter_data     nrfx_uarte.o
    0x200003dc   COMPRESSED   0x00000004   Data   RW         2509    log_filter_data     nrfx_usbd.o
    0x200003e0   COMPRESSED   0x00000008   Data   RW         3008    log_filter_data     app_button.o
    0x200003e8   COMPRESSED   0x00000008   Data   RW         3346    log_filter_data     app_timer2.o
    0x200003f0   COMPRESSED   0x00000008   Data   RW         3602    log_filter_data     app_usbd.o
    0x200003f8   COMPRESSED   0x00000004   Data   RW         3953    log_filter_data     app_usbd_cdc_acm.o
    0x200003fc   COMPRESSED   0x00000004   Data   RW         4123    log_filter_data     app_usbd_core.o
    0x20000400   COMPRESSED   0x00000004   Data   RW         4656    log_filter_data     hardfault_implementation.o
    0x20000404   COMPRESSED   0x00000004   Data   RW         5437    log_filter_data     nrf_cli_uart.o
    0x20000408   COMPRESSED   0x00000004   Data   RW         5665    log_filter_data     nrf_pwr_mgmt.o
    0x2000040c   COMPRESSED   0x00000004   Data   RW         5960    log_filter_data     nrf_sortlist.o
    0x20000410   COMPRESSED   0x00000008   Data   RW         6272    log_filter_data     nrf_log_frontend.o
    0x20000418        -       0x00000040   Zero   RW            9    .bss                main.o
    0x20000458        -       0x00000018   Zero   RW           10    .bss                main.o
    0x20000470        -       0x00000010   Zero   RW           11    .bss                main.o
    0x20000480        -       0x00000018   Zero   RW           12    .bss                main.o
    0x20000498        -       0x0000002c   Zero   RW           13    .bss                main.o
    0x200004c4        -       0x0000014c   Zero   RW           14    .bss                main.o
    0x20000610        -       0x00000014   Zero   RW           15    .bss                main.o
    0x20000624        -       0x0000000c   Zero   RW           16    .bss                main.o
    0x20000630        -       0x00000180   Zero   RW           17    .bss                main.o
    0x200007b0        -       0x00000088   Zero   RW           18    .bss                main.o
    0x20000838        -       0x00000040   Zero   RW           19    .bss                main.o
    0x20000878        -       0x0000000c   Zero   RW          552    .bss                bsp.o
    0x20000884        -       0x00000014   Zero   RW          811    .bss                nrf_drv_clock.o
    0x20000898        -       0x0000006c   Zero   RW         1506    .bss                nrfx_gpiote.o
    0x20000904        -       0x0000002c   Zero   RW         2067    .bss                nrfx_uart.o
    0x20000930        -       0x00000024   Zero   RW         2259    .bss                nrfx_uarte.o
    0x20000954        -       0x00000238   Zero   RW         2502    .bss                nrfx_usbd.o
    0x20000b8c        -       0x00000020   Zero   RW         3001    .bss                app_button.o
    0x20000bac        -       0x00000058   Zero   RW         3338    .bss                app_timer2.o
    0x20000c04        -       0x000001a4   Zero   RW         3595    .bss                app_usbd.o
    0x20000da8        -       0x00000058   Zero   RW         4114    .bss                app_usbd_core.o
    0x20000e00        -       0x0000000c   Zero   RW         4115    .bss                app_usbd_core.o
    0x20000e0c        -       0x0000000d   Zero   RW         4243    .bss                app_usbd_serial_num.o
    0x20000e19        -       0x00000040   Zero   RW         6101    .bss                nrf_log_backend_uart.o
    0x20000e59   COMPRESSED   0x00000003   PAD
    0x20000e5c        -       0x000000c0   Zero   RW         6246    .bss                nrf_log_frontend.o
    0x20000f1c        -       0x00000080   Zero   RW         6247    .bss                nrf_log_frontend.o
    0x20000f9c        -       0x00000018   Zero   RW         6248    .bss                nrf_log_frontend.o
    0x20000fb4        -       0x00000420   Zero   RW         6249    .bss                nrf_log_frontend.o
    0x200013d4   COMPRESSED   0x00000004   PAD
    0x200013d8        -       0x00002000   Zero   RW         6926    STACK               arm_startup_nrf52840.o


==============================================================================

Image component sizes


      Code (inc. data)   RO Data    RW Data    ZI Data      Debug   Object Name

       656         68         73         72         32      18327   app_button.o
        22          0          0          0          0       4869   app_error.o
       148         50          0          0          0      30829   app_error_weak.o
      1018         90         66         72         88      17415   app_timer2.o
         0          0          0          0          0       5920   app_uart_fifo.o
      2394        198        117         72        420      82085   app_usbd.o
      2920         74         92         20          0      50342   app_usbd_cdc_acm.o
      1702         90        105         24        100      52650   app_usbd_core.o
        80         18          0          0         13       2056   app_usbd_serial_num.o
       144         12         87         24          0       5688   app_usbd_string_desc.o
        44         10          0          4          0       3556   app_util_platform.o
        36          8        512          0       8192        968   arm_startup_nrf52840.o
       388         36          8          0          0      12880   boards.o
       898         80        151        136         12      13994   bsp.o
        80         22        129          8          0      23341   bsp_cli.o
       724         82          6         12          0      48493   drv_rtc.o
        52         14          0          0          0        616   hardfault_handler_keil.o
       540        280       1319        112          0       3887   hardfault_implementation.o
       856        252        480        125       1120     164837   main.o
       326          0          0          0          0       5915   nrf_atfifo.o
       340          0          0          0          0      10755   nrf_atomic.o
       352         32        288          4          0      12691   nrf_balloc.o
      8662        880       1142         20          0      80244   nrf_cli.o
       598         38         37          8          0      15017   nrf_cli_uart.o
       370         44         14          8         20      15129   nrf_drv_clock.o
        76         10          1          1          0       6526   nrf_drv_power.o
       200         26          0         20          0       6744   nrf_drv_uart.o
        50          0          0          0          0       1969   nrf_fprintf.o
       866          4         16          0          0       6534   nrf_fprintf_format.o
       200          0          0          0          0      10917   nrf_log_backend_serial.o
       226         44         44         24         64       9274   nrf_log_backend_uart.o
         0          0         33          8          0       2517   nrf_log_default_backends.o
      3516        758       1058         80       1400      61868   nrf_log_frontend.o
       570        108         72         64          0       5636   nrf_log_str_formatter.o
       346          0          0          0          0       8063   nrf_memobj.o
         0          0          0          0          0       1472   nrf_nvic.o
         2          0         17          8          0       4305   nrf_pwr_mgmt.o
       660         56        227          4          0      10251   nrf_queue.o
       584          0          0          0          0       7594   nrf_ringbuf.o
        84          0         17          8          0       4266   nrf_sortlist.o
       236          0          0          0          0       3520   nrfx_atomic.o
       316         46         14         20          0      48695   nrfx_clock.o
      1386        108         23          8        108      66726   nrfx_gpiote.o
       322         26          0         16          0      16240   nrfx_power.o
       102         16         12         16          0       4587   nrfx_prs.o
      1640         54         17          8         44      34626   nrfx_uart.o
      1660         58         18          8         36      29588   nrfx_uarte.o
      4428        506        219         24        568     147118   nrfx_usbd.o
       500         66          0          4          0      31569   system_nrf52.o

    ----------------------------------------------------------------------
     41410       4264       6552       1048      12224    1213109   Object Totals
         0          0         32          0          0          0   (incl. Generated)
        90          0        106          6          7          0   (incl. Padding)

    ----------------------------------------------------------------------

      Code (inc. data)   RO Data    RW Data    ZI Data      Debug   Library Member Name

        56          8          0          0          0         84   __0sscanf.o
        86          0          0          0          0          0   __dczerorl2.o
        28          0          0          0          0         68   _chval.o
       812          4          0          0          0        112   _scanf.o
       332          0          0          0          0         96   _scanf_int.o
        64          0          0          0          0         84   _sgetc.o
         8          4        133          0          0         68   ctype_o.o
         0          0          0          0          0          0   entry.o
         0          0          0          0          0          0   entry10a.o
         0          0          0          0          0          0   entry11a.o
         8          4          0          0          0          0   entry2.o
         4          0          0          0          0          0   entry5.o
         0          0          0          0          0          0   entry7b.o
         0          0          0          0          0          0   entry8b.o
         8          4          0          0          0          0   entry9a.o
        30          0          0          0          0          0   handlers.o
        36          8          0          0          0         68   init.o
        18          0          0          0          0         76   isspace_o.o
        30          0          0          0          0         68   llshl.o
        32          0          0          0          0         68   llushr.o
        64          0          0          0          0         76   memmovea.o
        36          0          0          0          0        108   memseta.o
      1242         54          0          0          0        572   printf8.o
       156          0          0          0          0         88   qsort.o
        40          8          0          0          0         84   scanf_char.o
        28          0          0          0          0         76   strcmp.o
        18          0          0          0          0         68   strcpy.o
        14          0          0          0          0         68   strlen.o
        30          0          0          0          0         80   strncmp.o
        98          0          0          0          0         92   uldiv.o

    ----------------------------------------------------------------------
      3282         94        136          0          0       2104   Library Totals
         4          0          3          0          0          0   (incl. Padding)

    ----------------------------------------------------------------------

      Code (inc. data)   RO Data    RW Data    ZI Data      Debug   Library Name

      3278         94        133          0          0       2104   mc_w.l

    ----------------------------------------------------------------------
      3282         94        136          0          0       2104   Library Totals

    ----------------------------------------------------------------------

==============================================================================


      Code (inc. data)   RO Data    RW Data    ZI Data      Debug   

     44692       4358       6688       1048      12224    1160805   Grand Totals
     44692       4358       6688        220      12224    1160805   ELF Image Totals (compressed)
     44692       4358       6688        220          0          0   ROM Totals

==============================================================================

    Total RO  Size (Code + RO Data)                51380 (  50.18kB)
    Total RW  Size (RW Data + ZI Data)             13272 (  12.96kB)
    Total ROM Size (Code + RO Data + RW Data)      51600 (  50.39kB)

==============================================================================

