Component: ARM Compiler 5.06 update 6 (build 750) Tool: armlink [4d35ed]

==============================================================================

Section Cross References

    main.o(i.bsp_evt_handler) refers to main.o(.data) for .data
    main.o(i.ep_configuration) refers to nrfx_usbd.o(i.nrfx_usbd_ep_dtoggle_clear) for nrfx_usbd_ep_dtoggle_clear
    main.o(i.ep_configuration) refers to nrfx_usbd.o(i.nrfx_usbd_ep_stall_clear) for nrfx_usbd_ep_stall_clear
    main.o(i.ep_configuration) refers to nrfx_usbd.o(i.nrfx_usbd_ep_enable) for nrfx_usbd_ep_enable
    main.o(i.ep_configuration) refers to nrfx_usbd.o(i.nrfx_usbd_setup_clear) for nrfx_usbd_setup_clear
    main.o(i.ep_configuration) refers to nrfx_usbd.o(i.nrfx_usbd_ep_transfer) for nrfx_usbd_ep_transfer
    main.o(i.ep_configuration) refers to nrfx_usbd.o(i.nrfx_usbd_ep_disable) for nrfx_usbd_ep_disable
    main.o(i.ep_configuration) refers to main.o(.data) for .data
    main.o(i.ep_configuration) refers to main.o(.constdata) for .constdata
    main.o(i.init_bsp) refers to bsp.o(i.bsp_init) for bsp_init
    main.o(i.init_bsp) refers to app_error_handler_keil.o(.emb_text) for app_error_handler
    main.o(i.init_bsp) refers to bsp.o(i.bsp_event_to_button_action_assign) for bsp_event_to_button_action_assign
    main.o(i.init_bsp) refers to main.o(i.bsp_evt_handler) for bsp_evt_handler
    main.o(i.init_bsp) refers to main.o(i.init_power_clock) for i.init_power_clock
    main.o(i.init_cli) refers to bsp_cli.o(i.bsp_cli_init) for bsp_cli_init
    main.o(i.init_cli) refers to app_error_handler_keil.o(.emb_text) for app_error_handler
    main.o(i.init_cli) refers to memmovea.o(.text) for __aeabi_memcpy4
    main.o(i.init_cli) refers to nrf_cli.o(i.nrf_cli_init) for nrf_cli_init
    main.o(i.init_cli) refers to nrf_cli.o(i.nrf_cli_start) for nrf_cli_start
    main.o(i.init_cli) refers to main.o(i.bsp_evt_handler) for bsp_evt_handler
    main.o(i.init_cli) refers to main.o(i.init_power_clock) for i.init_power_clock
    main.o(i.init_cli) refers to main.o(.constdata) for .constdata
    main.o(i.init_power_clock) refers to nrf_drv_clock.o(i.nrf_drv_clock_init) for nrf_drv_clock_init
    main.o(i.init_power_clock) refers to app_error_handler_keil.o(.emb_text) for app_error_handler
    main.o(i.init_power_clock) refers to nrf_drv_power.o(i.nrf_drv_power_init) for nrf_drv_power_init
    main.o(i.init_power_clock) refers to nrf_drv_clock.o(i.nrf_drv_clock_hfclk_request) for nrf_drv_clock_hfclk_request
    main.o(i.init_power_clock) refers to nrf_drv_clock.o(i.nrf_drv_clock_lfclk_request) for nrf_drv_clock_lfclk_request
    main.o(i.init_power_clock) refers to nrf_drv_clock.o(i.nrf_drv_clock_hfclk_is_running) for nrf_drv_clock_hfclk_is_running
    main.o(i.init_power_clock) refers to nrf_drv_clock.o(i.nrf_drv_clock_lfclk_is_running) for nrf_drv_clock_lfclk_is_running
    main.o(i.init_power_clock) refers to app_timer2.o(i.app_timer_init) for app_timer_init
    main.o(i.log_resetreason) refers to nrf_log_frontend.o(i.nrf_log_frontend_std_0) for nrf_log_frontend_std_0
    main.o(i.log_resetreason) refers to nrf_log_frontend.o(log_dynamic_data) for m_nrf_log_app_logs_data_dynamic
    main.o(i.log_resetreason) refers to nrf_log_frontend.o(log_const_data) for m_nrf_log_app_logs_data_const
    main.o(i.main) refers to nrf_log_frontend.o(i.nrf_log_init) for nrf_log_init
    main.o(i.main) refers to main.o(i.init_power_clock) for init_power_clock
    main.o(i.main) refers to main.o(i.init_bsp) for init_bsp
    main.o(i.main) refers to main.o(i.init_cli) for init_cli
    main.o(i.main) refers to nrf_log_frontend.o(i.nrf_log_frontend_std_0) for nrf_log_frontend_std_0
    main.o(i.main) refers to main.o(i.log_resetreason) for log_resetreason
    main.o(i.main) refers to nrfx_usbd.o(i.nrfx_usbd_init) for nrfx_usbd_init
    main.o(i.main) refers to app_error_handler_keil.o(.emb_text) for app_error_handler
    main.o(i.main) refers to nrfx_usbd.o(i.nrfx_usbd_ep_max_packet_size_set) for nrfx_usbd_ep_max_packet_size_set
    main.o(i.main) refers to nrfx_usbd.o(i.nrfx_usbd_ep_transfer) for nrfx_usbd_ep_transfer
    main.o(i.main) refers to boards.o(i.bsp_board_init) for bsp_board_init
    main.o(i.main) refers to boards.o(i.bsp_board_led_on) for bsp_board_led_on
    main.o(i.main) refers to nrf_drv_power.o(i.nrf_drv_power_usbevt_init) for nrf_drv_power_usbevt_init
    main.o(i.main) refers to nrf_log_frontend.o(i.nrf_log_frontend_dequeue) for nrf_log_frontend_dequeue
    main.o(i.main) refers to boards.o(i.bsp_board_led_off) for bsp_board_led_off
    main.o(i.main) refers to nrfx_usbd.o(i.nrfx_usbd_suspend) for nrfx_usbd_suspend
    main.o(i.main) refers to boards.o(i.bsp_board_leds_off) for bsp_board_leds_off
    main.o(i.main) refers to nrfx_usbd.o(i.nrfx_usbd_wakeup_req) for nrfx_usbd_wakeup_req
    main.o(i.main) refers to main.o(i.move_mouse_pointer) for move_mouse_pointer
    main.o(i.main) refers to nrf_cli.o(i.nrf_cli_process) for nrf_cli_process
[...]
    m_nrf_log_app_timer_m_bsp_alert_tmr_logs_data_filter 0x20000354   Data           4  bsp.o(log_filter_data)
    m_nrf_log_app_timer_m_bsp_button_tmr_logs_data_filter 0x20000358   Data           4  bsp.o(log_filter_data)
    m_nrf_log_clock_logs_data_filter         0x2000035c   Data           4  nrf_drv_clock.o(log_filter_data)
    m_nrf_log_CLOCK_logs_data_filter         0x20000360   Data           4  nrfx_clock.o(log_filter_data)
    m_nrf_log_GPIOTE_logs_data_filter        0x20000364   Data           4  nrfx_gpiote.o(log_filter_data)
    m_nrf_log_PRS_logs_data_filter           0x20000368   Data           4  nrfx_prs.o(log_filter_data)
    m_nrf_log_UART_logs_data_filter          0x2000036c   Data           4  nrfx_uart.o(log_filter_data)
    m_nrf_log_UARTE_logs_data_filter         0x20000370   Data           4  nrfx_uarte.o(log_filter_data)
    m_nrf_log_USBD_logs_data_filter          0x20000374   Data           4  nrfx_usbd.o(log_filter_data)
    m_nrf_log_app_button_logs_data_filter    0x20000378   Data           4  app_button.o(log_filter_data)
    m_nrf_log_app_timer_m_detection_delay_timer_id_logs_data_filter 0x2000037c   Data           4  app_button.o(log_filter_data)
    m_nrf_log_app_timer_logs_data_filter     0x20000380   Data           4  app_timer2.o(log_filter_data)
    m_nrf_log_atfifo_m_req_fifo_logs_data_filter 0x20000384   Data           4  app_timer2.o(log_filter_data)
    m_nrf_log_hardfault_logs_data_filter     0x20000388   Data           4  hardfault_implementation.o(log_filter_data)
    m_nrf_log_cli_uart_logs_data_filter      0x2000038c   Data           4  nrf_cli_uart.o(log_filter_data)
    m_nrf_log_pwr_mgmt_logs_data_filter      0x20000390   Data           4  nrf_pwr_mgmt.o(log_filter_data)
    m_nrf_log_sortlist_logs_data_filter      0x20000394   Data           4  nrf_sortlist.o(log_filter_data)
    m_nrf_log_balloc_log_mempool_logs_data_filter 0x20000398   Data           4  nrf_log_frontend.o(log_filter_data)
    m_nrf_log_app_logs_data_filter           0x2000039c   Data           4  nrf_log_frontend.o(log_filter_data)
    m_ep_feeder_state                        0x20000d1c   Data         108  nrfx_usbd.o(.bss)
    m_ep_consumer_state                      0x20000d88   Data         108  nrfx_usbd.o(.bss)
    _SEGGER_RTT                              0x200014c4   Data         120  segger_rtt.o(.bss)
    STACK$$Base                              0x20001750   Number         0  arm_startup_nrf52840.o(STACK)
    STACK$$Limit                             0x20003750   Number         0  arm_startup_nrf52840.o(STACK)
    __initial_sp                             0x20003750   Data           0  arm_startup_nrf52840.o(STACK)



==============================================================================

Memory Map of the image

  Image Entry point : 0x00000201

  Load Region LR_IROM1 (Base: 0x00000000, Size: 0x0000eaac, Max: 0x00100000, ABSOLUTE, COMPRESSED[0x0000e7cc])

    Execution Region ER_IROM1 (Exec base: 0x00000000, Load base: 0x00000000, Size: 0x0000e70c, Max: 0x00100000, ABSOLUTE)

    Exec Addr    Load Addr    Size         Type   Attr      Idx    E Section Name        Object

    0x00000000   0x00000000   0x00000200   Data   RO         6057    RESET               arm_startup_nrf52840.o
    0x00000200   0x00000200   0x00000000   Code   RO         6117  * .ARM.Collect$$$$00000000  mc_w.l(entry.o)
    0x00000200   0x00000200   0x00000004   Code   RO         6185    .ARM.Collect$$$$00000001  mc_w.l(entry2.o)
    0x00000204   0x00000204   0x00000004   Code   RO         6188    .ARM.Collect$$$$00000004  mc_w.l(entry5.o)
    0x00000208   0x00000208   0x00000000   Code   RO         6190    .ARM.Collect$$$$00000008  mc_w.l(entry7b.o)
    0x00000208   0x00000208   0x00000000   Code   RO         6192    .ARM.Collect$$$$0000000A  mc_w.l(entry8b.o)
    0x00000208   0x00000208   0x00000008   Code   RO         6193    .ARM.Collect$$$$0000000B  mc_w.l(entry9a.o)
    0x00000210   0x00000210   0x00000000   Code   RO         6195    .ARM.Collect$$$$0000000D  mc_w.l(entry10a.o)
    0x00000210   0x00000210   0x00000000   Code   RO         6197    .ARM.Collect$$$$0000000F  mc_w.l(entry11a.o)
    0x00000210   0x00000210   0x00000004   Code   RO         6186    .ARM.Collect$$$$00002712  mc_w.l(entry2.o)
    0x00000214   0x00000214   0x000000e2   Code   RO         1147    .emb_text           nrfx_atomic.o
    0x000002f6   0x000002f6   0x00000002   PAD
    0x000002f8   0x000002f8   0x0000001a   Code   RO         3158    .emb_text           app_error_handler_keil.o
    0x00000312   0x00000312   0x00000002   PAD
    0x00000314   0x00000314   0x00000034   Code   RO         3673    .emb_text           hardfault_handler_keil.o
    0x00000348   0x00000348   0x000000c8   Code   RO         3767    .emb_text           nrf_atfifo.o
    0x00000410   0x00000410   0x000000e2   Code   RO         3837    .emb_text           nrf_atomic.o
    0x000004f2   0x000004f2   0x00000002   PAD
    0x000004f4   0x000004f4   0x00000024   Code   RO         6058    .text               arm_startup_nrf52840.o
    0x00000518   0x00000518   0x00000062   Code   RO         6125    .text               mc_w.l(uldiv.o)
    0x0000057a   0x0000057a   0x0000001e   Code   RO         6127    .text               mc_w.l(llshl.o)
    0x00000598   0x00000598   0x00000008   Code   RO         6129    .text               mc_w.l(ctype_o.o)
    0x000005a0   0x000005a0   0x00000012   Code   RO         6151    .text               mc_w.l(isspace_o.o)
    0x000005b2   0x000005b2   0x0000009c   Code   RO         6159    .text               mc_w.l(qsort.o)
    0x0000064e   0x0000064e   0x00000040   Code   RO         6163    .text               mc_w.l(memmovea.o)
    0x0000068e   0x0000068e   0x00000024   Code   RO         6165    .text               mc_w.l(memseta.o)
    0x000006b2   0x000006b2   0x0000000e   Code   RO         6169    .text               mc_w.l(strlen.o)
    0x000006c0   0x000006c0   0x0000001c   Code   RO         6171    .text               mc_w.l(strcmp.o)
    0x000006dc   0x000006dc   0x00000012   Code   RO         6173    .text               mc_w.l(strcpy.o)
    0x000006ee   0x000006ee   0x0000001e   Code   RO         6175    .text               mc_w.l(strncmp.o)
    0x0000070c   0x0000070c   0x00000038   Code   RO         6181    .text               mc_w.l(__0sscanf.o)
    0x00000744   0x00000744   0x0000014c   Code   RO         6183    .text               mc_w.l(_scanf_int.o)
    0x00000890   0x00000890   0x00000020   Code   RO         6200    .text               mc_w.l(llushr.o)
    0x000008b0   0x000008b0   0x0000001c   Code   RO         6202    .text               mc_w.l(_chval.o)
    0x000008cc   0x000008cc   0x00000028   Code   RO         6204    .text               mc_w.l(scanf_char.o)
    0x000008f4   0x000008f4   0x00000040   Code   RO         6206    .text               mc_w.l(_sgetc.o)
    0x00000934   0x00000934   0x00000024   Code   RO         6209    .text               mc_w.l(init.o)
    0x00000958   0x00000958   0x0000032c   Code   RO         6213    .text               mc_w.l(_scanf.o)
    0x00000c84   0x00000c84   0x00000056   Code   RO         6226    .text               mc_w.l(__dczerorl2.o)
    0x00000cda   0x00000cda   0x00000002   PAD
    0x00000cdc   0x00000cdc   0x000000a4   Code   RO         1429    i.GPIOTE_IRQHandler  nrfx_gpiote.o
    0x00000d80   0x00000d80   0x00000204   Code   RO         3695    i.HardFault_c_handler  hardfault_implementation.o
    0x00000f84   0x00000f84   0x00000024   Code   RO         3696    i.HardFault_process  hardfault_implementation.o
    0x00000fa8   0x00000fa8   0x0000000e   Code   RO         1765    i.POWER_CLOCK_IRQHandler  nrfx_power.o
    0x00000fb6   0x00000fb6   0x00000002   PAD
    0x00000fb8   0x00000fb8   0x00000010   Code   RO         3466    i.RTC1_IRQHandler   drv_rtc.o
    0x00000fc8   0x00000fc8   0x0000005c   Code   RO         5725    i.SEGGER_RTT_WriteNoLock  segger_rtt.o
    0x00001024   0x00001024   0x000001dc   Code   RO         6066    i.SystemInit        system_nrf52.o
    0x00001200   0x00001200   0x00000058   Code   RO         1913    i.UARTE0_UART0_IRQHandler  nrfx_prs.o
    0x00001258   0x00001258   0x00000078   Code   RO         2399    i.USBD_IRQHandler   nrfx_usbd.o
    0x000012d0   0x000012d0   0x00000016   Code   RO         5730    i._GetAvailWriteSpace  segger_rtt.o
    0x000012e6   0x000012e6   0x00000002   PAD
    0x000012e8   0x000012e8   0x00000028   Code   RO         2400    i._NRFX_IRQ_IS_ENABLED  nrfx_usbd.o
    0x00001310   0x00001310   0x0000005a   Code   RO         5732    i._WriteBlocking    segger_rtt.o
    0x0000136a   0x0000136a   0x00000042   Code   RO         5733    i._WriteNoCheck     segger_rtt.o
    0x000013ac   0x000013ac   0x0000000e   Code   RO         6220    i.__scatterload_copy  mc_w.l(handlers.o)
    0x000013ba   0x000013ba   0x00000002   Code   RO         6221    i.__scatterload_null  mc_w.l(handlers.o)
    0x000013bc   0x000013bc   0x0000000e   Code   RO         6222    i.__scatterload_zeroinit  mc_w.l(handlers.o)
    0x000013ca   0x000013ca   0x00000006   Code   RO          556    i.alert_timer_handler  bsp.o
    0x000013d0   0x000013d0   0x00000070   Code   RO         3024    i.app_button_enable  app_button.o
    0x00001440   0x00001440   0x00000080   Code   RO         3025    i.app_button_init   app_button.o
    0x000014c0   0x000014c0   0x00000128   Code   RO         3180    i.app_error_fault_handler  app_error_weak.o
    0x000015e8   0x000015e8   0x00000064   Code   RO         3121    i.app_error_save_and_stop  app_error.o
    0x0000164c   0x0000164c   0x0000000c   Code   RO         3265    i.app_timer_cnt_get  app_timer2.o
    0x00001658   0x00001658   0x0000007c   Code   RO         3266    i.app_timer_create  app_timer2.o
    0x000016d4   0x000016d4   0x0000005c   Code   RO         3267    i.app_timer_init    app_timer2.o
    0x00001730   0x00001730   0x00000094   Code   RO         3270    i.app_timer_start   app_timer2.o
    0x000017c4   0x000017c4   0x00000084   Code   RO         3271    i.app_timer_stop    app_timer2.o
    0x00001848   0x00001848   0x0000005c   Code   RO         3405    i.app_util_critical_region_enter  app_util_platform.o
    0x000018a4   0x000018a4   0x0000005c   Code   RO         3406    i.app_util_critical_region_exit  app_util_platform.o
    0x00001900   0x00001900   0x00000010   Code   RO         3407    i.app_util_disable_irq  app_util_platform.o
    0x00001910   0x00001910   0x00000014   Code   RO         3408    i.app_util_enable_irq  app_util_platform.o
    0x00001924   0x00001924   0x00000076   Code   RO         2030    i.apply_config      nrfx_uart.o
    0x0000199a   0x0000199a   0x00000076   Code   RO         2231    i.apply_config      nrfx_uarte.o
    0x00001a10   0x00001a10   0x00000014   Code   RO         3740    i.assert_nrf_callback  nrf_assert.o
    0x00001a24   0x00001a24   0x00000048   Code   RO         5333    i.backend_name_get  nrf_log_frontend.o
    0x00001a6c   0x00001a6c   0x00000010   Code   RO         2401    i.bit2ep            nrfx_usbd.o
    0x00001a7c   0x00001a7c   0x00000054   Code   RO          441    i.bsp_board_init    boards.o
    0x00001ad0   0x00001ad0   0x0000006c   Code   RO          443    i.bsp_board_led_invert  boards.o
    0x00001b3c   0x00001b3c   0x00000054   Code   RO          444    i.bsp_board_led_off  boards.o
    0x00001b90   0x00001b90   0x00000054   Code   RO          445    i.bsp_board_led_on  boards.o
    0x00001be4   0x00001be4   0x00000068   Code   RO          446    i.bsp_board_led_state_get  boards.o
    0x00001c4c   0x00001c4c   0x00000012   Code   RO          447    i.bsp_board_leds_off  boards.o
    0x00001c5e   0x00001c5e   0x00000012   Code   RO          448    i.bsp_board_leds_on  boards.o
    0x00001c70   0x00001c70   0x00000024   Code   RO          449    i.bsp_board_pin_to_button_idx  boards.o
    0x00001c94   0x00001c94   0x00000090   Code   RO          557    i.bsp_button_event_handler  bsp.o
    0x00001d24   0x00001d24   0x0000000c   Code   RO          683    i.bsp_cli_init      bsp_cli.o
    0x00001d30   0x00001d30   0x00000044   Code   RO          561    i.bsp_event_to_button_action_assign  bsp.o
    0x00001d74   0x00001d74   0x00000024   Code   RO            4    i.bsp_evt_handler   main.o
    0x00001d98   0x00001d98   0x00000094   Code   RO          563    i.bsp_init          bsp.o
    0x00001e2c   0x00001e2c   0x000001c8   Code   RO          564    i.bsp_led_indication  bsp.o
    0x00001ff4   0x00001ff4   0x0000008c   Code   RO         5334    i.buf_prealloc      nrf_log_frontend.o
    0x00002080   0x00002080   0x0000002e   Code   RO         4601    i.buffer_add        nrf_fprintf_format.o
    0x000020ae   0x000020ae   0x00000002   PAD
    0x000020b0   0x000020b0   0x00000018   Code   RO         5335    i.buffer_is_empty   nrf_log_frontend.o
    0x000020c8   0x000020c8   0x0000006c   Code   RO         3027    i.button_get        app_button.o
    0x00002134   0x00002134   0x00000008   Code   RO          567    i.button_timer_handler  bsp.o
    0x0000213c   0x0000213c   0x0000001c   Code   RO         1430    i.channel_free      nrfx_gpiote.o
    0x00002158   0x00002158   0x00000048   Code   RO         1431    i.channel_port_alloc  nrfx_gpiote.o
    0x000021a0   0x000021a0   0x00000010   Code   RO         1432    i.channel_port_get  nrfx_gpiote.o
    0x000021b0   0x000021b0   0x000000b8   Code   RO         4039    i.char_backspace    nrf_cli.o
    0x00002268   0x00002268   0x000000e8   Code   RO         4040    i.char_delete       nrf_cli.o
    0x00002350   0x00002350   0x00000140   Code   RO         4041    i.char_insert       nrf_cli.o
    0x00002490   0x00002490   0x0000006c   Code   RO         4042    i.cli_clear_eos     nrf_cli.o
    0x000024fc   0x000024fc   0x0000006c   Code   RO         4043    i.cli_cursor_restore  nrf_cli.o
    0x00002568   0x00002568   0x0000006c   Code   RO         4044    i.cli_cursor_save   nrf_cli.o
    0x000025d4   0x000025d4   0x00000214   Code   RO         4045    i.cli_execute       nrf_cli.o
    0x000027e8   0x000027e8   0x0000000c   Code   RO         4046    i.cli_flag_echo_is_set  nrf_cli.o
    0x000027f4   0x000027f4   0x0000016c   Code   RO         4047    i.cli_log_entry_process  nrf_cli.o
    0x00002960   0x00002960   0x00000074   Code   RO         4048    i.cli_read          nrf_cli.o
    0x000029d4   0x000029d4   0x00000274   Code   RO         4049    i.cli_state_collect  nrf_cli.o
    0x00002c48   0x00002c48   0x00000028   Code   RO         4050    i.cli_state_set     nrf_cli.o
    0x00002c70   0x00002c70   0x0000000a   Code   RO         4051    i.cli_strlen        nrf_cli.o
    0x00002c7a   0x00002c7a   0x00000002   PAD
    0x00002c7c   0x00002c7c   0x00000318   Code   RO         4052    i.cli_tab_handle    nrf_cli.o
    0x00002f94   0x00002f94   0x00000060   Code   RO         4053    i.cli_transport_evt_handler  nrf_cli.o
    0x00002ff4   0x00002ff4   0x0000006c   Code   RO         4483    i.cli_uart_enable   nrf_cli_uart.o
    0x00003060   0x00003060   0x0000004c   Code   RO         4484    i.cli_uart_init     nrf_cli_uart.o
    0x000030ac   0x000030ac   0x00000068   Code   RO         4485    i.cli_uart_read     nrf_cli_uart.o
    0x00003114   0x00003114   0x00000016   Code   RO         4486    i.cli_uart_uninit   nrf_cli_uart.o
    0x0000312a   0x0000312a   0x00000002   PAD
    0x0000312c   0x0000312c   0x000000c0   Code   RO         4487    i.cli_uart_write    nrf_cli_uart.o
    0x000031ec   0x000031ec   0x000000c8   Code   RO         4054    i.cli_write         nrf_cli.o
    0x000032b4   0x000032b4   0x00000028   Code   RO          762    i.clock_clk_started_notify  nrf_drv_clock.o
    0x000032dc   0x000032dc   0x0000001c   Code   RO          763    i.clock_irq_handler  nrf_drv_clock.o
    0x000032f8   0x000032f8   0x00000068   Code   RO          684    i.cmd_btn           bsp_cli.o
    0x00003360   0x00003360   0x00000068   Code   RO          685    i.cmd_evt           bsp_cli.o
    0x000033c8   0x000033c8   0x000000dc   Code   RO         4055    i.cmd_get           nrf_cli.o
    0x000034a4   0x000034a4   0x0000009a   Code   RO         4056    i.cmd_trim          nrf_cli.o
    0x0000353e   0x0000353e   0x00000018   Code   RO         3273    i.compare_func      app_timer2.o
    0x00003556   0x00003556   0x00000002   PAD
    0x00003558   0x00003558   0x000000d8   Code   RO         4057    i.completion_insert  nrf_cli.o
    0x00003630   0x00003630   0x00000018   Code   RO         4058    i.cursor_down_move  nrf_cli.o
    0x00003648   0x00003648   0x00000052   Code   RO         4059    i.cursor_end_position_move  nrf_cli.o
    0x0000369a   0x0000369a   0x00000054   Code   RO         4060    i.cursor_home_position_move  nrf_cli.o
    0x000036ee   0x000036ee   0x00000026   Code   RO         4061    i.cursor_in_empty_line  nrf_cli.o
    0x00003714   0x00003714   0x00000018   Code   RO         4062    i.cursor_left_move  nrf_cli.o
    0x0000372c   0x0000372c   0x0000000c   Code   RO         4063    i.cursor_next_line_move  nrf_cli.o
    0x00003738   0x00003738   0x00000124   Code   RO         4064    i.cursor_position_get  nrf_cli.o
    0x0000385c   0x0000385c   0x0000006a   Code   RO         4065    i.cursor_position_synchronize  nrf_cli.o
    0x000038c6   0x000038c6   0x00000002   PAD
    0x000038c8   0x000038c8   0x00000018   Code   RO         4066    i.cursor_right_move  nrf_cli.o
    0x000038e0   0x000038e0   0x00000018   Code   RO         4067    i.cursor_up_move    nrf_cli.o
    0x000038f8   0x000038f8   0x00000048   Code   RO         3028    i.detection_delay_timeout_handler  app_button.o
    0x00003940   0x00003940   0x00000014   Code   RO         5336    i.dropped_sat16_get  nrf_log_frontend.o
    0x00003954   0x00003954   0x0000000c   Code   RO         3467    i.drv_rtc_compare_disable  drv_rtc.o
    0x00003960   0x00003960   0x0000000e   Code   RO         3469    i.drv_rtc_compare_get  drv_rtc.o
    0x0000396e   0x0000396e   0x0000000e   Code   RO         3470    i.drv_rtc_compare_pending  drv_rtc.o
    0x0000397c   0x0000397c   0x00000094   Code   RO         3471    i.drv_rtc_compare_set  drv_rtc.o
    0x00003a10   0x00003a10   0x00000008   Code   RO         3472    i.drv_rtc_counter_get  drv_rtc.o
    0x00003a18   0x00003a18   0x000001d4   Code   RO         3473    i.drv_rtc_init      drv_rtc.o
    0x00003bec   0x00003bec   0x0000001e   Code   RO         3474    i.drv_rtc_irq_trigger  drv_rtc.o
    0x00003c0a   0x00003c0a   0x00000008   Code   RO         3476    i.drv_rtc_overflow_enable  drv_rtc.o
    0x00003c12   0x00003c12   0x00000008   Code   RO         3477    i.drv_rtc_overflow_pending  drv_rtc.o
    0x00003c1a   0x00003c1a   0x00000002   PAD
    0x00003c1c   0x00003c1c   0x00000050   Code   RO         3478    i.drv_rtc_start     drv_rtc.o
    0x00003c6c   0x00003c6c   0x00000050   Code   RO         3479    i.drv_rtc_stop      drv_rtc.o
    0x00003cbc   0x00003cbc   0x00000120   Code   RO         3484    i.drv_rtc_windowed_compare_set  drv_rtc.o
    0x00003ddc   0x00003ddc   0x0000002c   Code   RO         2402    i.ep2bit            nrfx_usbd.o
    0x00003e08   0x00003e08   0x00000060   Code   RO            5    i.ep_configuration  main.o
    0x00003e68   0x00003e68   0x00000070   Code   RO         2403    i.ep_state_access   nrfx_usbd.o
    0x00003ed8   0x00003ed8   0x00000020   Code   RO         2404    i.ep_to_hal         nrfx_usbd.o
    0x00003ef8   0x00003ef8   0x00000004   Code   RO         2405    i.ev_dma_epin0_handler  nrfx_usbd.o
    0x00003efc   0x00003efc   0x00000006   Code   RO         2406    i.ev_dma_epin1_handler  nrfx_usbd.o
    0x00003f02   0x00003f02   0x00000006   Code   RO         2407    i.ev_dma_epin2_handler  nrfx_usbd.o
    0x00003f08   0x00003f08   0x00000006   Code   RO         2408    i.ev_dma_epin3_handler  nrfx_usbd.o
    0x00003f0e   0x00003f0e   0x00000006   Code   RO         2409    i.ev_dma_epin4_handler  nrfx_usbd.o
    0x00003f14   0x00003f14   0x00000006   Code   RO         2410    i.ev_dma_epin5_handler  nrfx_usbd.o
    0x00003f1a   0x00003f1a   0x00000006   Code   RO         2411    i.ev_dma_epin6_handler  nrfx_usbd.o
    0x00003f20   0x00003f20   0x00000006   Code   RO         2412    i.ev_dma_epin7_handler  nrfx_usbd.o
    0x00003f26   0x00003f26   0x00000006   Code   RO         2413    i.ev_dma_epin8_handler  nrfx_usbd.o
    0x00003f2c   0x00003f2c   0x00000060   Code   RO         2414    i.ev_dma_epout0_handler  nrfx_usbd.o
    0x00003f8c   0x00003f8c   0x00000006   Code   RO         2415    i.ev_dma_epout1_handler  nrfx_usbd.o
    0x00003f92   0x00003f92   0x00000006   Code   RO         2416    i.ev_dma_epout2_handler  nrfx_usbd.o
    0x00003f98   0x00003f98   0x00000006   Code   RO         2417    i.ev_dma_epout3_handler  nrfx_usbd.o
    0x00003f9e   0x00003f9e   0x00000006   Code   RO         2418    i.ev_dma_epout4_handler  nrfx_usbd.o
    0x00003fa4   0x00003fa4   0x00000006   Code   RO         2419    i.ev_dma_epout5_handler  nrfx_usbd.o
    0x00003faa   0x00003faa   0x00000006   Code   RO         2420    i.ev_dma_epout6_handler  nrfx_usbd.o
    0x00003fb0   0x00003fb0   0x00000006   Code   RO         2421    i.ev_dma_epout7_handler  nrfx_usbd.o
    0x00003fb6   0x00003fb6   0x00000002   PAD
    0x00003fb8   0x00003fb8   0x0000004c   Code   RO         2422    i.ev_dma_epout8_handler  nrfx_usbd.o
    0x00004004   0x00004004   0x00000040   Code   RO         2423    i.ev_epdata_handler  nrfx_usbd.o
    0x00004044   0x00004044   0x0000001c   Code   RO         2424    i.ev_setup_data_handler  nrfx_usbd.o
    0x00004060   0x00004060   0x00000078   Code   RO         2425    i.ev_setup_handler  nrfx_usbd.o
    0x000040d8   0x000040d8   0x00000048   Code   RO         2426    i.ev_sof_handler    nrfx_usbd.o
    0x00004120   0x00004120   0x00000002   Code   RO         2427    i.ev_started_handler  nrfx_usbd.o
    0x00004122   0x00004122   0x00000002   PAD
    0x00004124   0x00004124   0x000000bc   Code   RO         2428    i.ev_usbevent_handler  nrfx_usbd.o
    0x000041e0   0x000041e0   0x00000020   Code   RO         2429    i.ev_usbreset_handler  nrfx_usbd.o
    0x00004200   0x00004200   0x00000024   Code   RO         3485    i.evt_disable       drv_rtc.o
    0x00004224   0x00004224   0x0000005c   Code   RO         3486    i.evt_enable        drv_rtc.o
    0x00004280   0x00004280   0x000000d8   Code   RO         3029    i.evt_handle        app_button.o
    0x00004358   0x00004358   0x0000005c   Code   RO         3487    i.evt_pending       drv_rtc.o
    0x000043b4   0x000043b4   0x000000f2   Code   RO         4068    i.format_offset_string_print  nrf_cli.o
    0x000044a6   0x000044a6   0x00000026   Code   RO         4069    i.full_line_cmd     nrf_cli.o
    0x000044cc   0x000044cc   0x00000034   Code   RO         3274    i.get_now           app_timer2.o
    0x00004500   0x00004500   0x0000003c   Code   RO         3030    i.gpiote_event_handler  app_button.o
    0x0000453c   0x0000453c   0x00000144   Code   RO         4070    i.history_handle    nrf_cli.o
    0x00004680   0x00004680   0x00000088   Code   RO         4071    i.history_list_element_add  nrf_cli.o
    0x00004708   0x00004708   0x00000068   Code   RO         4072    i.history_list_element_oldest_remove  nrf_cli.o
    0x00004770   0x00004770   0x00000086   Code   RO         4073    i.history_save      nrf_cli.o
    0x000047f6   0x000047f6   0x00000002   PAD
    0x000047f8   0x000047f8   0x00000054   Code   RO            6    i.init_bsp          main.o
    0x0000484c   0x0000484c   0x00000074   Code   RO            7    i.init_cli          main.o
    0x000048c0   0x000048c0   0x00000068   Code   RO            8    i.init_power_clock  main.o
    0x00004928   0x00004928   0x000000a6   Code   RO         4602    i.int_print         nrf_fprintf_format.o
    0x000049ce   0x000049ce   0x00000002   PAD
    0x000049d0   0x000049d0   0x000000a8   Code   RO         2031    i.interrupts_enable  nrfx_uart.o
    0x00004a78   0x00004a78   0x000000c4   Code   RO         2232    i.interrupts_enable  nrfx_uarte.o
    0x00004b3c   0x00004b3c   0x00000034   Code   RO         5337    i.invalid_packets_omit  nrf_log_frontend.o
    0x00004b70   0x00004b70   0x00000010   Code   RO         4074    i.is_completion_candidate  nrf_cli.o
    0x00004b80   0x00004b80   0x00000016   Code   RO          764    i.item_enqueue      nrf_drv_clock.o
    0x00004b96   0x00004b96   0x00000002   PAD
    0x00004b98   0x00004b98   0x00000030   Code   RO          568    i.leds_off          bsp.o
    0x00004bc8   0x00004bc8   0x00000014   Code   RO          569    i.leds_timer_handler  bsp.o
    0x00004bdc   0x00004bdc   0x0000000c   Code   RO         5338    i.log_backend_ctrl  nrf_log_frontend.o
    0x00004be8   0x00004be8   0x0000000c   Code   RO         5339    i.log_backend_go    nrf_log_frontend.o
    0x00004bf4   0x00004bf4   0x0000000c   Code   RO         5340    i.log_backend_halt  nrf_log_frontend.o
    0x00004c00   0x00004c00   0x0000000c   Code   RO         5341    i.log_backend_status  nrf_log_frontend.o
    0x00004c0c   0x00004c0c   0x0000005c   Code   RO         5342    i.log_cmd           nrf_log_frontend.o
    0x00004c68   0x00004c68   0x000000c8   Code   RO         5343    i.log_cmd_backends_list  nrf_log_frontend.o
    0x00004d30   0x00004d30   0x0000003c   Code   RO         5344    i.log_config_load_cmd  nrf_log_frontend.o
    0x00004d6c   0x00004d6c   0x0000003c   Code   RO         5345    i.log_config_store_cmd  nrf_log_frontend.o
    0x00004da8   0x00004da8   0x000001cc   Code   RO         5346    i.log_ctrl          nrf_log_frontend.o
    0x00004f74   0x00004f74   0x00000008   Code   RO         5347    i.log_go            nrf_log_frontend.o
    0x00004f7c   0x00004f7c   0x00000008   Code   RO         5348    i.log_halt          nrf_log_frontend.o
    0x00004f84   0x00004f84   0x00000002   Code   RO         5349    i.log_pending_hook  nrf_log_frontend.o
    0x00004f86   0x00004f86   0x00000002   PAD
    0x00004f88   0x00004f88   0x00000120   Code   RO            9    i.log_resetreason   main.o
    0x000050a8   0x000050a8   0x00000010   Code   RO         5350    i.log_self_ctrl     nrf_log_frontend.o
    0x000050b8   0x000050b8   0x0000000a   Code   RO         5351    i.log_self_go       nrf_log_frontend.o
    0x000050c2   0x000050c2   0x0000000a   Code   RO         5352    i.log_self_halt     nrf_log_frontend.o
    0x000050cc   0x000050cc   0x00000010   Code   RO         5353    i.log_self_status   nrf_log_frontend.o
    0x000050dc   0x000050dc   0x000000b4   Code   RO         5354    i.log_skip          nrf_log_frontend.o
    0x00005190   0x00005190   0x00000140   Code   RO         5355    i.log_status        nrf_log_frontend.o
    0x000052d0   0x000052d0   0x000001a8   Code   RO           10    i.main              main.o
    0x00005478   0x00005478   0x000001a4   Code   RO         4075    i.make_argv         nrf_cli.o
    0x0000561c   0x0000561c   0x000000e0   Code   RO         4641    i.memobj_op         nrf_memobj.o
    0x000056fc   0x000056fc   0x00000026   Code   RO         5356    i.module_id_filter_set  nrf_log_frontend.o
    0x00005722   0x00005722   0x00000002   PAD
    0x00005724   0x00005724   0x00000030   Code   RO         5357    i.module_idx_get    nrf_log_frontend.o
    0x00005754   0x00005754   0x0000001c   Code   RO         5358    i.module_name_get   nrf_log_frontend.o
    0x00005770   0x00005770   0x00000058   Code   RO           11    i.move_mouse_pointer  main.o
    0x000057c8   0x000057c8   0x00000050   Code   RO         4076    i.multiline_console_data_check  nrf_cli.o
    0x00005818   0x00005818   0x00000026   Code   RO         3771    i.nrf_atfifo_init   nrf_atfifo.o
    0x0000583e   0x0000583e   0x00000016   Code   RO         3772    i.nrf_atfifo_item_alloc  nrf_atfifo.o
    0x00005854   0x00005854   0x00000016   Code   RO         3773    i.nrf_atfifo_item_free  nrf_atfifo.o
    0x0000586a   0x0000586a   0x00000016   Code   RO         3774    i.nrf_atfifo_item_get  nrf_atfifo.o
    0x00005880   0x00005880   0x00000016   Code   RO         3775    i.nrf_atfifo_item_put  nrf_atfifo.o
    0x00005896   0x00005896   0x00000006   Code   RO         3838    i.nrf_atomic_flag_clear  nrf_atomic.o
    0x0000589c   0x0000589c   0x00000006   Code   RO         3839    i.nrf_atomic_flag_clear_fetch  nrf_atomic.o
    0x000058a2   0x000058a2   0x00000006   Code   RO         3840    i.nrf_atomic_flag_set  nrf_atomic.o
    0x000058a8   0x000058a8   0x00000006   Code   RO         3841    i.nrf_atomic_flag_set_fetch  nrf_atomic.o
    0x000058ae   0x000058ae   0x0000000c   Code   RO         3842    i.nrf_atomic_u32_add  nrf_atomic.o
    0x000058ba   0x000058ba   0x0000000c   Code   RO         3843    i.nrf_atomic_u32_and  nrf_atomic.o
    0x000058c6   0x000058c6   0x0000000a   Code   RO         3846    i.nrf_atomic_u32_fetch_and  nrf_atomic.o
    0x000058d0   0x000058d0   0x0000000a   Code   RO         3847    i.nrf_atomic_u32_fetch_or  nrf_atomic.o
    0x000058da   0x000058da   0x0000000a   Code   RO         3848    i.nrf_atomic_u32_fetch_store  nrf_atomic.o
    0x000058e4   0x000058e4   0x0000000c   Code   RO         3852    i.nrf_atomic_u32_or  nrf_atomic.o
    0x000058f0   0x000058f0   0x0000000c   Code   RO         3854    i.nrf_atomic_u32_sub  nrf_atomic.o
    0x000058fc   0x000058fc   0x000000d0   Code   RO         3973    i.nrf_balloc_alloc  nrf_balloc.o
    0x000059cc   0x000059cc   0x0000008c   Code   RO         3974    i.nrf_balloc_free   nrf_balloc.o
    0x00005a58   0x00005a58   0x000000b4   Code   RO         3975    i.nrf_balloc_init   nrf_balloc.o
    0x00005b0c   0x00005b0c   0x00000120   Code   RO         3976    i.nrf_balloc_status  nrf_balloc.o
    0x00005c2c   0x00005c2c   0x00000010   Code   RO         1433    i.nrf_bitmask_bit_is_set  nrfx_gpiote.o
    0x00005c3c   0x00005c3c   0x0000007c   Code   RO         5359    i.nrf_cli_backend_cmd_execute  nrf_log_frontend.o
    0x00005cb8   0x00005cb8   0x0000004c   Code   RO         4077    i.nrf_cli_build_in_cmd_common_executed  nrf_cli.o
    0x00005d04   0x00005d04   0x000000d4   Code   RO         4078    i.nrf_cli_cmd_clear  nrf_cli.o
    0x00005dd8   0x00005dd8   0x000000b0   Code   RO         4079    i.nrf_cli_cmd_cli   nrf_cli.o
    0x00005e88   0x00005e88   0x0000006c   Code   RO         4080    i.nrf_cli_cmd_cli_stats  nrf_cli.o
    0x00005ef4   0x00005ef4   0x00000030   Code   RO         4081    i.nrf_cli_cmd_cli_stats_reset  nrf_cli.o
    0x00005f24   0x00005f24   0x00000088   Code   RO         4082    i.nrf_cli_cmd_cli_stats_show  nrf_cli.o
    0x00005fac   0x00005fac   0x000000c8   Code   RO         4083    i.nrf_cli_cmd_colors  nrf_cli.o
    0x00006074   0x00006074   0x0000002a   Code   RO         4084    i.nrf_cli_cmd_colors_off  nrf_cli.o
    0x0000609e   0x0000609e   0x0000002a   Code   RO         4085    i.nrf_cli_cmd_colors_on  nrf_cli.o
    0x000060c8   0x000060c8   0x00000098   Code   RO         4086    i.nrf_cli_cmd_echo  nrf_cli.o
    0x00006160   0x00006160   0x0000002a   Code   RO         4087    i.nrf_cli_cmd_echo_off  nrf_cli.o
    0x0000618a   0x0000618a   0x0000002a   Code   RO         4088    i.nrf_cli_cmd_echo_on  nrf_cli.o
    0x000061b4   0x000061b4   0x000000d8   Code   RO         4089    i.nrf_cli_cmd_history  nrf_cli.o
    0x0000628c   0x0000628c   0x00000124   Code   RO         4090    i.nrf_cli_cmd_resize  nrf_cli.o
    0x000063b0   0x000063b0   0x0000008c   Code   RO         4091    i.nrf_cli_cmd_resize_default  nrf_cli.o
    0x0000643c   0x0000643c   0x000000bc   Code   RO         4092    i.nrf_cli_fprintf   nrf_cli.o
    0x000064f8   0x000064f8   0x000002d4   Code   RO         4093    i.nrf_cli_help_print  nrf_cli.o
    0x000067cc   0x000067cc   0x0000000c   Code   RO         5360    i.nrf_cli_help_requested  nrf_log_frontend.o
    0x000067d8   0x000067d8   0x00000084   Code   RO         4094    i.nrf_cli_init      nrf_cli.o
    0x0000685c   0x0000685c   0x00000154   Code   RO         4095    i.nrf_cli_instance_init  nrf_cli.o
    0x000069b0   0x000069b0   0x00000006   Code   RO         4097    i.nrf_cli_print_stream  nrf_cli.o
    0x000069b6   0x000069b6   0x00000002   PAD
    0x000069b8   0x000069b8   0x000000cc   Code   RO         4098    i.nrf_cli_process   nrf_cli.o
    0x00006a84   0x00006a84   0x000000a0   Code   RO         4099    i.nrf_cli_start     nrf_cli.o
    0x00006b24   0x00006b24   0x0000000e   Code   RO         1286    i.nrf_clock_event_check  nrfx_clock.o
    0x00006b32   0x00006b32   0x00000010   Code   RO         1287    i.nrf_clock_event_clear  nrfx_clock.o
    0x00006b42   0x00006b42   0x00000002   PAD
    0x00006b44   0x00006b44   0x0000006c   Code   RO          767    i.nrf_drv_clock_hfclk_is_running  nrf_drv_clock.o
    0x00006bb0   0x00006bb0   0x000000a4   Code   RO          769    i.nrf_drv_clock_hfclk_request  nrf_drv_clock.o
    0x00006c54   0x00006c54   0x0000003c   Code   RO          770    i.nrf_drv_clock_init  nrf_drv_clock.o
    0x00006c90   0x00006c90   0x00000060   Code   RO          773    i.nrf_drv_clock_lfclk_is_running  nrf_drv_clock.o
    0x00006cf0   0x00006cf0   0x000000a4   Code   RO          775    i.nrf_drv_clock_lfclk_request  nrf_drv_clock.o
    0x00006d94   0x00006d94   0x00000028   Code   RO          904    i.nrf_drv_power_init  nrf_drv_power.o
    0x00006dbc   0x00006dbc   0x00000016   Code   RO          911    i.nrf_drv_power_usbevt_init  nrf_drv_power.o
    0x00006dd2   0x00006dd2   0x0000000e   Code   RO          912    i.nrf_drv_power_usbevt_uninit  nrf_drv_power.o
    0x00006de0   0x00006de0   0x000000c4   Code   RO          993    i.nrf_drv_uart_init  nrf_drv_uart.o
    0x00006ea4   0x00006ea4   0x00000020   Code   RO         4488    i.nrf_drv_uart_tx   nrf_cli_uart.o
    0x00006ec4   0x00006ec4   0x00000018   Code   RO         4489    i.nrf_drv_uart_uninit  nrf_cli_uart.o
    0x00006edc   0x00006edc   0x00000080   Code   RO         4571    i.nrf_fprintf       nrf_fprintf.o
    0x00006f5c   0x00006f5c   0x00000058   Code   RO         4572    i.nrf_fprintf_buffer_flush  nrf_fprintf.o
    0x00006fb4   0x00006fb4   0x00000254   Code   RO         4603    i.nrf_fprintf_fmt   nrf_fprintf_format.o
    0x00007208   0x00007208   0x00000032   Code   RO          451    i.nrf_gpio_cfg      boards.o
    0x0000723a   0x0000723a   0x00000032   Code   RO         1434    i.nrf_gpio_cfg      nrfx_gpiote.o
    0x0000726c   0x0000726c   0x00000032   Code   RO         2032    i.nrf_gpio_cfg      nrfx_uart.o
    0x0000729e   0x0000729e   0x00000032   Code   RO         2233    i.nrf_gpio_cfg      nrfx_uarte.o
    0x000072d0   0x000072d0   0x00000012   Code   RO         2033    i.nrf_gpio_cfg_default  nrfx_uart.o
    0x000072e2   0x000072e2   0x00000012   Code   RO         2234    i.nrf_gpio_cfg_default  nrfx_uarte.o
    0x000072f4   0x000072f4   0x00000012   Code   RO         2034    i.nrf_gpio_cfg_input  nrfx_uart.o
    0x00007306   0x00007306   0x00000012   Code   RO         2235    i.nrf_gpio_cfg_input  nrfx_uarte.o
    0x00007318   0x00007318   0x00000014   Code   RO         2035    i.nrf_gpio_cfg_output  nrfx_uart.o
    0x0000732c   0x0000732c   0x00000014   Code   RO         2236    i.nrf_gpio_cfg_output  nrfx_uarte.o
    0x00007340   0x00007340   0x00000030   Code   RO         1436    i.nrf_gpio_cfg_sense_set  nrfx_gpiote.o
    0x00007370   0x00007370   0x00000030   Code   RO         1437    i.nrf_gpio_latches_read_and_clear  nrfx_gpiote.o
    0x000073a0   0x000073a0   0x00000080   Code   RO          452    i.nrf_gpio_pin_port_decode  boards.o
    0x00007420   0x00007420   0x00000060   Code   RO         1439    i.nrf_gpio_pin_port_decode  nrfx_gpiote.o
    0x00007480   0x00007480   0x00000080   Code   RO         2036    i.nrf_gpio_pin_port_decode  nrfx_uart.o
    0x00007500   0x00007500   0x00000080   Code   RO         2237    i.nrf_gpio_pin_port_decode  nrfx_uarte.o
    0x00007580   0x00007580   0x0000002c   Code   RO         1440    i.nrf_gpio_pin_present_check  nrfx_gpiote.o
    0x000075ac   0x000075ac   0x00000016   Code   RO         1441    i.nrf_gpio_pin_read  nrfx_gpiote.o
    0x000075c2   0x000075c2   0x00000014   Code   RO         2037    i.nrf_gpio_pin_set  nrfx_uart.o
    0x000075d6   0x000075d6   0x00000014   Code   RO         2238    i.nrf_gpio_pin_set  nrfx_uarte.o
    0x000075ea   0x000075ea   0x00000026   Code   RO          453    i.nrf_gpio_pin_write  boards.o
    0x00007610   0x00007610   0x00000014   Code   RO         1443    i.nrf_gpiote_event_clear  nrfx_gpiote.o
    0x00007624   0x00007624   0x00000010   Code   RO         1444    i.nrf_gpiote_event_is_set  nrfx_gpiote.o
    0x00007634   0x00007634   0x00000090   Code   RO         5361    i.nrf_log_backend_add  nrf_log_frontend.o
    0x000076c4   0x000076c4   0x0000000a   Code   RO         4103    i.nrf_log_backend_cli_flush  nrf_cli.o
    0x000076ce   0x000076ce   0x0000001e   Code   RO         4104    i.nrf_log_backend_cli_panic_set  nrf_cli.o
    0x000076ec   0x000076ec   0x00000052   Code   RO         4105    i.nrf_log_backend_cli_put  nrf_cli.o
    0x0000773e   0x0000773e   0x00000002   Code   RO         5123    i.nrf_log_backend_rtt_flush  nrf_log_backend_rtt.o
    0x00007740   0x00007740   0x00000002   Code   RO         5125    i.nrf_log_backend_rtt_panic_set  nrf_log_backend_rtt.o
    0x00007742   0x00007742   0x00000002   PAD
    0x00007744   0x00007744   0x00000018   Code   RO         5126    i.nrf_log_backend_rtt_put  nrf_log_backend_rtt.o
    0x0000775c   0x0000775c   0x000000c8   Code   RO         5189    i.nrf_log_backend_serial_put  nrf_log_backend_serial.o
    0x00007824   0x00007824   0x00000002   Code   RO         5223    i.nrf_log_backend_uart_flush  nrf_log_backend_uart.o
    0x00007826   0x00007826   0x00000002   PAD
    0x00007828   0x00007828   0x0000002c   Code   RO         5225    i.nrf_log_backend_uart_panic_set  nrf_log_backend_uart.o
    0x00007854   0x00007854   0x00000018   Code   RO         5226    i.nrf_log_backend_uart_put  nrf_log_backend_uart.o
    0x0000786c   0x0000786c   0x00000030   Code   RO         5363    i.nrf_log_color_id_get  nrf_log_frontend.o
    0x0000789c   0x0000789c   0x00000274   Code   RO         5364    i.nrf_log_frontend_dequeue  nrf_log_frontend.o
    0x00007b10   0x00007b10   0x00000008   Code   RO         5366    i.nrf_log_frontend_std_0  nrf_log_frontend.o
    0x00007b18   0x00007b18   0x0000000e   Code   RO         5367    i.nrf_log_frontend_std_1  nrf_log_frontend.o
    0x00007b26   0x00007b26   0x00000010   Code   RO         5368    i.nrf_log_frontend_std_2  nrf_log_frontend.o
    0x00007b36   0x00007b36   0x00000012   Code   RO         5369    i.nrf_log_frontend_std_3  nrf_log_frontend.o
    0x00007b48   0x00007b48   0x00000014   Code   RO         5370    i.nrf_log_frontend_std_4  nrf_log_frontend.o
    0x00007b5c   0x00007b5c   0x0000001c   Code   RO         5371    i.nrf_log_frontend_std_5  nrf_log_frontend.o
    0x00007b78   0x00007b78   0x000000b0   Code   RO         5655    i.nrf_log_hexdump_entry_process  nrf_log_str_formatter.o
    0x00007c28   0x00007c28   0x000000a0   Code   RO         5373    i.nrf_log_init      nrf_log_frontend.o
    0x00007cc8   0x00007cc8   0x00000014   Code   RO         5374    i.nrf_log_module_cnt_get  nrf_log_frontend.o
    0x00007cdc   0x00007cdc   0x00000048   Code   RO         5375    i.nrf_log_module_filter_get  nrf_log_frontend.o
    0x00007d24   0x00007d24   0x00000050   Code   RO         5376    i.nrf_log_module_filter_set  nrf_log_frontend.o
    0x00007d74   0x00007d74   0x0000001c   Code   RO         5377    i.nrf_log_module_name_get  nrf_log_frontend.o
    0x00007d90   0x00007d90   0x00000028   Code   RO         5378    i.nrf_log_panic     nrf_log_frontend.o
    0x00007db8   0x00007db8   0x000000b6   Code   RO         5656    i.nrf_log_std_entry_process  nrf_log_str_formatter.o
    0x00007e6e   0x00007e6e   0x00000060   Code   RO         4642    i.nrf_memobj_alloc  nrf_memobj.o
    0x00007ece   0x00007ece   0x00000032   Code   RO         4643    i.nrf_memobj_free   nrf_memobj.o
    0x00007f00   0x00007f00   0x00000008   Code   RO         4644    i.nrf_memobj_get    nrf_memobj.o
    0x00007f08   0x00007f08   0x00000004   Code   RO         4645    i.nrf_memobj_pool_init  nrf_memobj.o
    0x00007f0c   0x00007f0c   0x0000001e   Code   RO         4646    i.nrf_memobj_put    nrf_memobj.o
    0x00007f2a   0x00007f2a   0x00000002   PAD
    0x00007f2c   0x00007f2c   0x00000060   Code   RO         4647    i.nrf_memobj_read   nrf_memobj.o
    0x00007f8c   0x00007f8c   0x0000005c   Code   RO         4648    i.nrf_memobj_write  nrf_memobj.o
    0x00007fe8   0x00007fe8   0x0000001c   Code   RO         1766    i.nrf_power_event_get_and_clear  nrfx_power.o
    0x00008004   0x00008004   0x00000002   Code   RO         4717    i.nrf_pwr_mgmt_feed  nrf_pwr_mgmt.o
    0x00008006   0x00008006   0x00000002   PAD
    0x00008008   0x00008008   0x000000dc   Code   RO         4803    i.nrf_queue_generic_pop  nrf_queue.o
    0x000080e4   0x000080e4   0x00000060   Code   RO         4805    i.nrf_queue_is_empty  nrf_queue.o
    0x00008144   0x00008144   0x00000064   Code   RO         4806    i.nrf_queue_is_full  nrf_queue.o
    0x000081a8   0x000081a8   0x00000054   Code   RO         4807    i.nrf_queue_max_utilization_get  nrf_queue.o
    0x000081fc   0x000081fc   0x00000054   Code   RO         4808    i.nrf_queue_max_utilization_reset  nrf_queue.o
    0x00008250   0x00008250   0x00000024   Code   RO         4809    i.nrf_queue_next_idx  nrf_queue.o
    0x00008274   0x00008274   0x000000fc   Code   RO         4811    i.nrf_queue_push    nrf_queue.o
    0x00008370   0x00008370   0x000000e8   Code   RO         4814    i.nrf_queue_status  nrf_queue.o
    0x00008458   0x00008458   0x00000064   Code   RO         4815    i.nrf_queue_utilization_get  nrf_queue.o
    0x000084bc   0x000084bc   0x000000c4   Code   RO         4940    i.nrf_ringbuf_alloc  nrf_ringbuf.o
    0x00008580   0x00008580   0x000000d8   Code   RO         4941    i.nrf_ringbuf_cpy_get  nrf_ringbuf.o
    0x00008658   0x00008658   0x000000cc   Code   RO         4942    i.nrf_ringbuf_cpy_put  nrf_ringbuf.o
    0x00008724   0x00008724   0x00000026   Code   RO         4943    i.nrf_ringbuf_free  nrf_ringbuf.o
    0x0000874a   0x0000874a   0x00000002   PAD
    0x0000874c   0x0000874c   0x000000c4   Code   RO         4944    i.nrf_ringbuf_get   nrf_ringbuf.o
    0x00008810   0x00008810   0x0000001c   Code   RO         4945    i.nrf_ringbuf_init  nrf_ringbuf.o
    0x0000882c   0x0000882c   0x00000030   Code   RO         4946    i.nrf_ringbuf_put   nrf_ringbuf.o
    0x0000885c   0x0000885c   0x0000000c   Code   RO         3488    i.nrf_rtc_event_clear  drv_rtc.o
    0x00008868   0x00008868   0x00000078   Code   RO         5036    i.nrf_sortlist_add  nrf_sortlist.o
    0x000088e0   0x000088e0   0x00000054   Code   RO         5038    i.nrf_sortlist_peek  nrf_sortlist.o
    0x00008934   0x00008934   0x0000005c   Code   RO         5039    i.nrf_sortlist_pop  nrf_sortlist.o
    0x00008990   0x00008990   0x00000078   Code   RO         5040    i.nrf_sortlist_remove  nrf_sortlist.o
    0x00008a08   0x00008a08   0x00000038   Code   RO         5090    i.nrf_strerror_find  nrf_strerror.o
    0x00008a40   0x00008a40   0x00000014   Code   RO         5091    i.nrf_strerror_get  nrf_strerror.o
    0x00008a54   0x00008a54   0x0000000a   Code   RO         2038    i.nrf_uart_event_check  nrfx_uart.o
    0x00008a5e   0x00008a5e   0x0000000c   Code   RO         2039    i.nrf_uart_event_clear  nrfx_uart.o
    0x00008a6a   0x00008a6a   0x0000000c   Code   RO         2040    i.nrf_uart_int_enable_check  nrfx_uart.o
    0x00008a76   0x00008a76   0x0000000a   Code   RO         2239    i.nrf_uarte_event_check  nrfx_uarte.o
    0x00008a80   0x00008a80   0x0000000c   Code   RO         2240    i.nrf_uarte_event_clear  nrfx_uarte.o
    0x00008a8c   0x00008a8c   0x00000034   Code   RO         2430    i.nrf_usbd_ep0in_dma_handler  nrfx_usbd.o
    0x00008ac0   0x00008ac0   0x00000050   Code   RO         2431    i.nrf_usbd_ep_easydma_set  nrfx_usbd.o
    0x00008b10   0x00008b10   0x00000070   Code   RO         2432    i.nrf_usbd_ep_enable_check  nrfx_usbd.o
    0x00008b80   0x00008b80   0x0000009c   Code   RO         2433    i.nrf_usbd_epin_dma_handler  nrfx_usbd.o
    0x00008c1c   0x00008c1c   0x00000084   Code   RO         2434    i.nrf_usbd_epiniso_dma_handler  nrfx_usbd.o
    0x00008ca0   0x00008ca0   0x00000058   Code   RO         2435    i.nrf_usbd_episoout_size_get  nrfx_usbd.o
    0x00008cf8   0x00008cf8   0x000000c8   Code   RO         2436    i.nrf_usbd_epout_dma_handler  nrfx_usbd.o
    0x00008dc0   0x00008dc0   0x00000058   Code   RO         2437    i.nrf_usbd_epout_size_get  nrfx_usbd.o
    0x00008e18   0x00008e18   0x00000010   Code   RO         2438    i.nrf_usbd_event_check  nrfx_usbd.o
    0x00008e28   0x00008e28   0x00000020   Code   RO         2439    i.nrf_usbd_event_get_and_clear  nrfx_usbd.o
    0x00008e48   0x00008e48   0x00000014   Code   RO         2440    i.nrf_usbd_eventcause_clear  nrfx_usbd.o
    0x00008e5c   0x00008e5c   0x00000010   Code   RO         2441    i.nrf_usbd_lowpower_check  nrfx_usbd.o
    0x00008e6c   0x00008e6c   0x00000018   Code   RO         2442    i.nrf_usbd_task_trigger  nrfx_usbd.o
    0x00008e84   0x00008e84   0x00000010   Code   RO          777    i.nrf_wdt_started   nrf_drv_clock.o
    0x00008e94   0x00008e94   0x0000000a   Code   RO         1156    i.nrfx_atomic_u32_fetch_and  nrfx_atomic.o
    0x00008e9e   0x00008e9e   0x00000002   PAD
    0x00008ea0   0x00008ea0   0x00000064   Code   RO         1292    i.nrfx_clock_enable  nrfx_clock.o
    0x00008f04   0x00008f04   0x00000064   Code   RO         1293    i.nrfx_clock_hfclk_start  nrfx_clock.o
    0x00008f68   0x00008f68   0x00000064   Code   RO         1295    i.nrfx_clock_init   nrfx_clock.o
    0x00008fcc   0x00008fcc   0x00000058   Code   RO         1296    i.nrfx_clock_irq_handler  nrfx_clock.o
    0x00009024   0x00009024   0x00000068   Code   RO         1298    i.nrfx_clock_lfclk_start  nrfx_clock.o
    0x0000908c   0x0000908c   0x00000010   Code   RO         3489    i.nrfx_coredep_delay_us  drv_rtc.o
    0x0000909c   0x0000909c   0x000000f8   Code   RO         1450    i.nrfx_gpiote_in_event_enable  nrfx_gpiote.o
    0x00009194   0x00009194   0x00000114   Code   RO         1452    i.nrfx_gpiote_in_init  nrfx_gpiote.o
    0x000092a8   0x000092a8   0x00000060   Code   RO         1453    i.nrfx_gpiote_in_is_set  nrfx_gpiote.o
    0x00009308   0x00009308   0x00000078   Code   RO         1455    i.nrfx_gpiote_init  nrfx_gpiote.o
    0x00009380   0x00009380   0x00000014   Code   RO         1456    i.nrfx_gpiote_is_init  nrfx_gpiote.o
    0x00009394   0x00009394   0x00000010   Code   RO         2241    i.nrfx_is_in_ram    nrfx_uarte.o
    0x000093a4   0x000093a4   0x00000010   Code   RO         2443    i.nrfx_is_in_ram    nrfx_usbd.o
    0x000093b4   0x000093b4   0x00000020   Code   RO         1301    i.nrfx_power_clock_irq_init  nrfx_clock.o
    0x000093d4   0x000093d4   0x00000020   Code   RO         1768    i.nrfx_power_clock_irq_init  nrfx_power.o
    0x000093f4   0x000093f4   0x0000007c   Code   RO         1769    i.nrfx_power_init   nrfx_power.o
    0x00009470   0x00009470   0x0000011c   Code   RO         1770    i.nrfx_power_irq_handler  nrfx_power.o
    0x0000958c   0x0000958c   0x0000000e   Code   RO         1782    i.nrfx_power_usbevt_disable  nrfx_power.o
    0x0000959a   0x0000959a   0x0000000e   Code   RO         1783    i.nrfx_power_usbevt_enable  nrfx_power.o
    0x000095a8   0x000095a8   0x0000005c   Code   RO         1784    i.nrfx_power_usbevt_init  nrfx_power.o
    0x00009604   0x00009604   0x0000000c   Code   RO         1785    i.nrfx_power_usbevt_uninit  nrfx_power.o
    0x00009610   0x00009610   0x0000007c   Code   RO         1914    i.nrfx_prs_acquire  nrfx_prs.o
    0x0000968c   0x0000968c   0x0000005c   Code   RO         1915    i.nrfx_prs_release  nrfx_prs.o
    0x000096e8   0x000096e8   0x00000010   Code   RO         2041    i.nrfx_uart_0_irq_handler  nrfx_uart.o
    0x000096f8   0x000096f8   0x000000b8   Code   RO         2043    i.nrfx_uart_init    nrfx_uart.o
    0x000097b0   0x000097b0   0x00000150   Code   RO         2044    i.nrfx_uart_rx      nrfx_uart.o
    0x00009900   0x00009900   0x00000012   Code   RO         2045    i.nrfx_uart_rx_abort  nrfx_uart.o
    0x00009912   0x00009912   0x00000002   PAD
    0x00009914   0x00009914   0x0000010c   Code   RO         2049    i.nrfx_uart_tx      nrfx_uart.o
    0x00009a20   0x00009a20   0x00000020   Code   RO         2051    i.nrfx_uart_tx_in_progress  nrfx_uart.o
    0x00009a40   0x00009a40   0x000000c0   Code   RO         2052    i.nrfx_uart_uninit  nrfx_uart.o
    0x00009b00   0x00009b00   0x00000010   Code   RO         2242    i.nrfx_uarte_0_irq_handler  nrfx_uarte.o
    0x00009b10   0x00009b10   0x000000b0   Code   RO         2244    i.nrfx_uarte_init   nrfx_uarte.o
    0x00009bc0   0x00009bc0   0x0000017c   Code   RO         2245    i.nrfx_uarte_rx     nrfx_uarte.o
    0x00009d3c   0x00009d3c   0x0000002c   Code   RO         2246    i.nrfx_uarte_rx_abort  nrfx_uarte.o
    0x00009d68   0x00009d68   0x00000120   Code   RO         2248    i.nrfx_uarte_tx     nrfx_uarte.o
    0x00009e88   0x00009e88   0x0000001c   Code   RO         2250    i.nrfx_uarte_tx_in_progress  nrfx_uarte.o
    0x00009ea4   0x00009ea4   0x00000108   Code   RO         2251    i.nrfx_uarte_uninit  nrfx_uarte.o
    0x00009fac   0x00009fac   0x00000098   Code   RO         2446    i.nrfx_usbd_consumer  nrfx_usbd.o
    0x0000a044   0x0000a044   0x0000007c   Code   RO         2447    i.nrfx_usbd_disable  nrfx_usbd.o
    0x0000a0c0   0x0000a0c0   0x000000c4   Code   RO         2448    i.nrfx_usbd_enable  nrfx_usbd.o
    0x0000a184   0x0000a184   0x00000060   Code   RO         2451    i.nrfx_usbd_ep_disable  nrfx_usbd.o
    0x0000a1e4   0x0000a1e4   0x00000048   Code   RO         2452    i.nrfx_usbd_ep_dtoggle_clear  nrfx_usbd.o
    0x0000a22c   0x0000a22c   0x000000a0   Code   RO         2453    i.nrfx_usbd_ep_enable  nrfx_usbd.o
    0x0000a2cc   0x0000a2cc   0x00000098   Code   RO         2458    i.nrfx_usbd_ep_max_packet_size_set  nrfx_usbd.o
    0x0000a364   0x0000a364   0x00000034   Code   RO         2459    i.nrfx_usbd_ep_stall  nrfx_usbd.o
    0x0000a398   0x0000a398   0x00000030   Code   RO         2460    i.nrfx_usbd_ep_stall_check  nrfx_usbd.o
    0x0000a3c8   0x0000a3c8   0x00000048   Code   RO         2461    i.nrfx_usbd_ep_stall_clear  nrfx_usbd.o
    0x0000a410   0x0000a410   0x00000070   Code   RO         2463    i.nrfx_usbd_ep_to_endevent  nrfx_usbd.o
    0x0000a480   0x0000a480   0x00000070   Code   RO         2464    i.nrfx_usbd_ep_to_int  nrfx_usbd.o
    0x0000a4f0   0x0000a4f0   0x00000128   Code   RO         2465    i.nrfx_usbd_ep_transfer  nrfx_usbd.o
    0x0000a618   0x0000a618   0x0000000e   Code   RO         2466    i.nrfx_usbd_epout_size_get  nrfx_usbd.o
    0x0000a626   0x0000a626   0x00000014   Code   RO         2467    i.nrfx_usbd_errata_171  nrfx_usbd.o
    0x0000a63a   0x0000a63a   0x00000018   Code   RO         2468    i.nrfx_usbd_errata_187  nrfx_usbd.o
    0x0000a652   0x0000a652   0x00000014   Code   RO         2469    i.nrfx_usbd_errata_199  nrfx_usbd.o
    0x0000a666   0x0000a666   0x00000002   PAD
    0x0000a668   0x0000a668   0x00000098   Code   RO         2471    i.nrfx_usbd_feeder_flash  nrfx_usbd.o
    0x0000a700   0x0000a700   0x000000a0   Code   RO         2472    i.nrfx_usbd_feeder_flash_zlp  nrfx_usbd.o
    0x0000a7a0   0x0000a7a0   0x0000007c   Code   RO         2473    i.nrfx_usbd_feeder_ram  nrfx_usbd.o
    0x0000a81c   0x0000a81c   0x0000008c   Code   RO         2474    i.nrfx_usbd_feeder_ram_zlp  nrfx_usbd.o
    0x0000a8a8   0x0000a8a8   0x000000c4   Code   RO         2476    i.nrfx_usbd_init    nrfx_usbd.o
    0x0000a96c   0x0000a96c   0x00000014   Code   RO         2477    i.nrfx_usbd_is_enabled  nrfx_usbd.o
    0x0000a980   0x0000a980   0x00000018   Code   RO         2479    i.nrfx_usbd_is_started  nrfx_usbd.o
    0x0000a998   0x0000a998   0x00000006   Code   RO         2483    i.nrfx_usbd_setup_clear  nrfx_usbd.o
    0x0000a99e   0x0000a99e   0x00000002   PAD
    0x0000a9a0   0x0000a9a0   0x00000050   Code   RO         2485    i.nrfx_usbd_setup_get  nrfx_usbd.o
    0x0000a9f0   0x0000a9f0   0x00000006   Code   RO         2486    i.nrfx_usbd_setup_stall  nrfx_usbd.o
    0x0000a9f6   0x0000a9f6   0x00000002   PAD
    0x0000a9f8   0x0000a9f8   0x00000098   Code   RO         2487    i.nrfx_usbd_start   nrfx_usbd.o
    0x0000aa90   0x0000aa90   0x00000098   Code   RO         2488    i.nrfx_usbd_stop    nrfx_usbd.o
    0x0000ab28   0x0000ab28   0x00000048   Code   RO         2489    i.nrfx_usbd_suspend  nrfx_usbd.o
    0x0000ab70   0x0000ab70   0x000000d0   Code   RO         2492    i.nrfx_usbd_transfer_out_drop  nrfx_usbd.o
    0x0000ac40   0x0000ac40   0x00000054   Code   RO         2494    i.nrfx_usbd_wakeup_req  nrfx_usbd.o
    0x0000ac94   0x0000ac94   0x00000018   Code   RO         6067    i.nvmc_config       system_nrf52.o
    0x0000acac   0x0000acac   0x00000080   Code   RO         3275    i.on_compare_evt    app_timer2.o
    0x0000ad2c   0x0000ad2c   0x00000090   Code   RO         4106    i.option_print      nrf_cli.o
    0x0000adbc   0x0000adbc   0x0000001c   Code   RO         1474    i.pin_configured_set  nrfx_gpiote.o
    0x0000add8   0x0000add8   0x00000014   Code   RO         1476    i.pin_in_use_by_gpiote  nrfx_gpiote.o
    0x0000adec   0x0000adec   0x00000018   Code   RO         1477    i.pin_in_use_by_port  nrfx_gpiote.o
    0x0000ae04   0x0000ae04   0x00000018   Code   RO         1478    i.pin_in_use_by_te  nrfx_gpiote.o
    0x0000ae1c   0x0000ae1c   0x000000d0   Code   RO         1479    i.port_event_handle  nrfx_gpiote.o
    0x0000aeec   0x0000aeec   0x00000010   Code   RO         1480    i.port_handler_polarity_get  nrfx_gpiote.o
    0x0000aefc   0x0000aefc   0x0000003c   Code   RO         5658    i.postfix_process   nrf_log_str_formatter.o
    0x0000af38   0x0000af38   0x000000fc   Code   RO           12    i.power_usb_event_handler  main.o
    0x0000b034   0x0000b034   0x00000098   Code   RO         5659    i.prefix_process    nrf_log_str_formatter.o
    0x0000b0cc   0x0000b0cc   0x0000001a   Code   RO         3410    i.privilege_level_get  app_util_platform.o
    0x0000b0e6   0x0000b0e6   0x00000002   PAD
    0x0000b0e8   0x0000b0e8   0x00000018   Code   RO         1916    i.prs_box_get       nrfx_prs.o
    0x0000b100   0x0000b100   0x00000018   Code   RO         4818    i.queue_utilization_get  nrf_queue.o
    0x0000b118   0x0000b118   0x00000084   Code   RO           13    i.respond_setup_data  main.o
    0x0000b19c   0x0000b19c   0x00000054   Code   RO         3276    i.rtc_irq           app_timer2.o
    0x0000b1f0   0x0000b1f0   0x0000007c   Code   RO         3277    i.rtc_schedule      app_timer2.o
    0x0000b26c   0x0000b26c   0x0000008c   Code   RO         3278    i.rtc_update        app_timer2.o
    0x0000b2f8   0x0000b2f8   0x00000032   Code   RO         2053    i.rx_byte           nrfx_uart.o
    0x0000b32a   0x0000b32a   0x00000016   Code   RO         2054    i.rx_done_event     nrfx_uart.o
    0x0000b340   0x0000b340   0x00000016   Code   RO         2252    i.rx_done_event     nrfx_uarte.o
    0x0000b356   0x0000b356   0x00000020   Code   RO         2055    i.rx_enable         nrfx_uart.o
    0x0000b376   0x0000b376   0x00000002   PAD
    0x0000b378   0x0000b378   0x000000a0   Code   RO         4490    i.rx_try            nrf_cli_uart.o
    0x0000b418   0x0000b418   0x00000050   Code   RO         5127    i.serial_tx         nrf_log_backend_rtt.o
    0x0000b468   0x0000b468   0x00000048   Code   RO         5227    i.serial_tx         nrf_log_backend_uart.o
    0x0000b4b0   0x0000b4b0   0x00000024   Code   RO         5380    i.severity_lvl_get  nrf_log_frontend.o
    0x0000b4d4   0x0000b4d4   0x0000000c   Code   RO         3279    i.sortlist_pop      app_timer2.o
    0x0000b4e0   0x0000b4e0   0x00000030   Code   RO         3031    i.state_set         app_button.o
    0x0000b510   0x0000b510   0x000000b0   Code   RO         5381    i.std_n             nrf_log_frontend.o
    0x0000b5c0   0x0000b5c0   0x00000064   Code   RO         4107    i.string_cmp        nrf_cli.o
    0x0000b624   0x0000b624   0x000000b4   Code   RO         4108    i.terminal_size_get  nrf_cli.o
    0x0000b6d8   0x0000b6d8   0x000000d0   Code   RO         3280    i.timer_expire      app_timer2.o
    0x0000b7a8   0x0000b7a8   0x0000001c   Code   RO         4491    i.timer_handler     nrf_cli_uart.o
    0x0000b7c4   0x0000b7c4   0x00000080   Code   RO         3281    i.timer_req_process  app_timer2.o
    0x0000b844   0x0000b844   0x00000038   Code   RO         3282    i.timer_req_schedule  app_timer2.o
    0x0000b87c   0x0000b87c   0x00000018   Code   RO         3032    i.timer_start       app_button.o
    0x0000b894   0x0000b894   0x00000020   Code   RO         2056    i.tx_byte           nrfx_uart.o
    0x0000b8b4   0x0000b8b4   0x0000001a   Code   RO         2057    i.tx_done_event     nrfx_uart.o
    0x0000b8ce   0x0000b8ce   0x0000001a   Code   RO         2253    i.tx_done_event     nrfx_uarte.o
    0x0000b8e8   0x0000b8e8   0x0000010c   Code   RO         4492    i.uart_event_handler  nrf_cli_uart.o
    0x0000b9f4   0x0000b9f4   0x00000030   Code   RO          994    i.uart_evt_handler  nrf_drv_uart.o
    0x0000ba24   0x0000ba24   0x0000000c   Code   RO         5228    i.uart_evt_handler  nrf_log_backend_uart.o
    0x0000ba30   0x0000ba30   0x00000058   Code   RO         5229    i.uart_init         nrf_log_backend_uart.o
    0x0000ba88   0x0000ba88   0x0000012a   Code   RO         2058    i.uart_irq_handler  nrfx_uart.o
    0x0000bbb2   0x0000bbb2   0x00000002   PAD
    0x0000bbb4   0x0000bbb4   0x00000030   Code   RO          995    i.uarte_evt_handler  nrf_drv_uart.o
    0x0000bbe4   0x0000bbe4   0x00000112   Code   RO         2254    i.uarte_irq_handler  nrfx_uarte.o
    0x0000bcf6   0x0000bcf6   0x00000002   PAD
    0x0000bcf8   0x0000bcf8   0x000000b4   Code   RO         4604    i.unsigned_print    nrf_fprintf_format.o
    0x0000bdac   0x0000bdac   0x0000001c   Code   RO         2495    i.usbd_dma_pending_clear  nrfx_usbd.o
    0x0000bdc8   0x0000bdc8   0x000001c4   Code   RO         2496    i.usbd_dmareq_process  nrfx_usbd.o
    0x0000bf8c   0x0000bf8c   0x00000094   Code   RO         2497    i.usbd_enable       nrfx_usbd.o
    0x0000c020   0x0000c020   0x00000100   Code   RO         2498    i.usbd_ep_abort     nrfx_usbd.o
    0x0000c120   0x0000c120   0x0000004c   Code   RO         2499    i.usbd_ep_abort_all  nrfx_usbd.o
    0x0000c16c   0x0000c16c   0x0000005c   Code   RO         2500    i.usbd_ep_data_handler  nrfx_usbd.o
    0x0000c1c8   0x0000c1c8   0x00000034   Code   RO         2501    i.usbd_errata_187_211_begin  nrfx_usbd.o
    0x0000c1fc   0x0000c1fc   0x00000034   Code   RO         2502    i.usbd_errata_187_211_end  nrfx_usbd.o
    0x0000c230   0x0000c230   0x00000388   Code   RO           14    i.usbd_event_handler  main.o
    0x0000c5b8   0x0000c5b8   0x00000010   Code   RO         2503    i.usbd_int_rise     nrfx_usbd.o
    0x0000c5c8   0x0000c5c8   0x00000080   Code   RO           15    i.usbd_setup_ClearFeature  main.o
    0x0000c648   0x0000c648   0x00000110   Code   RO           16    i.usbd_setup_GetDescriptor  main.o
    0x0000c758   0x0000c758   0x000000c4   Code   RO           17    i.usbd_setup_GetStatus  main.o
    0x0000c81c   0x0000c81c   0x0000008c   Code   RO           18    i.usbd_setup_SetConfig  main.o
    0x0000c8a8   0x0000c8a8   0x00000078   Code   RO           19    i.usbd_setup_SetFeature  main.o
    0x0000c920   0x0000c920   0x00000020   Code   RO         3033    i.usr_event         app_button.o
    0x0000c940   0x0000c940   0x0000003c   Code   RO         4109    i.vt100_bgcolor_set  nrf_cli.o
    0x0000c97c   0x0000c97c   0x00000050   Code   RO         4110    i.vt100_color_set   nrf_cli.o
    0x0000c9cc   0x0000c9cc   0x00000004   Data   RO           31    .constdata          main.o
    0x0000c9d0   0x0000c9d0   0x0000000c   Data   RO           32    .constdata          main.o
    0x0000c9dc   0x0000c9dc   0x0000000c   Data   RO           33    .constdata          main.o
    0x0000c9e8   0x0000c9e8   0x00000014   Data   RO           34    .constdata          main.o
    0x0000c9fc   0x0000c9fc   0x00000018   Data   RO           35    .constdata          main.o
    0x0000ca14   0x0000ca14   0x00000124   Data   RO           36    .constdata          main.o
    0x0000cb38   0x0000cb38   0x00000008   Data   RO          454    .constdata          boards.o
    0x0000cb40   0x0000cb40   0x0000002c   Data   RO          573    .constdata          bsp.o
    0x0000cb6c   0x0000cb6c   0x00000008   Data   RO          686    .constdata          bsp_cli.o
    0x0000cb74   0x0000cb74   0x00000030   Data   RO          687    .constdata          bsp_cli.o
    0x0000cba4   0x0000cba4   0x00000010   Data   RO          688    .constdata          bsp_cli.o
    0x0000cbb4   0x0000cbb4   0x00000001   Data   RO          913    .constdata          nrf_drv_power.o
    0x0000cbb5   0x0000cbb5   0x00000003   PAD
    0x0000cbb8   0x0000cbb8   0x00000008   Data   RO         1482    .constdata          nrfx_gpiote.o
    0x0000cbc0   0x0000cbc0   0x00000004   Data   RO         2061    .constdata          nrfx_uart.o
    0x0000cbc4   0x0000cbc4   0x00000004   Data   RO         2257    .constdata          nrfx_uarte.o
    0x0000cbc8   0x0000cbc8   0x000000ce   Data   RO         2505    .constdata          nrfx_usbd.o
    0x0000cc96   0x0000cc96   0x00000002   PAD
    0x0000cc98   0x0000cc98   0x00000008   Data   RO         3035    .constdata          app_button.o
    0x0000cca0   0x0000cca0   0x00000014   Data   RO         3284    .constdata          app_timer2.o
    0x0000ccb4   0x0000ccb4   0x0000000c   PAD
    0x0000ccc0   0x0000ccc0   0x00000006   Data   RO         3490    .constdata          drv_rtc.o
    0x0000ccc6   0x0000ccc6   0x00000002   PAD
    0x0000ccc8   0x0000ccc8   0x00000008   Data   RO         3977    .constdata          nrf_balloc.o
    0x0000ccd0   0x0000ccd0   0x00000020   Data   RO         3978    .constdata          nrf_balloc.o
    0x0000ccf0   0x0000ccf0   0x00000010   Data   RO         3979    .constdata          nrf_balloc.o
    0x0000cd00   0x0000cd00   0x0000000c   Data   RO         4111    .constdata          nrf_cli.o
    0x0000cd0c   0x0000cd0c   0x00000008   Data   RO         4112    .constdata          nrf_cli.o
    0x0000cd14   0x0000cd14   0x00000030   Data   RO         4113    .constdata          nrf_cli.o
    0x0000cd44   0x0000cd44   0x00000008   Data   RO         4114    .constdata          nrf_cli.o
    0x0000cd4c   0x0000cd4c   0x00000030   Data   RO         4115    .constdata          nrf_cli.o
    0x0000cd7c   0x0000cd7c   0x00000008   Data   RO         4116    .constdata          nrf_cli.o
    0x0000cd84   0x0000cd84   0x00000030   Data   RO         4117    .constdata          nrf_cli.o
    0x0000cdb4   0x0000cdb4   0x00000008   Data   RO         4118    .constdata          nrf_cli.o
    0x0000cdbc   0x0000cdbc   0x00000040   Data   RO         4119    .constdata          nrf_cli.o
    0x0000cdfc   0x0000cdfc   0x00000008   Data   RO         4120    .constdata          nrf_cli.o
    0x0000ce04   0x0000ce04   0x00000020   Data   RO         4121    .constdata          nrf_cli.o
    0x0000ce24   0x0000ce24   0x00000010   Data   RO         4122    .constdata          nrf_cli.o
    0x0000ce34   0x0000ce34   0x00000010   Data   RO         4123    .constdata          nrf_cli.o
    0x0000ce44   0x0000ce44   0x00000010   Data   RO         4124    .constdata          nrf_cli.o
    0x0000ce54   0x0000ce54   0x00000010   Data   RO         4125    .constdata          nrf_cli.o
    0x0000ce64   0x0000ce64   0x0000000c   PAD
    0x0000ce70   0x0000ce70   0x00000047   Data   RO         4126    .constdata          nrf_cli.o
    0x0000ceb7   0x0000ceb7   0x00000001   PAD
    0x0000ceb8   0x0000ceb8   0x00000014   Data   RO         4493    .constdata          nrf_cli_uart.o
    0x0000cecc   0x0000cecc   0x00000010   Data   RO         4605    .constdata          nrf_fprintf_format.o
    0x0000cedc   0x0000cedc   0x00000008   Data   RO         4820    .constdata          nrf_queue.o
    0x0000cee4   0x0000cee4   0x00000020   Data   RO         4821    .constdata          nrf_queue.o
    0x0000cf04   0x0000cf04   0x00000010   Data   RO         4822    .constdata          nrf_queue.o
    0x0000cf14   0x0000cf14   0x0000012c   Data   RO         5092    .constdata          nrf_strerror.o
    0x0000d040   0x0000d040   0x0000000c   Data   RO         5129    .constdata          nrf_log_backend_rtt.o
    0x0000d04c   0x0000d04c   0x00000004   PAD
    0x0000d050   0x0000d050   0x00000006   Data   RO         5130    .constdata          nrf_log_backend_rtt.o
    0x0000d056   0x0000d056   0x00000002   PAD
    0x0000d058   0x0000d058   0x0000000c   Data   RO         5231    .constdata          nrf_log_backend_uart.o
    0x0000d064   0x0000d064   0x00000020   Data   RO         5232    .constdata          nrf_log_backend_uart.o
    0x0000d084   0x0000d084   0x0000001c   Data   RO         5386    .constdata          nrf_log_frontend.o
    0x0000d0a0   0x0000d0a0   0x00000008   Data   RO         5387    .constdata          nrf_log_frontend.o
    0x0000d0a8   0x0000d0a8   0x00000060   Data   RO         5388    .constdata          nrf_log_frontend.o
    0x0000d108   0x0000d108   0x00000008   Data   RO         5389    .constdata          nrf_log_frontend.o
    0x0000d110   0x0000d110   0x00000008   Data   RO         5390    .constdata          nrf_log_frontend.o
    0x0000d118   0x0000d118   0x00000030   Data   RO         5391    .constdata          nrf_log_frontend.o
    0x0000d148   0x0000d148   0x00000008   Data   RO         5392    .constdata          nrf_log_frontend.o
    0x0000d150   0x0000d150   0x00000090   Data   RO         5393    .constdata          nrf_log_frontend.o
    0x0000d1e0   0x0000d1e0   0x00000010   Data   RO         5394    .constdata          nrf_log_frontend.o
    0x0000d1f0   0x0000d1f0   0x00000081   Data   RO         6130    .constdata          mc_w.l(ctype_o.o)
    0x0000d271   0x0000d271   0x00000003   PAD
    0x0000d274   0x0000d274   0x00000004   Data   RO         6131    .constdata          mc_w.l(ctype_o.o)
    0x0000d278   0x0000d278   0x00000051   Data   RO           38    .conststring        main.o
    0x0000d2c9   0x0000d2c9   0x00000003   PAD
    0x0000d2cc   0x0000d2cc   0x0000002d   Data   RO          689    .conststring        bsp_cli.o
    0x0000d2f9   0x0000d2f9   0x00000003   PAD
    0x0000d2fc   0x0000d2fc   0x00000004   Data   RO          690    .conststring        bsp_cli.o
    0x0000d300   0x0000d300   0x00000515   Data   RO         3697    .conststring        hardfault_implementation.o
    0x0000d815   0x0000d815   0x00000003   PAD
    0x0000d818   0x0000d818   0x0000002b   Data   RO         3980    .conststring        nrf_balloc.o
    0x0000d843   0x0000d843   0x00000001   PAD
    0x0000d844   0x0000d844   0x00000027   Data   RO         3981    .conststring        nrf_balloc.o
    0x0000d86b   0x0000d86b   0x00000001   PAD
    0x0000d86c   0x0000d86c   0x0000008e   Data   RO         3982    .conststring        nrf_balloc.o
    0x0000d8fa   0x0000d8fa   0x00000002   PAD
    0x0000d8fc   0x0000d8fc   0x00000037   Data   RO         4127    .conststring        nrf_cli.o
    0x0000d933   0x0000d933   0x00000001   PAD
    0x0000d934   0x0000d934   0x0000006d   Data   RO         4128    .conststring        nrf_cli.o
    0x0000d9a1   0x0000d9a1   0x00000003   PAD
    0x0000d9a4   0x0000d9a4   0x00000065   Data   RO         4129    .conststring        nrf_cli.o
    0x0000da09   0x0000da09   0x00000003   PAD
    0x0000da0c   0x0000da0c   0x00000052   Data   RO         4130    .conststring        nrf_cli.o
    0x0000da5e   0x0000da5e   0x00000002   PAD
    0x0000da60   0x0000da60   0x0000004c   Data   RO         4131    .conststring        nrf_cli.o
    0x0000daac   0x0000daac   0x00000016   Data   RO         4132    .conststring        nrf_cli.o
    0x0000dac2   0x0000dac2   0x00000002   PAD
    0x0000dac4   0x0000dac4   0x00000028   Data   RO         4133    .conststring        nrf_cli.o
    0x0000daec   0x0000daec   0x0000001c   Data   RO         4134    .conststring        nrf_cli.o
    0x0000db08   0x0000db08   0x000000a7   Data   RO         4135    .conststring        nrf_cli.o
    0x0000dbaf   0x0000dbaf   0x00000001   PAD
    0x0000dbb0   0x0000dbb0   0x00000003   Data   RO         4136    .conststring        nrf_cli.o
    0x0000dbb3   0x0000dbb3   0x00000001   PAD
    0x0000dbb4   0x0000dbb4   0x00000021   Data   RO         4823    .conststring        nrf_queue.o
    0x0000dbd5   0x0000dbd5   0x00000003   PAD
    0x0000dbd8   0x0000dbd8   0x00000006   Data   RO         4824    .conststring        nrf_queue.o
    0x0000dbde   0x0000dbde   0x00000002   PAD
    0x0000dbe0   0x0000dbe0   0x0000007c   Data   RO         4825    .conststring        nrf_queue.o
    0x0000dc5c   0x0000dc5c   0x000003bf   Data   RO         5093    .conststring        nrf_strerror.o
    0x0000e01b   0x0000e01b   0x00000001   PAD
    0x0000e01c   0x0000e01c   0x00000046   Data   RO         5233    .conststring        nrf_log_backend_uart.o
    0x0000e062   0x0000e062   0x00000002   PAD
    0x0000e064   0x0000e064   0x00000061   Data   RO         5395    .conststring        nrf_log_frontend.o
    0x0000e0c5   0x0000e0c5   0x00000003   PAD
    0x0000e0c8   0x0000e0c8   0x00000139   Data   RO         5396    .conststring        nrf_log_frontend.o
    0x0000e201   0x0000e201   0x00000003   PAD
    0x0000e204   0x0000e204   0x00000076   Data   RO         5397    .conststring        nrf_log_frontend.o
    0x0000e27a   0x0000e27a   0x00000002   PAD
    0x0000e27c   0x0000e27c   0x0000006e   Data   RO         5398    .conststring        nrf_log_frontend.o
    0x0000e2ea   0x0000e2ea   0x00000002   PAD
    0x0000e2ec   0x0000e2ec   0x00000024   Data   RO         5399    .conststring        nrf_log_frontend.o
    0x0000e310   0x0000e310   0x00000048   Data   RO         5660    .conststring        nrf_log_str_formatter.o
    0x0000e358   0x0000e358   0x000000c3   Data   RO           39    .conststrlit        main.o
    0x0000e41b   0x0000e41b   0x00000001   PAD
    0x0000e41c   0x0000e41c   0x00000053   Data   RO          574    .conststrlit        bsp.o
    0x0000e46f   0x0000e46f   0x00000001   PAD
    0x0000e470   0x0000e470   0x00000006   Data   RO          783    .conststrlit        nrf_drv_clock.o
    0x0000e476   0x0000e476   0x00000002   PAD
    0x0000e478   0x0000e478   0x00000006   Data   RO         1304    .conststrlit        nrfx_clock.o
    0x0000e47e   0x0000e47e   0x00000002   PAD
    0x0000e480   0x0000e480   0x00000007   Data   RO         1486    .conststrlit        nrfx_gpiote.o
    0x0000e487   0x0000e487   0x00000001   PAD
    0x0000e488   0x0000e488   0x00000004   Data   RO         1918    .conststrlit        nrfx_prs.o
    0x0000e48c   0x0000e48c   0x00000005   Data   RO         2064    .conststrlit        nrfx_uart.o
    0x0000e491   0x0000e491   0x00000003   PAD
    0x0000e494   0x0000e494   0x00000006   Data   RO         2260    .conststrlit        nrfx_uarte.o
    0x0000e49a   0x0000e49a   0x00000002   PAD
    0x0000e49c   0x0000e49c   0x00000005   Data   RO         2506    .conststrlit        nrfx_usbd.o
    0x0000e4a1   0x0000e4a1   0x00000003   PAD
    0x0000e4a4   0x0000e4a4   0x00000031   Data   RO         3036    .conststrlit        app_button.o
    0x0000e4d5   0x0000e4d5   0x00000003   PAD
    0x0000e4d8   0x0000e4d8   0x0000001e   Data   RO         3285    .conststrlit        app_timer2.o
    0x0000e4f6   0x0000e4f6   0x00000002   PAD
    0x0000e4f8   0x0000e4f8   0x0000000a   Data   RO         3698    .conststrlit        hardfault_implementation.o
    0x0000e502   0x0000e502   0x00000002   PAD
    0x0000e504   0x0000e504   0x00000009   Data   RO         4494    .conststrlit        nrf_cli_uart.o
    0x0000e50d   0x0000e50d   0x00000003   PAD
    0x0000e510   0x0000e510   0x00000009   Data   RO         4727    .conststrlit        nrf_pwr_mgmt.o
    0x0000e519   0x0000e519   0x00000003   PAD
    0x0000e51c   0x0000e51c   0x00000009   Data   RO         5041    .conststrlit        nrf_sortlist.o
    0x0000e525   0x0000e525   0x00000003   PAD
    0x0000e528   0x0000e528   0x00000021   Data   RO         5293    .conststrlit        nrf_log_default_backends.o
    0x0000e549   0x0000e549   0x00000003   PAD
    0x0000e54c   0x0000e54c   0x00000024   Data   RO         5400    .conststrlit        nrf_log_frontend.o
    0x0000e570   0x0000e570   0x00000020   Data   RO         6218    Region$$Table       anon$$obj.o
    0x0000e590   0x0000e590   0x00000008   Data   RO          692    cli_command         bsp_cli.o
    0x0000e598   0x0000e598   0x00000008   Data   RO         3983    cli_command         nrf_balloc.o
    0x0000e5a0   0x0000e5a0   0x00000020   Data   RO         4138    cli_command         nrf_cli.o
    0x0000e5c0   0x0000e5c0   0x00000008   Data   RO         4826    cli_command         nrf_queue.o
    0x0000e5c8   0x0000e5c8   0x00000008   Data   RO         5404    cli_command         nrf_log_frontend.o
    0x0000e5d0   0x0000e5d0   0x00000010   Data   RO           47    log_backends        main.o
    0x0000e5e0   0x0000e5e0   0x00000020   Data   RO         5296    log_backends        nrf_log_default_backends.o
    0x0000e600   0x0000e600   0x00000018   Data   RO           48    log_const_data      main.o
    0x0000e618   0x0000e618   0x00000018   Data   RO          579    log_const_data      bsp.o
    0x0000e630   0x0000e630   0x00000008   Data   RO          784    log_const_data      nrf_drv_clock.o
    0x0000e638   0x0000e638   0x00000008   Data   RO         1306    log_const_data      nrfx_clock.o
    0x0000e640   0x0000e640   0x00000008   Data   RO         1487    log_const_data      nrfx_gpiote.o
    0x0000e648   0x0000e648   0x00000008   Data   RO         1920    log_const_data      nrfx_prs.o
    0x0000e650   0x0000e650   0x00000008   Data   RO         2065    log_const_data      nrfx_uart.o
    0x0000e658   0x0000e658   0x00000008   Data   RO         2261    log_const_data      nrfx_uarte.o
    0x0000e660   0x0000e660   0x00000008   Data   RO         2509    log_const_data      nrfx_usbd.o
    0x0000e668   0x0000e668   0x00000010   Data   RO         3039    log_const_data      app_button.o
    0x0000e678   0x0000e678   0x00000010   Data   RO         3289    log_const_data      app_timer2.o
    0x0000e688   0x0000e688   0x00000008   Data   RO         3700    log_const_data      hardfault_implementation.o
    0x0000e690   0x0000e690   0x00000008   Data   RO         4495    log_const_data      nrf_cli_uart.o
    0x0000e698   0x0000e698   0x00000008   Data   RO         4729    log_const_data      nrf_pwr_mgmt.o
    0x0000e6a0   0x0000e6a0   0x00000008   Data   RO         5042    log_const_data      nrf_sortlist.o
    0x0000e6a8   0x0000e6a8   0x00000010   Data   RO         5406    log_const_data      nrf_log_frontend.o
    0x0000e6b8   0x0000e6b8   0x0000001c   Data   RO           51    nrf_balloc          main.o
    0x0000e6d4   0x0000e6d4   0x0000001c   Data   RO         5409    nrf_balloc          nrf_log_frontend.o
    0x0000e6f0   0x0000e6f0   0x0000001c   Data   RO           52    nrf_queue           main.o


    Execution Region RW_IRAM1 (Exec base: 0x20000000, Load base: 0x0000e70c, Size: 0x00003750, Max: 0x00040000, ABSOLUTE, COMPRESSED[0x000000c0])

    Exec Addr    Load Addr    Size         Type   Attr      Idx    E Section Name        Object

    0x20000000   COMPRESSED   0x00000020   Data   RW           40    .data               main.o
    0x20000020   COMPRESSED   0x00000018   Data   RW           41    .data               main.o
    0x20000038   COMPRESSED   0x0000000c   Data   RW           42    .data               main.o
    0x20000044   COMPRESSED   0x00000008   Data   RW           43    .data               main.o
    0x2000004c   COMPRESSED   0x00000010   Data   RW           44    .data               main.o
    0x2000005c   COMPRESSED   0x00000008   Data   RW           45    .data               main.o
    0x20000064   COMPRESSED   0x00000008   Data   RW           46    .data               main.o
    0x2000006c   COMPRESSED   0x00000010   Data   RW          575    .data               bsp.o
    0x2000007c   COMPRESSED   0x00000004   PAD
    0x20000080   COMPRESSED   0x00000020   Data   RW          576    .data               bsp.o
    0x200000a0   COMPRESSED   0x00000020   Data   RW          577    .data               bsp.o
    0x200000c0   COMPRESSED   0x00000020   Data   RW          578    .data               bsp.o
    0x200000e0   COMPRESSED   0x00000004   Data   RW          691    .data               bsp_cli.o
    0x200000e4   COMPRESSED   0x00000001   Data   RW          914    .data               nrf_drv_power.o
    0x200000e5   COMPRESSED   0x00000003   PAD
    0x200000e8   COMPRESSED   0x00000014   Data   RW          996    .data               nrf_drv_uart.o
    0x200000fc   COMPRESSED   0x0000000c   Data   RW         1305    .data               nrfx_clock.o
    0x20000108   COMPRESSED   0x00000010   Data   RW         1786    .data               nrfx_power.o
    0x20000118   COMPRESSED   0x00000008   Data   RW         1919    .data               nrfx_prs.o
    0x20000120   COMPRESSED   0x00000010   Data   RW         2507    .data               nrfx_usbd.o
    0x20000130   COMPRESSED   0x00000018   Data   RW         3037    .data               app_button.o
    0x20000148   COMPRESSED   0x00000020   Data   RW         3038    .data               app_button.o
    0x20000168   COMPRESSED   0x00000020   Data   RW         3286    .data               app_timer2.o
    0x20000188   COMPRESSED   0x00000014   Data   RW         3287    .data               app_timer2.o
    0x2000019c   COMPRESSED   0x00000004   Data   RW         3288    .data               app_timer2.o
    0x200001a0   COMPRESSED   0x00000004   Data   RW         3411    .data               app_util_platform.o
    0x200001a4   COMPRESSED   0x0000000c   Data   RW         3491    .data               drv_rtc.o
    0x200001b0   COMPRESSED   0x00000068   Data   RW         3699    .data               hardfault_implementation.o
    0x20000218   COMPRESSED   0x00000004   Data   RW         4137    .data               nrf_cli.o
    0x2000021c   COMPRESSED   0x00000001   Data   RW         5131    .data               nrf_log_backend_rtt.o
    0x2000021d   COMPRESSED   0x00000003   PAD
    0x20000220   COMPRESSED   0x00000018   Data   RW         5234    .data               nrf_log_backend_uart.o
    0x20000238   COMPRESSED   0x00000008   Data   RW         5294    .data               nrf_log_default_backends.o
    0x20000240   COMPRESSED   0x00000008   Data   RW         5295    .data               nrf_log_default_backends.o
    0x20000248   COMPRESSED   0x0000002c   Data   RW         5401    .data               nrf_log_frontend.o
    0x20000274   COMPRESSED   0x00000008   Data   RW         5402    .data               nrf_log_frontend.o
    0x2000027c   COMPRESSED   0x00000008   Data   RW         5403    .data               nrf_log_frontend.o
    0x20000284   COMPRESSED   0x00000040   Data   RW         5661    .data               nrf_log_str_formatter.o
    0x200002c4   COMPRESSED   0x00000004   Data   RW         6069    .data               system_nrf52.o
    0x200002c8   COMPRESSED   0x00000004   Data   RW          693    cli_sorted_cmd_ptrs  bsp_cli.o
    0x200002cc   COMPRESSED   0x00000004   Data   RW         3984    cli_sorted_cmd_ptrs  nrf_balloc.o
    0x200002d0   COMPRESSED   0x00000010   Data   RW         4139    cli_sorted_cmd_ptrs  nrf_cli.o
    0x200002e0   COMPRESSED   0x00000004   Data   RW         4827    cli_sorted_cmd_ptrs  nrf_queue.o
    0x200002e4   COMPRESSED   0x00000004   Data   RW         5405    cli_sorted_cmd_ptrs  nrf_log_frontend.o
    0x200002e8   COMPRESSED   0x0000000c   Data   RW           49    log_dynamic_data    main.o
    0x200002f4   COMPRESSED   0x0000000c   Data   RW          580    log_dynamic_data    bsp.o
    0x20000300   COMPRESSED   0x00000004   Data   RW          785    log_dynamic_data    nrf_drv_clock.o
    0x20000304   COMPRESSED   0x00000004   Data   RW         1307    log_dynamic_data    nrfx_clock.o
    0x20000308   COMPRESSED   0x00000004   Data   RW         1488    log_dynamic_data    nrfx_gpiote.o
    0x2000030c   COMPRESSED   0x00000004   Data   RW         1921    log_dynamic_data    nrfx_prs.o
    0x20000310   COMPRESSED   0x00000004   Data   RW         2066    log_dynamic_data    nrfx_uart.o
    0x20000314   COMPRESSED   0x00000004   Data   RW         2262    log_dynamic_data    nrfx_uarte.o
    0x20000318   COMPRESSED   0x00000004   Data   RW         2510    log_dynamic_data    nrfx_usbd.o
    0x2000031c   COMPRESSED   0x00000008   Data   RW         3040    log_dynamic_data    app_button.o
    0x20000324   COMPRESSED   0x00000008   Data   RW         3290    log_dynamic_data    app_timer2.o
    0x2000032c   COMPRESSED   0x00000004   Data   RW         3701    log_dynamic_data    hardfault_implementation.o
    0x20000330   COMPRESSED   0x00000004   Data   RW         4496    log_dynamic_data    nrf_cli_uart.o
    0x20000334   COMPRESSED   0x00000004   Data   RW         4730    log_dynamic_data    nrf_pwr_mgmt.o
    0x20000338   COMPRESSED   0x00000004   Data   RW         5043    log_dynamic_data    nrf_sortlist.o
    0x2000033c   COMPRESSED   0x00000008   Data   RW         5407    log_dynamic_data    nrf_log_frontend.o
    0x20000344   COMPRESSED   0x0000000c   Data   RW           50    log_filter_data     main.o
    0x20000350   COMPRESSED   0x0000000c   Data   RW          581    log_filter_data     bsp.o
    0x2000035c   COMPRESSED   0x00000004   Data   RW          786    log_filter_data     nrf_drv_clock.o
    0x20000360   COMPRESSED   0x00000004   Data   RW         1308    log_filter_data     nrfx_clock.o
    0x20000364   COMPRESSED   0x00000004   Data   RW         1489    log_filter_data     nrfx_gpiote.o
    0x20000368   COMPRESSED   0x00000004   Data   RW         1922    log_filter_data     nrfx_prs.o
    0x2000036c   COMPRESSED   0x00000004   Data   RW         2067    log_filter_data     nrfx_uart.o
    0x20000370   COMPRESSED   0x00000004   Data   RW         2263    log_filter_data     nrfx_uarte.o
    0x20000374   COMPRESSED   0x00000004   Data   RW         2511    log_filter_data     nrfx_usbd.o
    0x20000378   COMPRESSED   0x00000008   Data   RW         3041    log_filter_data     app_button.o
    0x20000380   COMPRESSED   0x00000008   Data   RW         3291    log_filter_data     app_timer2.o
    0x20000388   COMPRESSED   0x00000004   Data   RW         3702    log_filter_data     hardfault_implementation.o
    0x2000038c   COMPRESSED   0x00000004   Data   RW         4497    log_filter_data     nrf_cli_uart.o
    0x20000390   COMPRESSED   0x00000004   Data   RW         4731    log_filter_data     nrf_pwr_mgmt.o
    0x20000394   COMPRESSED   0x00000004   Data   RW         5044    log_filter_data     nrf_sortlist.o
    0x20000398   COMPRESSED   0x00000008   Data   RW         5408    log_filter_data     nrf_log_frontend.o
    0x200003a0        -       0x000001f4   Zero   RW           20    .bss                main.o
    0x20000594        -       0x00000040   Zero   RW           21    .bss                main.o
    0x200005d4        -       0x00000018   Zero   RW           22    .bss                main.o
    0x200005ec        -       0x00000010   Zero   RW           23    .bss                main.o
    0x200005fc        -       0x00000018   Zero   RW           24    .bss                main.o
    0x20000614        -       0x0000002c   Zero   RW           25    .bss                main.o
    0x20000640        -       0x0000014c   Zero   RW           26    .bss                main.o
    0x2000078c        -       0x00000014   Zero   RW           27    .bss                main.o
    0x200007a0        -       0x0000000c   Zero   RW           28    .bss                main.o
    0x200007ac        -       0x00000180   Zero   RW           29    .bss                main.o
    0x2000092c        -       0x000001f4   Zero   RW           30    .bss                main.o
    0x20000b20        -       0x0000000c   Zero   RW          572    .bss                bsp.o
    0x20000b2c        -       0x00000014   Zero   RW          778    .bss                nrf_drv_clock.o
    0x20000b40        -       0x0000006c   Zero   RW         1481    .bss                nrfx_gpiote.o
    0x20000bac        -       0x0000002c   Zero   RW         2059    .bss                nrfx_uart.o
    0x20000bd8        -       0x00000024   Zero   RW         2255    .bss                nrfx_uarte.o
    0x20000bfc        -       0x00000238   Zero   RW         2504    .bss                nrfx_usbd.o
    0x20000e34        -       0x00000020   Zero   RW         3034    .bss                app_button.o
    0x20000e54        -       0x00000020   Zero   RW         3122    .bss                app_error.o
    0x20000e74        -       0x00000058   Zero   RW         3283    .bss                app_timer2.o
    0x20000ecc        -       0x00000040   Zero   RW         5128    .bss                nrf_log_backend_rtt.o
    0x20000f0c        -       0x00000040   Zero   RW         5230    .bss                nrf_log_backend_uart.o
    0x20000f4c        -       0x000000c0   Zero   RW         5382    .bss                nrf_log_frontend.o
    0x2000100c        -       0x00000080   Zero   RW         5383    .bss                nrf_log_frontend.o
    0x2000108c        -       0x00000018   Zero   RW         5384    .bss                nrf_log_frontend.o
    0x200010a4        -       0x00000420   Zero   RW         5385    .bss                nrf_log_frontend.o
    0x200014c4        -       0x00000288   Zero   RW         5734    .bss                segger_rtt.o
    0x2000174c   COMPRESSED   0x00000004   PAD
    0x20001750        -       0x00002000   Zero   RW         6055    STACK               arm_startup_nrf52840.o


==============================================================================

Image component sizes


      Code (inc. data)   RO Data    RW Data    ZI Data      Debug   Object Name

       800        190         73         72         32      18219   app_button.o
       100          4          0          0         32       3458   app_error.o
        26          0          0          0          0        560   app_error_handler_keil.o
       296        128          0          0          0       1646   app_error_weak.o
      1464        404         66         72         88      18218   app_timer2.o
       246        142          0          4          0       9592   app_util_platform.o
        36          8        512          0       8192        924   arm_startup_nrf52840.o
       752        280          8          0          0      13152   boards.o
       898         80        151        136         12      13994   bsp.o
       220        134        129          8          0      23321   bsp_cli.o
      1422        580          6         12          0      49843   drv_rtc.o
        52         14          0          0          0        608   hardfault_handler_keil.o
       552        280       1319        112          0      33890   hardfault_implementation.o
      3380       1084        736        132       1920     145911   main.o
        20          0          0          0          0       2986   nrf_assert.o
       326          0          0          0          0       5859   nrf_atfifo.o
       328          0          0          0          0       9883   nrf_atomic.o
       816        340        288          4          0      20724   nrf_balloc.o
     11008       2286       1142         20          0      79052   nrf_cli.o
      1014        298         37          8          0      21029   nrf_cli_uart.o
       698        290         14          8         20      15264   nrf_drv_clock.o
        76         10          1          1          0      13890   nrf_drv_power.o
       292         86          0         20          0       6740   nrf_drv_uart.o
       216        106          0          0          0       2001   nrf_fprintf.o
       988         62         16          0          0       6530   nrf_fprintf_format.o
       108         18         18          1         64       4722   nrf_log_backend_rtt.o
       200          0          0          0          0      10885   nrf_log_backend_serial.o
       242         52        114         24         64       9202   nrf_log_backend_uart.o
         0          0         65         16          0       2569   nrf_log_default_backends.o
      3584        766       1126         80       1400      62509   nrf_log_frontend.o
       570        108         72         64          0       5588   nrf_log_str_formatter.o
       600        184          0          0          0       8023   nrf_memobj.o
         0          0          0          0          0       1472   nrf_nvic.o
         2          0         17          8          0       5905   nrf_pwr_mgmt.o
      1228        490        227          4          0      17685   nrf_queue.o
       926        258          0          0          0       7562   nrf_ringbuf.o
       416        258         17          8          0       4350   nrf_sortlist.o
        76         10       1259          0          0       2695   nrf_strerror.o
       236          0          0          0          0       3488   nrfx_atomic.o
       554        264         14         20          0      48285   nrfx_clock.o
      1720        344         23          8        108      66612   nrfx_gpiote.o
       614        198          0         16          0      16672   nrfx_power.o
       328        196         12         16          0       4623   nrfx_prs.o
      2080        320         17          8         44      35362   nrfx_uart.o
      2124        324         18          8         36      29744   nrfx_uarte.o
      6638       1792        219         24        568     145084   nrfx_usbd.o
       270          6          0          0        648       7796   segger_rtt.o
       500         66          0          4          0      31377   system_nrf52.o

    ----------------------------------------------------------------------
     49110      12460       7864        928      13232    1049504   Object Totals
         0          0         32          0          0          0   (incl. Generated)
        68          0        116         10          4          0   (incl. Padding)

    ----------------------------------------------------------------------

      Code (inc. data)   RO Data    RW Data    ZI Data      Debug   Library Member Name

        56          8          0          0          0         84   __0sscanf.o
        86          0          0          0          0          0   __dczerorl2.o
        28          0          0          0          0         68   _chval.o
       812          4          0          0          0        112   _scanf.o
       332          0          0          0          0         96   _scanf_int.o
        64          0          0          0          0         84   _sgetc.o
         8          4        133          0          0         68   ctype_o.o
         0          0          0          0          0          0   entry.o
         0          0          0          0          0          0   entry10a.o
         0          0          0          0          0          0   entry11a.o
         8          4          0          0          0          0   entry2.o
         4          0          0          0          0          0   entry5.o
         0          0          0          0          0          0   entry7b.o
         0          0          0          0          0          0   entry8b.o
         8          4          0          0          0          0   entry9a.o
        30          0          0          0          0          0   handlers.o
        36          8          0          0          0         68   init.o
        18          0          0          0          0         76   isspace_o.o
        30          0          0          0          0         68   llshl.o
        32          0          0          0          0         68   llushr.o
        64          0          0          0          0         76   memmovea.o
        36          0          0          0          0        108   memseta.o
       156          0          0          0          0         88   qsort.o
        40          8          0          0          0         84   scanf_char.o
        28          0          0          0          0         76   strcmp.o
        18          0          0          0          0         68   strcpy.o
        14          0          0          0          0         68   strlen.o
        30          0          0          0          0         80   strncmp.o
        98          0          0          0          0         92   uldiv.o

    ----------------------------------------------------------------------
      2038         40        136          0          0       1532   Library Totals
         2          0          3          0          0          0   (incl. Padding)

    ----------------------------------------------------------------------

      Code (inc. data)   RO Data    RW Data    ZI Data      Debug   Library Name

      2036         40        133          0          0       1532   mc_w.l

    ----------------------------------------------------------------------
      2038         40        136          0          0       1532   Library Totals

    ----------------------------------------------------------------------

==============================================================================


      Code (inc. data)   RO Data    RW Data    ZI Data      Debug   

     51148      12500       8000        928      13232    1002392   Grand Totals
     51148      12500       8000        192      13232    1002392   ELF Image Totals (compressed)
     51148      12500       8000        192          0          0   ROM Totals

==============================================================================

    Total RO  Size (Code + RO Data)                59148 (  57.76kB)
    Total RW  Size (RW Data + ZI Data)             14160 (  13.83kB)
    Total ROM Size (Code + RO Data + RW Data)      59340 (  57.95kB)

==============================================================================

